Component: ARM Compiler 5.06 update 6 (build 750) Tool: armlink [4d35ed]

==============================================================================

Section Cross References

    startup_stm32f103xb.o(STACK) refers (Special) to heapauxi.o(.text) for __use_two_region_memory
    startup_stm32f103xb.o(HEAP) refers (Special) to heapauxi.o(.text) for __use_two_region_memory
    startup_stm32f103xb.o(RESET) refers (Special) to heapauxi.o(.text) for __use_two_region_memory
    startup_stm32f103xb.o(RESET) refers to startup_stm32f103xb.o(STACK) for __initial_sp
    startup_stm32f103xb.o(RESET) refers to startup_stm32f103xb.o(.text) for Reset_Handler
    startup_stm32f103xb.o(RESET) refers to stm32f1xx_it.o(i.NMI_Handler) for NMI_Handler
    startup_stm32f103xb.o(RESET) refers to stm32f1xx_it.o(i.HardFault_Handler) for HardFault_Handler
    startup_stm32f103xb.o(RESET) refers to stm32f1xx_it.o(i.MemManage_Handler) for MemManage_Handler
    startup_stm32f103xb.o(RESET) refers to stm32f1xx_it.o(i.BusFault_Handler) for BusFault_Handler
    startup_stm32f103xb.o(RESET) refers to stm32f1xx_it.o(i.UsageFault_Handler) for UsageFault_Handler
    startup_stm32f103xb.o(RESET) refers to port.o(.emb_text) for SVC_Handler
    startup_stm32f103xb.o(RESET) refers to stm32f1xx_it.o(i.DebugMon_Handler) for DebugMon_Handler
    startup_stm32f103xb.o(RESET) refers to cmsis_os2.o(i.SysTick_Handler) for SysTick_Handler
    startup_stm32f103xb.o(RESET) refers to stm32f1xx_it.o(i.DMA1_Channel2_IRQHandler) for DMA1_Channel2_IRQHandler
    startup_stm32f103xb.o(RESET) refers to stm32f1xx_it.o(i.DMA1_Channel3_IRQHandler) for DMA1_Channel3_IRQHandler
    startup_stm32f103xb.o(RESET) refers to stm32f1xx_it.o(i.DMA1_Channel4_IRQHandler) for DMA1_Channel4_IRQHandler
    startup_stm32f103xb.o(RESET) refers to stm32f1xx_it.o(i.DMA1_Channel5_IRQHandler) for DMA1_Channel5_IRQHandler
    startup_stm32f103xb.o(RESET) refers to stm32f1xx_it.o(i.DMA1_Channel6_IRQHandler) for DMA1_Channel6_IRQHandler
    startup_stm32f103xb.o(RESET) refers to stm32f1xx_it.o(i.DMA1_Channel7_IRQHandler) for DMA1_Channel7_IRQHandler
    startup_stm32f103xb.o(RESET) refers to stm32f1xx_it.o(i.TIM4_IRQHandler) for TIM4_IRQHandler
    startup_stm32f103xb.o(RESET) refers to stm32f1xx_it.o(i.SPI1_IRQHandler) for SPI1_IRQHandler
    startup_stm32f103xb.o(RESET) refers to stm32f1xx_it.o(i.USART1_IRQHandler) for USART1_IRQHandler
    startup_stm32f103xb.o(RESET) refers to stm32f1xx_it.o(i.USART2_IRQHandler) for USART2_IRQHandler
    startup_stm32f103xb.o(.text) refers (Special) to heapauxi.o(.text) for __use_two_region_memory
    startup_stm32f103xb.o(.text) refers to system_stm32f1xx.o(i.SystemInit) for SystemInit
    startup_stm32f103xb.o(.text) refers to __main.o(!!!main) for __main
    startup_stm32f103xb.o(.text) refers to startup_stm32f103xb.o(HEAP) for Heap_Mem
    startup_stm32f103xb.o(.text) refers to startup_stm32f103xb.o(STACK) for Stack_Mem
    main.o(i.HAL_TIM_PeriodElapsedCallback) refers to stm32f1xx_hal.o(i.HAL_IncTick) for HAL_IncTick
    main.o(i.SystemClock_Config) refers to rt_memclr_w.o(.text) for __aeabi_memclr4
    main.o(i.SystemClock_Config) refers to stm32f1xx_hal_rcc.o(i.HAL_RCC_OscConfig) for HAL_RCC_OscConfig
    main.o(i.SystemClock_Config) refers to stm32f1xx_hal_rcc.o(i.HAL_RCC_ClockConfig) for HAL_RCC_ClockConfig
    main.o(i.SystemClock_Config) refers to stm32f1xx_hal_rcc.o(i.HAL_RCC_EnableCSS) for HAL_RCC_EnableCSS
    main.o(i.main) refers to stm32f1xx_hal.o(i.HAL_Init) for HAL_Init
    main.o(i.main) refers to main.o(i.SystemClock_Config) for SystemClock_Config
    main.o(i.main) refers to gpio.o(i.MX_GPIO_Init) for MX_GPIO_Init
    main.o(i.main) refers to dma.o(i.MX_DMA_Init) for MX_DMA_Init
    main.o(i.main) refers to spi.o(i.MX_SPI1_Init) for MX_SPI1_Init
    main.o(i.main) refers to usart.o(i.MX_USART1_UART_Init) for MX_USART1_UART_Init
    main.o(i.main) refers to usart.o(i.MX_USART2_UART_Init) for MX_USART2_UART_Init
    main.o(i.main) refers to cmsis_os2.o(i.osKernelInitialize) for osKernelInitialize
    main.o(i.main) refers to freertos.o(i.MX_FREERTOS_Init) for MX_FREERTOS_Init
    main.o(i.main) refers to cmsis_os2.o(i.osKernelStart) for osKernelStart
    gpio.o(i.MX_GPIO_Init) refers to stm32f1xx_hal_gpio.o(i.HAL_GPIO_WritePin) for HAL_GPIO_WritePin
    gpio.o(i.MX_GPIO_Init) refers to stm32f1xx_hal_gpio.o(i.HAL_GPIO_Init) for HAL_GPIO_Init
    freertos.o(i.MX_FREERTOS_Init) refers to cmsis_os2.o(i.osThreadNew) for osThreadNew
    freertos.o(i.MX_FREERTOS_Init) refers to freertos.o(.constdata) for .constdata
    freertos.o(i.MX_FREERTOS_Init) refers to freertos.o(i.StartDefaultTask) for StartDefaultTask
    freertos.o(i.MX_FREERTOS_Init) refers to freertos.o(.data) for .data
    freertos.o(i.MX_FREERTOS_Init) refers to freertos.o(i.RunLedTask) for RunLedTask
    freertos.o(i.RunLedTask) refers to stm32f1xx_hal_gpio.o(i.HAL_GPIO_WritePin) for HAL_GPIO_WritePin
[...]
    .ARM.Collect$$libshutdown$$00000000      0x08000164   Section        2  libshutdown.o(.ARM.Collect$$libshutdown$$00000000)
    .ARM.Collect$$libshutdown$$00000002      0x08000166   Section        0  libshutdown2.o(.ARM.Collect$$libshutdown$$00000002)
    .ARM.Collect$$libshutdown$$00000004      0x08000166   Section        0  libshutdown2.o(.ARM.Collect$$libshutdown$$00000004)
    .ARM.Collect$$libshutdown$$00000007      0x08000166   Section        0  libshutdown2.o(.ARM.Collect$$libshutdown$$00000007)
    .ARM.Collect$$libshutdown$$0000000A      0x08000166   Section        0  libshutdown2.o(.ARM.Collect$$libshutdown$$0000000A)
    .ARM.Collect$$libshutdown$$0000000C      0x08000166   Section        0  libshutdown2.o(.ARM.Collect$$libshutdown$$0000000C)
    .ARM.Collect$$libshutdown$$0000000F      0x08000166   Section        0  libshutdown2.o(.ARM.Collect$$libshutdown$$0000000F)
    .ARM.Collect$$libshutdown$$00000010      0x08000166   Section        2  libshutdown2.o(.ARM.Collect$$libshutdown$$00000010)
    .ARM.Collect$$rtentry$$00000000          0x08000168   Section        0  __rtentry.o(.ARM.Collect$$rtentry$$00000000)
    .ARM.Collect$$rtentry$$00000002          0x08000168   Section        0  __rtentry2.o(.ARM.Collect$$rtentry$$00000002)
    .ARM.Collect$$rtentry$$00000004          0x08000168   Section        6  __rtentry4.o(.ARM.Collect$$rtentry$$00000004)
    .ARM.Collect$$rtentry$$00000009          0x0800016e   Section        0  __rtentry2.o(.ARM.Collect$$rtentry$$00000009)
    .ARM.Collect$$rtentry$$0000000A          0x0800016e   Section        4  __rtentry2.o(.ARM.Collect$$rtentry$$0000000A)
    .ARM.Collect$$rtentry$$0000000C          0x08000172   Section        0  __rtentry2.o(.ARM.Collect$$rtentry$$0000000C)
    .ARM.Collect$$rtentry$$0000000D          0x08000172   Section        8  __rtentry2.o(.ARM.Collect$$rtentry$$0000000D)
    .ARM.Collect$$rtexit$$00000000           0x0800017a   Section        2  rtexit.o(.ARM.Collect$$rtexit$$00000000)
    .ARM.Collect$$rtexit$$00000002           0x0800017c   Section        0  rtexit2.o(.ARM.Collect$$rtexit$$00000002)
    .ARM.Collect$$rtexit$$00000003           0x0800017c   Section        4  rtexit2.o(.ARM.Collect$$rtexit$$00000003)
    .ARM.Collect$$rtexit$$00000004           0x08000180   Section        6  rtexit2.o(.ARM.Collect$$rtexit$$00000004)
    .emb_text                                0x08000188   Section      150  port.o(.emb_text)
    .text                                    0x08000220   Section       64  startup_stm32f103xb.o(.text)
    .text                                    0x08000260   Section      138  rt_memcpy_v6.o(.text)
    .text                                    0x080002ea   Section       16  aeabi_memset.o(.text)
    .text                                    0x080002fa   Section       78  rt_memclr_w.o(.text)
    .text                                    0x08000348   Section        0  heapauxi.o(.text)
    .text                                    0x0800034e   Section      100  rt_memcpy_w.o(.text)
    .text                                    0x080003b2   Section       68  rt_memclr.o(.text)
    .text                                    0x080003f6   Section       74  sys_stackheap_outer.o(.text)
    .text                                    0x08000440   Section        0  exit.o(.text)
    .text                                    0x08000454   Section        8  libspace.o(.text)
    .text                                    0x0800045c   Section        0  sys_exit.o(.text)
    .text                                    0x08000468   Section        2  use_no_semi.o(.text)
    .text                                    0x0800046a   Section        0  indicate_semi.o(.text)
    i.BusFault_Handler                       0x0800046a   Section        0  stm32f1xx_it.o(i.BusFault_Handler)
    i.DMA1_Channel2_IRQHandler               0x0800046c   Section        0  stm32f1xx_it.o(i.DMA1_Channel2_IRQHandler)
    i.DMA1_Channel3_IRQHandler               0x08000478   Section        0  stm32f1xx_it.o(i.DMA1_Channel3_IRQHandler)
    i.DMA1_Channel4_IRQHandler               0x08000484   Section        0  stm32f1xx_it.o(i.DMA1_Channel4_IRQHandler)
    i.DMA1_Channel5_IRQHandler               0x08000490   Section        0  stm32f1xx_it.o(i.DMA1_Channel5_IRQHandler)
    i.DMA1_Channel6_IRQHandler               0x0800049c   Section        0  stm32f1xx_it.o(i.DMA1_Channel6_IRQHandler)
    i.DMA1_Channel7_IRQHandler               0x080004a8   Section        0  stm32f1xx_it.o(i.DMA1_Channel7_IRQHandler)
    i.DebugMon_Handler                       0x080004b4   Section        0  stm32f1xx_it.o(i.DebugMon_Handler)
    i.Error_Handler                          0x080004b6   Section        0  main.o(i.Error_Handler)
    i.HAL_DMA_Abort                          0x080004ba   Section        0  stm32f1xx_hal_dma.o(i.HAL_DMA_Abort)
    i.HAL_DMA_Abort_IT                       0x08000500   Section        0  stm32f1xx_hal_dma.o(i.HAL_DMA_Abort_IT)
    i.HAL_DMA_IRQHandler                     0x08000598   Section        0  stm32f1xx_hal_dma.o(i.HAL_DMA_IRQHandler)
    i.HAL_DMA_Init                           0x080006ec   Section        0  stm32f1xx_hal_dma.o(i.HAL_DMA_Init)
    i.HAL_GPIO_Init                          0x08000748   Section        0  stm32f1xx_hal_gpio.o(i.HAL_GPIO_Init)
    i.HAL_GPIO_WritePin                      0x08000928   Section        0  stm32f1xx_hal_gpio.o(i.HAL_GPIO_WritePin)
    i.HAL_GetTick                            0x08000934   Section        0  stm32f1xx_hal.o(i.HAL_GetTick)
    i.HAL_IncTick                            0x08000940   Section        0  stm32f1xx_hal.o(i.HAL_IncTick)
    i.HAL_Init                               0x08000950   Section        0  stm32f1xx_hal.o(i.HAL_Init)
    i.HAL_InitTick                           0x08000974   Section        0  stm32f1xx_hal_timebase_tim.o(i.HAL_InitTick)
    i.HAL_MspInit                            0x08000a0c   Section        0  stm32f1xx_hal_msp.o(i.HAL_MspInit)
    i.HAL_NVIC_EnableIRQ                     0x08000a54   Section        0  stm32f1xx_hal_cortex.o(i.HAL_NVIC_EnableIRQ)
    i.HAL_NVIC_SetPriority                   0x08000a70   Section        0  stm32f1xx_hal_cortex.o(i.HAL_NVIC_SetPriority)
    i.HAL_NVIC_SetPriorityGrouping           0x08000ab0   Section        0  stm32f1xx_hal_cortex.o(i.HAL_NVIC_SetPriorityGrouping)
    i.HAL_RCC_CSSCallback                    0x08000ad4   Section        0  stm32f1xx_hal_rcc.o(i.HAL_RCC_CSSCallback)
    i.HAL_RCC_ClockConfig                    0x08000ad8   Section        0  stm32f1xx_hal_rcc.o(i.HAL_RCC_ClockConfig)
    i.HAL_RCC_EnableCSS                      0x08000c04   Section        0  stm32f1xx_hal_rcc.o(i.HAL_RCC_EnableCSS)
    i.HAL_RCC_GetClockConfig                 0x08000c10   Section        0  stm32f1xx_hal_rcc.o(i.HAL_RCC_GetClockConfig)
    i.HAL_RCC_GetPCLK1Freq                   0x08000c50   Section        0  stm32f1xx_hal_rcc.o(i.HAL_RCC_GetPCLK1Freq)
    i.HAL_RCC_GetPCLK2Freq                   0x08000c70   Section        0  stm32f1xx_hal_rcc.o(i.HAL_RCC_GetPCLK2Freq)
    i.HAL_RCC_GetSysClockFreq                0x08000c90   Section        0  stm32f1xx_hal_rcc.o(i.HAL_RCC_GetSysClockFreq)
    i.HAL_RCC_NMI_IRQHandler                 0x08000cdc   Section        0  stm32f1xx_hal_rcc.o(i.HAL_RCC_NMI_IRQHandler)
    i.HAL_RCC_OscConfig                      0x08000cf4   Section        0  stm32f1xx_hal_rcc.o(i.HAL_RCC_OscConfig)
    i.HAL_SPI_ErrorCallback                  0x08001014   Section        0  stm32f1xx_hal_spi.o(i.HAL_SPI_ErrorCallback)
    i.HAL_SPI_IRQHandler                     0x08001018   Section        0  stm32f1xx_hal_spi.o(i.HAL_SPI_IRQHandler)
    i.HAL_SPI_Init                           0x080010f8   Section        0  stm32f1xx_hal_spi.o(i.HAL_SPI_Init)
    i.HAL_SPI_MspInit                        0x080011ac   Section        0  spi.o(i.HAL_SPI_MspInit)
    i.HAL_TIMEx_BreakCallback                0x08001290   Section        0  stm32f1xx_hal_tim_ex.o(i.HAL_TIMEx_BreakCallback)
    i.HAL_TIMEx_CommutCallback               0x08001292   Section        0  stm32f1xx_hal_tim_ex.o(i.HAL_TIMEx_CommutCallback)
    i.HAL_TIM_Base_Init                      0x08001294   Section        0  stm32f1xx_hal_tim.o(i.HAL_TIM_Base_Init)
    i.HAL_TIM_Base_MspInit                   0x080012ee   Section        0  stm32f1xx_hal_tim.o(i.HAL_TIM_Base_MspInit)
    i.HAL_TIM_Base_Start_IT                  0x080012f0   Section        0  stm32f1xx_hal_tim.o(i.HAL_TIM_Base_Start_IT)
    i.HAL_TIM_IC_CaptureCallback             0x08001348   Section        0  stm32f1xx_hal_tim.o(i.HAL_TIM_IC_CaptureCallback)
    i.HAL_TIM_IRQHandler                     0x0800134a   Section        0  stm32f1xx_hal_tim.o(i.HAL_TIM_IRQHandler)
    i.HAL_TIM_OC_DelayElapsedCallback        0x0800147a   Section        0  stm32f1xx_hal_tim.o(i.HAL_TIM_OC_DelayElapsedCallback)
    i.HAL_TIM_PWM_PulseFinishedCallback      0x0800147c   Section        0  stm32f1xx_hal_tim.o(i.HAL_TIM_PWM_PulseFinishedCallback)
    i.HAL_TIM_PeriodElapsedCallback          0x08001480   Section        0  main.o(i.HAL_TIM_PeriodElapsedCallback)
    i.HAL_TIM_TriggerCallback                0x08001494   Section        0  stm32f1xx_hal_tim.o(i.HAL_TIM_TriggerCallback)
    i.HAL_UARTEx_RxEventCallback             0x08001496   Section        0  stm32f1xx_hal_uart.o(i.HAL_UARTEx_RxEventCallback)
    i.HAL_UART_ErrorCallback                 0x08001498   Section        0  stm32f1xx_hal_uart.o(i.HAL_UART_ErrorCallback)
    i.HAL_UART_IRQHandler                    0x0800149c   Section        0  stm32f1xx_hal_uart.o(i.HAL_UART_IRQHandler)
    i.HAL_UART_Init                          0x08001708   Section        0  stm32f1xx_hal_uart.o(i.HAL_UART_Init)
    i.HAL_UART_MspInit                       0x0800176c   Section        0  usart.o(i.HAL_UART_MspInit)
    i.HAL_UART_RxCpltCallback                0x08001904   Section        0  stm32f1xx_hal_uart.o(i.HAL_UART_RxCpltCallback)
    i.HAL_UART_TxCpltCallback                0x08001906   Section        0  stm32f1xx_hal_uart.o(i.HAL_UART_TxCpltCallback)
    i.HardFault_Handler                      0x08001908   Section        0  stm32f1xx_it.o(i.HardFault_Handler)
    i.MX_DMA_Init                            0x0800190c   Section        0  dma.o(i.MX_DMA_Init)
    i.MX_FREERTOS_Init                       0x08001988   Section        0  freertos.o(i.MX_FREERTOS_Init)
    i.MX_GPIO_Init                           0x080019b8   Section        0  gpio.o(i.MX_GPIO_Init)
    i.MX_SPI1_Init                           0x08001a50   Section        0  spi.o(i.MX_SPI1_Init)
    i.MX_USART1_UART_Init                    0x08001a98   Section        0  usart.o(i.MX_USART1_UART_Init)
    i.MX_USART2_UART_Init                    0x08001ad0   Section        0  usart.o(i.MX_USART2_UART_Init)
    i.MemManage_Handler                      0x08001b08   Section        0  stm32f1xx_it.o(i.MemManage_Handler)
    i.NMI_Handler                            0x08001b0a   Section        0  stm32f1xx_it.o(i.NMI_Handler)
    i.RunLedTask                             0x08001b10   Section        0  freertos.o(i.RunLedTask)
    i.SPI1_IRQHandler                        0x08001b60   Section        0  stm32f1xx_it.o(i.SPI1_IRQHandler)
    i.SPI_DMAAbortOnError                    0x08001b6c   Section        0  stm32f1xx_hal_spi.o(i.SPI_DMAAbortOnError)
    SPI_DMAAbortOnError                      0x08001b6d   Thumb Code    16  stm32f1xx_hal_spi.o(i.SPI_DMAAbortOnError)
    i.StartDefaultTask                       0x08001b7c   Section        0  freertos.o(i.StartDefaultTask)
    i.SysTick_Handler                        0x08001b84   Section        0  cmsis_os2.o(i.SysTick_Handler)
    i.SystemClock_Config                     0x08001b9e   Section        0  main.o(i.SystemClock_Config)
    i.SystemInit                             0x08001bfe   Section        0  system_stm32f1xx.o(i.SystemInit)
    i.TIM4_IRQHandler                        0x08001c00   Section        0  stm32f1xx_it.o(i.TIM4_IRQHandler)
    i.TIM_Base_SetConfig                     0x08001c0c   Section        0  stm32f1xx_hal_tim.o(i.TIM_Base_SetConfig)
    i.UART_DMAAbortOnError                   0x08001c84   Section        0  stm32f1xx_hal_uart.o(i.UART_DMAAbortOnError)
    UART_DMAAbortOnError                     0x08001c85   Thumb Code    16  stm32f1xx_hal_uart.o(i.UART_DMAAbortOnError)
    i.UART_EndRxTransfer                     0x08001c94   Section        0  stm32f1xx_hal_uart.o(i.UART_EndRxTransfer)
    UART_EndRxTransfer                       0x08001c95   Thumb Code    78  stm32f1xx_hal_uart.o(i.UART_EndRxTransfer)
    i.UART_Receive_IT                        0x08001ce2   Section        0  stm32f1xx_hal_uart.o(i.UART_Receive_IT)
    UART_Receive_IT                          0x08001ce3   Thumb Code   194  stm32f1xx_hal_uart.o(i.UART_Receive_IT)
    i.UART_SetConfig                         0x08001da4   Section        0  stm32f1xx_hal_uart.o(i.UART_SetConfig)
    UART_SetConfig                           0x08001da5   Thumb Code   178  stm32f1xx_hal_uart.o(i.UART_SetConfig)
    i.USART1_IRQHandler                      0x08001e5c   Section        0  stm32f1xx_it.o(i.USART1_IRQHandler)
    i.USART2_IRQHandler                      0x08001e68   Section        0  stm32f1xx_it.o(i.USART2_IRQHandler)
    i.UsageFault_Handler                     0x08001e74   Section        0  stm32f1xx_it.o(i.UsageFault_Handler)
    i.__NVIC_SetPriority                     0x08001e76   Section        0  stm32f1xx_hal_cortex.o(i.__NVIC_SetPriority)
    __NVIC_SetPriority                       0x08001e77   Thumb Code    32  stm32f1xx_hal_cortex.o(i.__NVIC_SetPriority)
    i.main                                   0x08001e96   Section        0  main.o(i.main)
    i.osDelay                                0x08001ec0   Section        0  cmsis_os2.o(i.osDelay)
    i.osKernelInitialize                     0x08001edc   Section        0  cmsis_os2.o(i.osKernelInitialize)
    i.osKernelStart                          0x08001f00   Section        0  cmsis_os2.o(i.osKernelStart)
    i.osThreadNew                            0x08001f38   Section        0  cmsis_os2.o(i.osThreadNew)
    i.prvAddCurrentTaskToDelayedList         0x08001fc4   Section        0  tasks.o(i.prvAddCurrentTaskToDelayedList)
    prvAddCurrentTaskToDelayedList           0x08001fc5   Thumb Code    84  tasks.o(i.prvAddCurrentTaskToDelayedList)
    i.prvAddNewTaskToReadyList               0x08002020   Section        0  tasks.o(i.prvAddNewTaskToReadyList)
    prvAddNewTaskToReadyList                 0x08002021   Thumb Code   190  tasks.o(i.prvAddNewTaskToReadyList)
    i.prvCheckForValidListAndQueue           0x080020f0   Section        0  timers.o(i.prvCheckForValidListAndQueue)
    prvCheckForValidListAndQueue             0x080020f1   Thumb Code    72  timers.o(i.prvCheckForValidListAndQueue)
    i.prvCopyDataFromQueue                   0x08002148   Section        0  queue.o(i.prvCopyDataFromQueue)
    prvCopyDataFromQueue                     0x08002149   Thumb Code    38  queue.o(i.prvCopyDataFromQueue)
    i.prvCopyDataToQueue                     0x0800216e   Section        0  queue.o(i.prvCopyDataToQueue)
    prvCopyDataToQueue                       0x0800216f   Thumb Code   108  queue.o(i.prvCopyDataToQueue)
    i.prvDeleteTCB                           0x080021da   Section        0  tasks.o(i.prvDeleteTCB)
    prvDeleteTCB                             0x080021db   Thumb Code    52  tasks.o(i.prvDeleteTCB)
    i.prvHeapInit                            0x08002210   Section        0  heap_4.o(i.prvHeapInit)
    prvHeapInit                              0x08002211   Thumb Code    66  heap_4.o(i.prvHeapInit)
    i.prvIdleTask                            0x0800225c   Section        0  tasks.o(i.prvIdleTask)
    prvIdleTask                              0x0800225d   Thumb Code    82  tasks.o(i.prvIdleTask)
    i.prvInitialiseNewQueue                  0x080022bc   Section        0  queue.o(i.prvInitialiseNewQueue)
    prvInitialiseNewQueue                    0x080022bd   Thumb Code    34  queue.o(i.prvInitialiseNewQueue)
    i.prvInitialiseNewTask                   0x080022e0   Section        0  tasks.o(i.prvInitialiseNewTask)
    prvInitialiseNewTask                     0x080022e1   Thumb Code   176  tasks.o(i.prvInitialiseNewTask)
    i.prvInsertBlockIntoFreeList             0x08002390   Section        0  heap_4.o(i.prvInsertBlockIntoFreeList)
    prvInsertBlockIntoFreeList               0x08002391   Thumb Code    72  heap_4.o(i.prvInsertBlockIntoFreeList)
    i.prvInsertTimerInActiveList             0x080023dc   Section        0  timers.o(i.prvInsertTimerInActiveList)
    prvInsertTimerInActiveList               0x080023dd   Thumb Code    52  timers.o(i.prvInsertTimerInActiveList)
    i.prvIsQueueEmpty                        0x08002414   Section        0  queue.o(i.prvIsQueueEmpty)
    prvIsQueueEmpty                          0x08002415   Thumb Code    28  queue.o(i.prvIsQueueEmpty)
    i.prvProcessReceivedCommands             0x08002430   Section        0  timers.o(i.prvProcessReceivedCommands)
    prvProcessReceivedCommands               0x08002431   Thumb Code   248  timers.o(i.prvProcessReceivedCommands)
    i.prvProcessTimerOrBlockTask             0x0800252c   Section        0  timers.o(i.prvProcessTimerOrBlockTask)
    prvProcessTimerOrBlockTask               0x0800252d   Thumb Code   182  timers.o(i.prvProcessTimerOrBlockTask)
    i.prvResetNextTaskUnblockTime            0x080025ec   Section        0  tasks.o(i.prvResetNextTaskUnblockTime)
    prvResetNextTaskUnblockTime              0x080025ed   Thumb Code    26  tasks.o(i.prvResetNextTaskUnblockTime)
    i.prvSampleTimeNow                       0x0800260c   Section        0  timers.o(i.prvSampleTimeNow)
    prvSampleTimeNow                         0x0800260d   Thumb Code    36  timers.o(i.prvSampleTimeNow)
    i.prvSwitchTimerLists                    0x08002634   Section        0  timers.o(i.prvSwitchTimerLists)
    prvSwitchTimerLists                      0x08002635   Thumb Code   104  timers.o(i.prvSwitchTimerLists)
    i.prvTaskExitError                       0x080026a0   Section        0  port.o(i.prvTaskExitError)
    prvTaskExitError                         0x080026a1   Thumb Code    36  port.o(i.prvTaskExitError)
    i.prvTimerTask                           0x080026c8   Section        0  timers.o(i.prvTimerTask)
    prvTimerTask                             0x080026c9   Thumb Code    32  timers.o(i.prvTimerTask)
    i.prvUnlockQueue                         0x080026ec   Section        0  queue.o(i.prvUnlockQueue)
    prvUnlockQueue                           0x080026ed   Thumb Code   106  queue.o(i.prvUnlockQueue)
    i.pvPortMalloc                           0x08002758   Section        0  heap_4.o(i.pvPortMalloc)
    i.pxPortInitialiseStack                  0x08002834   Section        0  port.o(i.pxPortInitialiseStack)
    i.uxListRemove                           0x08002858   Section        0  list.o(i.uxListRemove)
    i.vApplicationGetIdleTaskMemory          0x08002880   Section        0  cmsis_os2.o(i.vApplicationGetIdleTaskMemory)
    i.vApplicationGetTimerTaskMemory         0x08002894   Section        0  cmsis_os2.o(i.vApplicationGetTimerTaskMemory)
    i.vListInitialise                        0x080028ac   Section        0  list.o(i.vListInitialise)
    i.vListInitialiseItem                    0x080028c2   Section        0  list.o(i.vListInitialiseItem)
    i.vListInsert                            0x080028c8   Section        0  list.o(i.vListInsert)
    i.vListInsertEnd                         0x080028f8   Section        0  list.o(i.vListInsertEnd)
    i.vPortEnterCritical                     0x08002910   Section        0  port.o(i.vPortEnterCritical)
    i.vPortExitCritical                      0x08002950   Section        0  port.o(i.vPortExitCritical)
    i.vPortFree                              0x08002978   Section        0  heap_4.o(i.vPortFree)
    i.vPortSetupTimerInterrupt               0x080029dc   Section        0  port.o(i.vPortSetupTimerInterrupt)
    i.vPortValidateInterruptPriority         0x08002a00   Section        0  port.o(i.vPortValidateInterruptPriority)
    i.vQueueAddToRegistry                    0x08002a54   Section        0  queue.o(i.vQueueAddToRegistry)
    i.vQueueWaitForMessageRestricted         0x08002a7c   Section        0  queue.o(i.vQueueWaitForMessageRestricted)
    i.vTaskDelay                             0x08002ac0   Section        0  tasks.o(i.vTaskDelay)
    i.vTaskInternalSetTimeOutState           0x08002b0c   Section        0  tasks.o(i.vTaskInternalSetTimeOutState)
    i.vTaskMissedYield                       0x08002b1c   Section        0  tasks.o(i.vTaskMissedYield)
    i.vTaskPlaceOnEventList                  0x08002b28   Section        0  tasks.o(i.vTaskPlaceOnEventList)
    i.vTaskPlaceOnEventListRestricted        0x08002b58   Section        0  tasks.o(i.vTaskPlaceOnEventListRestricted)
    i.vTaskStartScheduler                    0x08002b90   Section        0  tasks.o(i.vTaskStartScheduler)
    i.vTaskSuspendAll                        0x08002c18   Section        0  tasks.o(i.vTaskSuspendAll)
    i.vTaskSwitchContext                     0x08002c28   Section        0  tasks.o(i.vTaskSwitchContext)
    i.xPortStartScheduler                    0x08002c8c   Section        0  port.o(i.xPortStartScheduler)
    i.xPortSysTickHandler                    0x08002d34   Section        0  port.o(i.xPortSysTickHandler)
    i.xQueueGenericCreateStatic              0x08002d60   Section        0  queue.o(i.xQueueGenericCreateStatic)
    i.xQueueGenericReset                     0x08002dc8   Section        0  queue.o(i.xQueueGenericReset)
    i.xQueueGenericSend                      0x08002e50   Section        0  queue.o(i.xQueueGenericSend)
    i.xQueueGenericSendFromISR               0x08002fb0   Section        0  queue.o(i.xQueueGenericSendFromISR)
    i.xQueueReceive                          0x08003070   Section        0  queue.o(i.xQueueReceive)
    i.xTaskCheckForTimeOut                   0x080031a8   Section        0  tasks.o(i.xTaskCheckForTimeOut)
    i.xTaskCreate                            0x0800321c   Section        0  tasks.o(i.xTaskCreate)
    i.xTaskCreateStatic                      0x08003276   Section        0  tasks.o(i.xTaskCreateStatic)
    i.xTaskGetSchedulerState                 0x080032cc   Section        0  tasks.o(i.xTaskGetSchedulerState)
    i.xTaskGetTickCount                      0x080032e8   Section        0  tasks.o(i.xTaskGetTickCount)
    i.xTaskIncrementTick                     0x080032f4   Section        0  tasks.o(i.xTaskIncrementTick)
    i.xTaskPriorityDisinherit                0x080033bc   Section        0  tasks.o(i.xTaskPriorityDisinherit)
    i.xTaskRemoveFromEventList               0x0800343c   Section        0  tasks.o(i.xTaskRemoveFromEventList)
    i.xTaskResumeAll                         0x080034ac   Section        0  tasks.o(i.xTaskResumeAll)
    i.xTimerCreateTimerTask                  0x08003570   Section        0  timers.o(i.xTimerCreateTimerTask)
    i.xTimerGenericCommand                   0x080035d0   Section        0  timers.o(i.xTimerGenericCommand)
    .constdata                               0x08003638   Section       72  freertos.o(.constdata)
    .constdata                               0x08003680   Section       18  stm32f1xx_hal_rcc.o(.constdata)
    aPredivFactorTable                       0x08003680   Data           2  stm32f1xx_hal_rcc.o(.constdata)
    aPLLMULFactorTable                       0x08003682   Data          16  stm32f1xx_hal_rcc.o(.constdata)
    .constdata                               0x08003692   Section       16  system_stm32f1xx.o(.constdata)
    .constdata                               0x080036a2   Section        8  system_stm32f1xx.o(.constdata)
    .conststring                             0x080036ac   Section       24  freertos.o(.conststring)
    .data                                    0x20000000   Section        8  freertos.o(.data)
    .data                                    0x20000008   Section       12  stm32f1xx_hal.o(.data)
    .data                                    0x20000014   Section        4  system_stm32f1xx.o(.data)
    .data                                    0x20000018   Section       60  tasks.o(.data)
    uxDeletedTasksWaitingCleanUp             0x2000001c   Data           4  tasks.o(.data)
    uxCurrentNumberOfTasks                   0x20000020   Data           4  tasks.o(.data)
    xTickCount                               0x20000024   Data           4  tasks.o(.data)
    uxTopReadyPriority                       0x20000028   Data           4  tasks.o(.data)
    xSchedulerRunning                        0x2000002c   Data           4  tasks.o(.data)
    xPendedTicks                             0x20000030   Data           4  tasks.o(.data)
    xYieldPending                            0x20000034   Data           4  tasks.o(.data)
    xNumOfOverflows                          0x20000038   Data           4  tasks.o(.data)
    uxTaskNumber                             0x2000003c   Data           4  tasks.o(.data)
    xNextTaskUnblockTime                     0x20000040   Data           4  tasks.o(.data)
    xIdleTaskHandle                          0x20000044   Data           4  tasks.o(.data)
    uxSchedulerSuspended                     0x20000048   Data           4  tasks.o(.data)
    pxDelayedTaskList                        0x2000004c   Data           4  tasks.o(.data)
    pxOverflowDelayedTaskList                0x20000050   Data           4  tasks.o(.data)
    .data                                    0x20000054   Section       20  timers.o(.data)
    xTimerQueue                              0x20000054   Data           4  timers.o(.data)
    xTimerTaskHandle                         0x20000058   Data           4  timers.o(.data)
    xLastTime                                0x2000005c   Data           4  timers.o(.data)
    pxCurrentTimerList                       0x20000060   Data           4  timers.o(.data)
    pxOverflowTimerList                      0x20000064   Data           4  timers.o(.data)
    .data                                    0x20000068   Section        4  cmsis_os2.o(.data)
    KernelState                              0x20000068   Data           4  cmsis_os2.o(.data)
    .data                                    0x2000006c   Section       32  heap_4.o(.data)
    pxEnd                                    0x2000006c   Data           4  heap_4.o(.data)
    xFreeBytesRemaining                      0x20000070   Data           4  heap_4.o(.data)
    xMinimumEverFreeBytesRemaining           0x20000074   Data           4  heap_4.o(.data)
    xNumberOfSuccessfulAllocations           0x20000078   Data           4  heap_4.o(.data)
    xNumberOfSuccessfulFrees                 0x2000007c   Data           4  heap_4.o(.data)
    xBlockAllocatedBit                       0x20000080   Data           4  heap_4.o(.data)
    xStart                                   0x20000084   Data           8  heap_4.o(.data)
    .data                                    0x2000008c   Section       12  port.o(.data)
    ucMaxSysCallPriority                     0x2000008c   Data           1  port.o(.data)
    uxCriticalNesting                        0x20000090   Data           4  port.o(.data)
    ulMaxPRIGROUPValue                       0x20000094   Data           4  port.o(.data)
    .bss                                     0x20000098   Section      224  spi.o(.bss)
    .bss                                     0x20000178   Section      416  usart.o(.bss)
    .bss                                     0x20000318   Section       72  stm32f1xx_hal_timebase_tim.o(.bss)
    .bss                                     0x20000360   Section       64  queue.o(.bss)
    .bss                                     0x200003a0   Section     1220  tasks.o(.bss)
    pxReadyTasksLists                        0x200003a0   Data        1120  tasks.o(.bss)
    xDelayedTaskList1                        0x20000800   Data          20  tasks.o(.bss)
    xDelayedTaskList2                        0x20000814   Data          20  tasks.o(.bss)
    xPendingReadyList                        0x20000828   Data          20  tasks.o(.bss)
    xTasksWaitingTermination                 0x2000083c   Data          20  tasks.o(.bss)
    xSuspendedTaskList                       0x20000850   Data          20  tasks.o(.bss)
    .bss                                     0x20000864   Section      280  timers.o(.bss)
    xStaticTimerQueue                        0x20000864   Data          80  timers.o(.bss)
    ucStaticTimerQueueStorage                0x200008b4   Data         160  timers.o(.bss)
    xActiveTimerList1                        0x20000954   Data          20  timers.o(.bss)
    xActiveTimerList2                        0x20000968   Data          20  timers.o(.bss)
    .bss                                     0x2000097c   Section     1720  cmsis_os2.o(.bss)
    Idle_TCB                                 0x2000097c   Data          92  cmsis_os2.o(.bss)
    Idle_Stack                               0x200009d8   Data         512  cmsis_os2.o(.bss)
    Timer_TCB                                0x20000bd8   Data          92  cmsis_os2.o(.bss)
    Timer_Stack                              0x20000c34   Data        1024  cmsis_os2.o(.bss)
    .bss                                     0x20001034   Section     3072  heap_4.o(.bss)
    ucHeap                                   0x20001034   Data        3072  heap_4.o(.bss)
    .bss                                     0x20001c34   Section       96  libspace.o(.bss)
    HEAP                                     0x20001c98   Section      512  startup_stm32f103xb.o(HEAP)
    Heap_Mem                                 0x20001c98   Data         512  startup_stm32f103xb.o(HEAP)
    STACK                                    0x20001e98   Section     1024  startup_stm32f103xb.o(STACK)
    Stack_Mem                                0x20001e98   Data        1024  startup_stm32f103xb.o(STACK)
    __initial_sp                             0x20002298   Data           0  startup_stm32f103xb.o(STACK)

    Global Symbols

    Symbol Name                              Value     Ov Type        Size  Object(Section)

    BuildAttributes$$THM_ISAv4$P$D$K$B$S$PE$A:L22UL41UL21$X:L11$S22US41US21$IEEE1$IW$USESV6$~STKCKD$USESV7$~SHL$OSPACE$ROPI$EBA8$UX$STANDARDLIB$REQ8$PRES8$EABIv2 0x00000000   Number         0  anon$$obj.o ABSOLUTE
    __ARM_use_no_argv                        0x00000000   Number         0  main.o ABSOLUTE
    __ARM_exceptions_init                     - Undefined Weak Reference
    __alloca_initialize                       - Undefined Weak Reference
    __arm_preinit_                            - Undefined Weak Reference
    __cpp_initialize__aeabi_                  - Undefined Weak Reference
    __cxa_finalize                            - Undefined Weak Reference
    __rt_locale                               - Undefined Weak Reference
    __sigvec_lookup                           - Undefined Weak Reference
    _atexit_init                              - Undefined Weak Reference
    _call_atexit_fns                          - Undefined Weak Reference
    _clock_init                               - Undefined Weak Reference
    _fp_trap_init                             - Undefined Weak Reference
    _fp_trap_shutdown                         - Undefined Weak Reference
    _get_lc_collate                           - Undefined Weak Reference
    _get_lc_ctype                             - Undefined Weak Reference
    _get_lc_monetary                          - Undefined Weak Reference
    _get_lc_numeric                           - Undefined Weak Reference
    _get_lc_time                              - Undefined Weak Reference
    _getenv_init                              - Undefined Weak Reference
    _handle_redirection                       - Undefined Weak Reference
    _init_alloc                               - Undefined Weak Reference
    _init_user_alloc                          - Undefined Weak Reference
    _initio                                   - Undefined Weak Reference
    _rand_init                                - Undefined Weak Reference
    _signal_finish                            - Undefined Weak Reference
    _signal_init                              - Undefined Weak Reference
    _terminate_alloc                          - Undefined Weak Reference
    _terminate_user_alloc                     - Undefined Weak Reference
    _terminateio                              - Undefined Weak Reference
    __Vectors_Size                           0x000000ec   Number         0  startup_stm32f103xb.o ABSOLUTE
    __Vectors                                0x08000000   Data           4  startup_stm32f103xb.o(RESET)
    __Vectors_End                            0x080000ec   Data           0  startup_stm32f103xb.o(RESET)
    __main                                   0x080000ed   Thumb Code     8  __main.o(!!!main)
    __scatterload                            0x080000f5   Thumb Code     0  __scatter.o(!!!scatter)
    __scatterload_rt2                        0x080000f5   Thumb Code    44  __scatter.o(!!!scatter)
    __scatterload_rt2_thumb_only             0x080000f5   Thumb Code     0  __scatter.o(!!!scatter)
    __scatterload_null                       0x08000103   Thumb Code     0  __scatter.o(!!!scatter)
    __scatterload_copy                       0x08000129   Thumb Code    26  __scatter_copy.o(!!handler_copy)
    __scatterload_zeroinit                   0x08000145   Thumb Code    28  __scatter_zi.o(!!handler_zi)
    __rt_lib_init                            0x08000161   Thumb Code     0  libinit.o(.ARM.Collect$$libinit$$00000000)
    __rt_lib_init_alloca_1                   0x08000163   Thumb Code     0  libinit2.o(.ARM.Collect$$libinit$$0000002E)
    __rt_lib_init_argv_1                     0x08000163   Thumb Code     0  libinit2.o(.ARM.Collect$$libinit$$0000002C)
    __rt_lib_init_atexit_1                   0x08000163   Thumb Code     0  libinit2.o(.ARM.Collect$$libinit$$0000001B)
    __rt_lib_init_clock_1                    0x08000163   Thumb Code     0  libinit2.o(.ARM.Collect$$libinit$$00000021)
    __rt_lib_init_cpp_1                      0x08000163   Thumb Code     0  libinit2.o(.ARM.Collect$$libinit$$00000032)
    __rt_lib_init_exceptions_1               0x08000163   Thumb Code     0  libinit2.o(.ARM.Collect$$libinit$$00000030)
    __rt_lib_init_fp_1                       0x08000163   Thumb Code     0  libinit2.o(.ARM.Collect$$libinit$$00000002)
    __rt_lib_init_fp_trap_1                  0x08000163   Thumb Code     0  libinit2.o(.ARM.Collect$$libinit$$0000001F)
    __rt_lib_init_getenv_1                   0x08000163   Thumb Code     0  libinit2.o(.ARM.Collect$$libinit$$00000023)
    __rt_lib_init_heap_1                     0x08000163   Thumb Code     0  libinit2.o(.ARM.Collect$$libinit$$0000000A)
    __rt_lib_init_lc_collate_1               0x08000163   Thumb Code     0  libinit2.o(.ARM.Collect$$libinit$$00000011)
    __rt_lib_init_lc_ctype_1                 0x08000163   Thumb Code     0  libinit2.o(.ARM.Collect$$libinit$$00000013)
    __rt_lib_init_lc_monetary_1              0x08000163   Thumb Code     0  libinit2.o(.ARM.Collect$$libinit$$00000015)
    __rt_lib_init_lc_numeric_1               0x08000163   Thumb Code     0  libinit2.o(.ARM.Collect$$libinit$$00000017)
    __rt_lib_init_lc_time_1                  0x08000163   Thumb Code     0  libinit2.o(.ARM.Collect$$libinit$$00000019)
    __rt_lib_init_preinit_1                  0x08000163   Thumb Code     0  libinit2.o(.ARM.Collect$$libinit$$00000004)
    __rt_lib_init_rand_1                     0x08000163   Thumb Code     0  libinit2.o(.ARM.Collect$$libinit$$0000000E)
    __rt_lib_init_return                     0x08000163   Thumb Code     0  libinit2.o(.ARM.Collect$$libinit$$00000033)
    __rt_lib_init_signal_1                   0x08000163   Thumb Code     0  libinit2.o(.ARM.Collect$$libinit$$0000001D)
    __rt_lib_init_stdio_1                    0x08000163   Thumb Code     0  libinit2.o(.ARM.Collect$$libinit$$00000025)
    __rt_lib_init_user_alloc_1               0x08000163   Thumb Code     0  libinit2.o(.ARM.Collect$$libinit$$0000000C)
    __rt_lib_shutdown                        0x08000165   Thumb Code     0  libshutdown.o(.ARM.Collect$$libshutdown$$00000000)
    __rt_lib_shutdown_cpp_1                  0x08000167   Thumb Code     0  libshutdown2.o(.ARM.Collect$$libshutdown$$00000002)
    __rt_lib_shutdown_fp_trap_1              0x08000167   Thumb Code     0  libshutdown2.o(.ARM.Collect$$libshutdown$$00000007)
    __rt_lib_shutdown_heap_1                 0x08000167   Thumb Code     0  libshutdown2.o(.ARM.Collect$$libshutdown$$0000000F)
    __rt_lib_shutdown_return                 0x08000167   Thumb Code     0  libshutdown2.o(.ARM.Collect$$libshutdown$$00000010)
    __rt_lib_shutdown_signal_1               0x08000167   Thumb Code     0  libshutdown2.o(.ARM.Collect$$libshutdown$$0000000A)
    __rt_lib_shutdown_stdio_1                0x08000167   Thumb Code     0  libshutdown2.o(.ARM.Collect$$libshutdown$$00000004)
    __rt_lib_shutdown_user_alloc_1           0x08000167   Thumb Code     0  libshutdown2.o(.ARM.Collect$$libshutdown$$0000000C)
    __rt_entry                               0x08000169   Thumb Code     0  __rtentry.o(.ARM.Collect$$rtentry$$00000000)
    __rt_entry_presh_1                       0x08000169   Thumb Code     0  __rtentry2.o(.ARM.Collect$$rtentry$$00000002)
    __rt_entry_sh                            0x08000169   Thumb Code     0  __rtentry4.o(.ARM.Collect$$rtentry$$00000004)
    __rt_entry_li                            0x0800016f   Thumb Code     0  __rtentry2.o(.ARM.Collect$$rtentry$$0000000A)
    __rt_entry_postsh_1                      0x0800016f   Thumb Code     0  __rtentry2.o(.ARM.Collect$$rtentry$$00000009)
    __rt_entry_main                          0x08000173   Thumb Code     0  __rtentry2.o(.ARM.Collect$$rtentry$$0000000D)
    __rt_entry_postli_1                      0x08000173   Thumb Code     0  __rtentry2.o(.ARM.Collect$$rtentry$$0000000C)
    __rt_exit                                0x0800017b   Thumb Code     0  rtexit.o(.ARM.Collect$$rtexit$$00000000)
    __rt_exit_ls                             0x0800017d   Thumb Code     0  rtexit2.o(.ARM.Collect$$rtexit$$00000003)
    __rt_exit_prels_1                        0x0800017d   Thumb Code     0  rtexit2.o(.ARM.Collect$$rtexit$$00000002)
    __rt_exit_exit                           0x08000181   Thumb Code     0  rtexit2.o(.ARM.Collect$$rtexit$$00000004)
    SVC_Handler                              0x08000189   Thumb Code    32  port.o(.emb_text)
    __asm___6_port_c_39a90d8d__prvStartFirstTask 0x080001ad   Thumb Code    28  port.o(.emb_text)
    PendSV_Handler                           0x080001cd   Thumb Code    72  port.o(.emb_text)
    vPortGetIPSR                             0x08000219   Thumb Code     6  port.o(.emb_text)
    Reset_Handler                            0x08000221   Thumb Code     8  startup_stm32f103xb.o(.text)
    ADC1_2_IRQHandler                        0x0800023b   Thumb Code     0  startup_stm32f103xb.o(.text)
    CAN1_RX1_IRQHandler                      0x0800023b   Thumb Code     0  startup_stm32f103xb.o(.text)
    CAN1_SCE_IRQHandler                      0x0800023b   Thumb Code     0  startup_stm32f103xb.o(.text)
    DMA1_Channel1_IRQHandler                 0x0800023b   Thumb Code     0  startup_stm32f103xb.o(.text)
    EXTI0_IRQHandler                         0x0800023b   Thumb Code     0  startup_stm32f103xb.o(.text)
    EXTI15_10_IRQHandler                     0x0800023b   Thumb Code     0  startup_stm32f103xb.o(.text)
    EXTI1_IRQHandler                         0x0800023b   Thumb Code     0  startup_stm32f103xb.o(.text)
    EXTI2_IRQHandler                         0x0800023b   Thumb Code     0  startup_stm32f103xb.o(.text)
    EXTI3_IRQHandler                         0x0800023b   Thumb Code     0  startup_stm32f103xb.o(.text)
    EXTI4_IRQHandler                         0x0800023b   Thumb Code     0  startup_stm32f103xb.o(.text)
    EXTI9_5_IRQHandler                       0x0800023b   Thumb Code     0  startup_stm32f103xb.o(.text)
    FLASH_IRQHandler                         0x0800023b   Thumb Code     0  startup_stm32f103xb.o(.text)
    I2C1_ER_IRQHandler                       0x0800023b   Thumb Code     0  startup_stm32f103xb.o(.text)
    I2C1_EV_IRQHandler                       0x0800023b   Thumb Code     0  startup_stm32f103xb.o(.text)
    I2C2_ER_IRQHandler                       0x0800023b   Thumb Code     0  startup_stm32f103xb.o(.text)
    I2C2_EV_IRQHandler                       0x0800023b   Thumb Code     0  startup_stm32f103xb.o(.text)
    PVD_IRQHandler                           0x0800023b   Thumb Code     0  startup_stm32f103xb.o(.text)
    RCC_IRQHandler                           0x0800023b   Thumb Code     0  startup_stm32f103xb.o(.text)
    RTC_Alarm_IRQHandler                     0x0800023b   Thumb Code     0  startup_stm32f103xb.o(.text)
    RTC_IRQHandler                           0x0800023b   Thumb Code     0  startup_stm32f103xb.o(.text)
    SPI2_IRQHandler                          0x0800023b   Thumb Code     0  startup_stm32f103xb.o(.text)
    TAMPER_IRQHandler                        0x0800023b   Thumb Code     0  startup_stm32f103xb.o(.text)
    TIM1_BRK_IRQHandler                      0x0800023b   Thumb Code     0  startup_stm32f103xb.o(.text)
    TIM1_CC_IRQHandler                       0x0800023b   Thumb Code     0  startup_stm32f103xb.o(.text)
    TIM1_TRG_COM_IRQHandler                  0x0800023b   Thumb Code     0  startup_stm32f103xb.o(.text)
    TIM1_UP_IRQHandler                       0x0800023b   Thumb Code     0  startup_stm32f103xb.o(.text)
    TIM2_IRQHandler                          0x0800023b   Thumb Code     0  startup_stm32f103xb.o(.text)
    TIM3_IRQHandler                          0x0800023b   Thumb Code     0  startup_stm32f103xb.o(.text)
    USART3_IRQHandler                        0x0800023b   Thumb Code     0  startup_stm32f103xb.o(.text)
    USBWakeUp_IRQHandler                     0x0800023b   Thumb Code     0  startup_stm32f103xb.o(.text)
    USB_HP_CAN1_TX_IRQHandler                0x0800023b   Thumb Code     0  startup_stm32f103xb.o(.text)
    USB_LP_CAN1_RX0_IRQHandler               0x0800023b   Thumb Code     0  startup_stm32f103xb.o(.text)
    WWDG_IRQHandler                          0x0800023b   Thumb Code     0  startup_stm32f103xb.o(.text)
    __user_initial_stackheap                 0x0800023d   Thumb Code     0  startup_stm32f103xb.o(.text)
    __aeabi_memcpy                           0x08000261   Thumb Code     0  rt_memcpy_v6.o(.text)
    __rt_memcpy                              0x08000261   Thumb Code   138  rt_memcpy_v6.o(.text)
    _memcpy_lastbytes                        0x080002c7   Thumb Code     0  rt_memcpy_v6.o(.text)
    __aeabi_memset                           0x080002eb   Thumb Code    16  aeabi_memset.o(.text)
    __aeabi_memclr4                          0x080002fb   Thumb Code     0  rt_memclr_w.o(.text)
    __aeabi_memclr8                          0x080002fb   Thumb Code     0  rt_memclr_w.o(.text)
    __rt_memclr_w                            0x080002fb   Thumb Code    78  rt_memclr_w.o(.text)
    _memset_w                                0x080002ff   Thumb Code     0  rt_memclr_w.o(.text)
    __use_two_region_memory                  0x08000349   Thumb Code     2  heapauxi.o(.text)
    __rt_heap_escrow$2region                 0x0800034b   Thumb Code     2  heapauxi.o(.text)
    __rt_heap_expand$2region                 0x0800034d   Thumb Code     2  heapauxi.o(.text)
    __aeabi_memcpy4                          0x0800034f   Thumb Code     0  rt_memcpy_w.o(.text)
    __aeabi_memcpy8                          0x0800034f   Thumb Code     0  rt_memcpy_w.o(.text)
    __rt_memcpy_w                            0x0800034f   Thumb Code   100  rt_memcpy_w.o(.text)
    _memcpy_lastbytes_aligned                0x08000397   Thumb Code     0  rt_memcpy_w.o(.text)
    __aeabi_memclr                           0x080003b3   Thumb Code     0  rt_memclr.o(.text)
    __rt_memclr                              0x080003b3   Thumb Code    68  rt_memclr.o(.text)
    _memset                                  0x080003b7   Thumb Code     0  rt_memclr.o(.text)
    __user_setup_stackheap                   0x080003f7   Thumb Code    74  sys_stackheap_outer.o(.text)
    exit                                     0x08000441   Thumb Code    18  exit.o(.text)
    __user_libspace                          0x08000455   Thumb Code     8  libspace.o(.text)
    __user_perproc_libspace                  0x08000455   Thumb Code     0  libspace.o(.text)
    __user_perthread_libspace                0x08000455   Thumb Code     0  libspace.o(.text)
    _sys_exit                                0x0800045d   Thumb Code     8  sys_exit.o(.text)
    __I$use$semihosting                      0x08000469   Thumb Code     0  use_no_semi.o(.text)
    __use_no_semihosting_swi                 0x08000469   Thumb Code     2  use_no_semi.o(.text)
    BusFault_Handler                         0x0800046b   Thumb Code     2  stm32f1xx_it.o(i.BusFault_Handler)
    __semihosting_library_function           0x0800046b   Thumb Code     0  indicate_semi.o(.text)
    DMA1_Channel2_IRQHandler                 0x0800046d   Thumb Code     6  stm32f1xx_it.o(i.DMA1_Channel2_IRQHandler)
    DMA1_Channel3_IRQHandler                 0x08000479   Thumb Code     6  stm32f1xx_it.o(i.DMA1_Channel3_IRQHandler)
    DMA1_Channel4_IRQHandler                 0x08000485   Thumb Code     6  stm32f1xx_it.o(i.DMA1_Channel4_IRQHandler)
    DMA1_Channel5_IRQHandler                 0x08000491   Thumb Code     6  stm32f1xx_it.o(i.DMA1_Channel5_IRQHandler)
    DMA1_Channel6_IRQHandler                 0x0800049d   Thumb Code     6  stm32f1xx_it.o(i.DMA1_Channel6_IRQHandler)
    DMA1_Channel7_IRQHandler                 0x080004a9   Thumb Code     6  stm32f1xx_it.o(i.DMA1_Channel7_IRQHandler)
    DebugMon_Handler                         0x080004b5   Thumb Code     2  stm32f1xx_it.o(i.DebugMon_Handler)
    Error_Handler                            0x080004b7   Thumb Code     4  main.o(i.Error_Handler)
    HAL_DMA_Abort                            0x080004bb   Thumb Code    70  stm32f1xx_hal_dma.o(i.HAL_DMA_Abort)
    HAL_DMA_Abort_IT                         0x08000501   Thumb Code   148  stm32f1xx_hal_dma.o(i.HAL_DMA_Abort_IT)
    HAL_DMA_IRQHandler                       0x08000599   Thumb Code   316  stm32f1xx_hal_dma.o(i.HAL_DMA_IRQHandler)
    HAL_DMA_Init                             0x080006ed   Thumb Code    84  stm32f1xx_hal_dma.o(i.HAL_DMA_Init)
    HAL_GPIO_Init                            0x08000749   Thumb Code   446  stm32f1xx_hal_gpio.o(i.HAL_GPIO_Init)
    HAL_GPIO_WritePin                        0x08000929   Thumb Code    10  stm32f1xx_hal_gpio.o(i.HAL_GPIO_WritePin)
    HAL_GetTick                              0x08000935   Thumb Code     6  stm32f1xx_hal.o(i.HAL_GetTick)
    HAL_IncTick                              0x08000941   Thumb Code    12  stm32f1xx_hal.o(i.HAL_IncTick)
    HAL_Init                                 0x08000951   Thumb Code    32  stm32f1xx_hal.o(i.HAL_Init)
    HAL_InitTick                             0x08000975   Thumb Code   132  stm32f1xx_hal_timebase_tim.o(i.HAL_InitTick)
    HAL_MspInit                              0x08000a0d   Thumb Code    62  stm32f1xx_hal_msp.o(i.HAL_MspInit)
    HAL_NVIC_EnableIRQ                       0x08000a55   Thumb Code    26  stm32f1xx_hal_cortex.o(i.HAL_NVIC_EnableIRQ)
    HAL_NVIC_SetPriority                     0x08000a71   Thumb Code    60  stm32f1xx_hal_cortex.o(i.HAL_NVIC_SetPriority)
    HAL_NVIC_SetPriorityGrouping             0x08000ab1   Thumb Code    26  stm32f1xx_hal_cortex.o(i.HAL_NVIC_SetPriorityGrouping)
    HAL_RCC_CSSCallback                      0x08000ad5   Thumb Code     2  stm32f1xx_hal_rcc.o(i.HAL_RCC_CSSCallback)
    HAL_RCC_ClockConfig                      0x08000ad9   Thumb Code   280  stm32f1xx_hal_rcc.o(i.HAL_RCC_ClockConfig)
    HAL_RCC_EnableCSS                        0x08000c05   Thumb Code     8  stm32f1xx_hal_rcc.o(i.HAL_RCC_EnableCSS)
    HAL_RCC_GetClockConfig                   0x08000c11   Thumb Code    54  stm32f1xx_hal_rcc.o(i.HAL_RCC_GetClockConfig)
    HAL_RCC_GetPCLK1Freq                     0x08000c51   Thumb Code    20  stm32f1xx_hal_rcc.o(i.HAL_RCC_GetPCLK1Freq)
    HAL_RCC_GetPCLK2Freq                     0x08000c71   Thumb Code    20  stm32f1xx_hal_rcc.o(i.HAL_RCC_GetPCLK2Freq)
    HAL_RCC_GetSysClockFreq                  0x08000c91   Thumb Code    58  stm32f1xx_hal_rcc.o(i.HAL_RCC_GetSysClockFreq)
    HAL_RCC_NMI_IRQHandler                   0x08000cdd   Thumb Code    20  stm32f1xx_hal_rcc.o(i.HAL_RCC_NMI_IRQHandler)
    HAL_RCC_OscConfig                        0x08000cf5   Thumb Code   778  stm32f1xx_hal_rcc.o(i.HAL_RCC_OscConfig)
    HAL_SPI_ErrorCallback                    0x08001015   Thumb Code     2  stm32f1xx_hal_spi.o(i.HAL_SPI_ErrorCallback)
    HAL_SPI_IRQHandler                       0x08001019   Thumb Code   220  stm32f1xx_hal_spi.o(i.HAL_SPI_IRQHandler)
    HAL_SPI_Init                             0x080010f9   Thumb Code   178  stm32f1xx_hal_spi.o(i.HAL_SPI_Init)
    HAL_SPI_MspInit                          0x080011ad   Thumb Code   208  spi.o(i.HAL_SPI_MspInit)
    HAL_TIMEx_BreakCallback                  0x08001291   Thumb Code     2  stm32f1xx_hal_tim_ex.o(i.HAL_TIMEx_BreakCallback)
    HAL_TIMEx_CommutCallback                 0x08001293   Thumb Code     2  stm32f1xx_hal_tim_ex.o(i.HAL_TIMEx_CommutCallback)
    HAL_TIM_Base_Init                        0x08001295   Thumb Code    90  stm32f1xx_hal_tim.o(i.HAL_TIM_Base_Init)
    HAL_TIM_Base_MspInit                     0x080012ef   Thumb Code     2  stm32f1xx_hal_tim.o(i.HAL_TIM_Base_MspInit)
    HAL_TIM_Base_Start_IT                    0x080012f1   Thumb Code    76  stm32f1xx_hal_tim.o(i.HAL_TIM_Base_Start_IT)
    HAL_TIM_IC_CaptureCallback               0x08001349   Thumb Code     2  stm32f1xx_hal_tim.o(i.HAL_TIM_IC_CaptureCallback)
    HAL_TIM_IRQHandler                       0x0800134b   Thumb Code   304  stm32f1xx_hal_tim.o(i.HAL_TIM_IRQHandler)
    HAL_TIM_OC_DelayElapsedCallback          0x0800147b   Thumb Code     2  stm32f1xx_hal_tim.o(i.HAL_TIM_OC_DelayElapsedCallback)
    HAL_TIM_PWM_PulseFinishedCallback        0x0800147d   Thumb Code     2  stm32f1xx_hal_tim.o(i.HAL_TIM_PWM_PulseFinishedCallback)
    HAL_TIM_PeriodElapsedCallback            0x08001481   Thumb Code    14  main.o(i.HAL_TIM_PeriodElapsedCallback)
    HAL_TIM_TriggerCallback                  0x08001495   Thumb Code     2  stm32f1xx_hal_tim.o(i.HAL_TIM_TriggerCallback)
    HAL_UARTEx_RxEventCallback               0x08001497   Thumb Code     2  stm32f1xx_hal_uart.o(i.HAL_UARTEx_RxEventCallback)
    HAL_UART_ErrorCallback                   0x08001499   Thumb Code     2  stm32f1xx_hal_uart.o(i.HAL_UART_ErrorCallback)
    HAL_UART_IRQHandler                      0x0800149d   Thumb Code   616  stm32f1xx_hal_uart.o(i.HAL_UART_IRQHandler)
    HAL_UART_Init                            0x08001709   Thumb Code   100  stm32f1xx_hal_uart.o(i.HAL_UART_Init)
    HAL_UART_MspInit                         0x0800176d   Thumb Code   382  usart.o(i.HAL_UART_MspInit)
    HAL_UART_RxCpltCallback                  0x08001905   Thumb Code     2  stm32f1xx_hal_uart.o(i.HAL_UART_RxCpltCallback)
    HAL_UART_TxCpltCallback                  0x08001907   Thumb Code     2  stm32f1xx_hal_uart.o(i.HAL_UART_TxCpltCallback)
    HardFault_Handler                        0x08001909   Thumb Code     2  stm32f1xx_it.o(i.HardFault_Handler)
    MX_DMA_Init                              0x0800190d   Thumb Code   120  dma.o(i.MX_DMA_Init)
    MX_FREERTOS_Init                         0x08001989   Thumb Code    32  freertos.o(i.MX_FREERTOS_Init)
    MX_GPIO_Init                             0x080019b9   Thumb Code   138  gpio.o(i.MX_GPIO_Init)
    MX_SPI1_Init                             0x08001a51   Thumb Code    62  spi.o(i.MX_SPI1_Init)
    MX_USART1_UART_Init                      0x08001a99   Thumb Code    48  usart.o(i.MX_USART1_UART_Init)
    MX_USART2_UART_Init                      0x08001ad1   Thumb Code    48  usart.o(i.MX_USART2_UART_Init)
    MemManage_Handler                        0x08001b09   Thumb Code     2  stm32f1xx_it.o(i.MemManage_Handler)
    NMI_Handler                              0x08001b0b   Thumb Code     6  stm32f1xx_it.o(i.NMI_Handler)
    RunLedTask                               0x08001b11   Thumb Code    76  freertos.o(i.RunLedTask)
    SPI1_IRQHandler                          0x08001b61   Thumb Code     6  stm32f1xx_it.o(i.SPI1_IRQHandler)
    StartDefaultTask                         0x08001b7d   Thumb Code     8  freertos.o(i.StartDefaultTask)
    SysTick_Handler                          0x08001b85   Thumb Code    26  cmsis_os2.o(i.SysTick_Handler)
    SystemClock_Config                       0x08001b9f   Thumb Code    96  main.o(i.SystemClock_Config)
    SystemInit                               0x08001bff   Thumb Code     2  system_stm32f1xx.o(i.SystemInit)
    TIM4_IRQHandler                          0x08001c01   Thumb Code     6  stm32f1xx_it.o(i.TIM4_IRQHandler)
    TIM_Base_SetConfig                       0x08001c0d   Thumb Code   108  stm32f1xx_hal_tim.o(i.TIM_Base_SetConfig)
    USART1_IRQHandler                        0x08001e5d   Thumb Code     6  stm32f1xx_it.o(i.USART1_IRQHandler)
    USART2_IRQHandler                        0x08001e69   Thumb Code     6  stm32f1xx_it.o(i.USART2_IRQHandler)
    UsageFault_Handler                       0x08001e75   Thumb Code     2  stm32f1xx_it.o(i.UsageFault_Handler)
    main                                     0x08001e97   Thumb Code    42  main.o(i.main)
    osDelay                                  0x08001ec1   Thumb Code    26  cmsis_os2.o(i.osDelay)
    osKernelInitialize                       0x08001edd   Thumb Code    32  cmsis_os2.o(i.osKernelInitialize)
    osKernelStart                            0x08001f01   Thumb Code    48  cmsis_os2.o(i.osKernelStart)
    osThreadNew                              0x08001f39   Thumb Code   138  cmsis_os2.o(i.osThreadNew)
    pvPortMalloc                             0x08002759   Thumb Code   216  heap_4.o(i.pvPortMalloc)
    pxPortInitialiseStack                    0x08002835   Thumb Code    32  port.o(i.pxPortInitialiseStack)
    uxListRemove                             0x08002859   Thumb Code    38  list.o(i.uxListRemove)
    vApplicationGetIdleTaskMemory            0x08002881   Thumb Code    16  cmsis_os2.o(i.vApplicationGetIdleTaskMemory)
    vApplicationGetTimerTaskMemory           0x08002895   Thumb Code    18  cmsis_os2.o(i.vApplicationGetTimerTaskMemory)
    vListInitialise                          0x080028ad   Thumb Code    22  list.o(i.vListInitialise)
    vListInitialiseItem                      0x080028c3   Thumb Code     6  list.o(i.vListInitialiseItem)
    vListInsert                              0x080028c9   Thumb Code    48  list.o(i.vListInsert)
    vListInsertEnd                           0x080028f9   Thumb Code    24  list.o(i.vListInsertEnd)
    vPortEnterCritical                       0x08002911   Thumb Code    54  port.o(i.vPortEnterCritical)
    vPortExitCritical                        0x08002951   Thumb Code    34  port.o(i.vPortExitCritical)
    vPortFree                                0x08002979   Thumb Code    94  heap_4.o(i.vPortFree)
    vPortSetupTimerInterrupt                 0x080029dd   Thumb Code    32  port.o(i.vPortSetupTimerInterrupt)
    vPortValidateInterruptPriority           0x08002a01   Thumb Code    74  port.o(i.vPortValidateInterruptPriority)
    vQueueAddToRegistry                      0x08002a55   Thumb Code    34  queue.o(i.vQueueAddToRegistry)
    vQueueWaitForMessageRestricted           0x08002a7d   Thumb Code    68  queue.o(i.vQueueWaitForMessageRestricted)
    vTaskDelay                               0x08002ac1   Thumb Code    66  tasks.o(i.vTaskDelay)
    vTaskInternalSetTimeOutState             0x08002b0d   Thumb Code    12  tasks.o(i.vTaskInternalSetTimeOutState)
    vTaskMissedYield                         0x08002b1d   Thumb Code     8  tasks.o(i.vTaskMissedYield)
    vTaskPlaceOnEventList                    0x08002b29   Thumb Code    44  tasks.o(i.vTaskPlaceOnEventList)
    vTaskPlaceOnEventListRestricted          0x08002b59   Thumb Code    52  tasks.o(i.vTaskPlaceOnEventListRestricted)
    vTaskStartScheduler                      0x08002b91   Thumb Code   118  tasks.o(i.vTaskStartScheduler)
    vTaskSuspendAll                          0x08002c19   Thumb Code    10  tasks.o(i.vTaskSuspendAll)
    vTaskSwitchContext                       0x08002c29   Thumb Code    90  tasks.o(i.vTaskSwitchContext)
    xPortStartScheduler                      0x08002c8d   Thumb Code   154  port.o(i.xPortStartScheduler)
    xPortSysTickHandler                      0x08002d35   Thumb Code    38  port.o(i.xPortSysTickHandler)
    xQueueGenericCreateStatic                0x08002d61   Thumb Code   102  queue.o(i.xQueueGenericCreateStatic)
    xQueueGenericReset                       0x08002dc9   Thumb Code   132  queue.o(i.xQueueGenericReset)
    xQueueGenericSend                        0x08002e51   Thumb Code   346  queue.o(i.xQueueGenericSend)
    xQueueGenericSendFromISR                 0x08002fb1   Thumb Code   190  queue.o(i.xQueueGenericSendFromISR)
    xQueueReceive                            0x08003071   Thumb Code   308  queue.o(i.xQueueReceive)
    xTaskCheckForTimeOut                     0x080031a9   Thumb Code   112  tasks.o(i.xTaskCheckForTimeOut)
    xTaskCreate                              0x0800321d   Thumb Code    90  tasks.o(i.xTaskCreate)
    xTaskCreateStatic                        0x08003277   Thumb Code    86  tasks.o(i.xTaskCreateStatic)
    xTaskGetSchedulerState                   0x080032cd   Thumb Code    22  tasks.o(i.xTaskGetSchedulerState)
    xTaskGetTickCount                        0x080032e9   Thumb Code     6  tasks.o(i.xTaskGetTickCount)
    xTaskIncrementTick                       0x080032f5   Thumb Code   192  tasks.o(i.xTaskIncrementTick)
    xTaskPriorityDisinherit                  0x080033bd   Thumb Code   118  tasks.o(i.xTaskPriorityDisinherit)
    xTaskRemoveFromEventList                 0x0800343d   Thumb Code    98  tasks.o(i.xTaskRemoveFromEventList)
    xTaskResumeAll                           0x080034ad   Thumb Code   182  tasks.o(i.xTaskResumeAll)
    xTimerCreateTimerTask                    0x08003571   Thumb Code    78  timers.o(i.xTimerCreateTimerTask)
    xTimerGenericCommand                     0x080035d1   Thumb Code    98  timers.o(i.xTimerGenericCommand)
    defaultTask_attributes                   0x08003638   Data          36  freertos.o(.constdata)
    RUN_Task_attributes                      0x0800365c   Data          36  freertos.o(.constdata)
    AHBPrescTable                            0x08003692   Data          16  system_stm32f1xx.o(.constdata)
    APBPrescTable                            0x080036a2   Data           8  system_stm32f1xx.o(.constdata)
    Region$$Table$$Base                      0x080036c4   Number         0  anon$$obj.o(Region$$Table)
    Region$$Table$$Limit                     0x080036e4   Number         0  anon$$obj.o(Region$$Table)
    defaultTaskHandle                        0x20000000   Data           4  freertos.o(.data)
    RUN_TaskHandle                           0x20000004   Data           4  freertos.o(.data)
    uwTickFreq                               0x20000008   Data           1  stm32f1xx_hal.o(.data)
    uwTickPrio                               0x2000000c   Data           4  stm32f1xx_hal.o(.data)
    uwTick                                   0x20000010   Data           4  stm32f1xx_hal.o(.data)
    SystemCoreClock                          0x20000014   Data           4  system_stm32f1xx.o(.data)
    pxCurrentTCB                             0x20000018   Data           4  tasks.o(.data)
    hspi1                                    0x20000098   Data          88  spi.o(.bss)
    hdma_spi1_rx                             0x200000f0   Data          68  spi.o(.bss)
    hdma_spi1_tx                             0x20000134   Data          68  spi.o(.bss)
    huart1                                   0x20000178   Data          72  usart.o(.bss)
    huart2                                   0x200001c0   Data          72  usart.o(.bss)
    hdma_usart1_rx                           0x20000208   Data          68  usart.o(.bss)
    hdma_usart1_tx                           0x2000024c   Data          68  usart.o(.bss)
    hdma_usart2_rx                           0x20000290   Data          68  usart.o(.bss)
    hdma_usart2_tx                           0x200002d4   Data          68  usart.o(.bss)
    htim4                                    0x20000318   Data          72  stm32f1xx_hal_timebase_tim.o(.bss)
    xQueueRegistry                           0x20000360   Data          64  queue.o(.bss)
    __libspace_start                         0x20001c34   Data          96  libspace.o(.bss)
    __temporary_stack_top$libspace           0x20001c94   Data           0  libspace.o(.bss)



==============================================================================

Memory Map of the image

  Image Entry point : 0x080000ed

  Load Region LR_IROM1 (Base: 0x08000000, Size: 0x0000377c, Max: 0x00010000, ABSOLUTE)

    Execution Region ER_IROM1 (Exec base: 0x08000000, Load base: 0x08000000, Size: 0x000036e4, Max: 0x00010000, ABSOLUTE)

    Exec Addr    Load Addr    Size         Type   Attr      Idx    E Section Name        Object

    0x08000000   0x08000000   0x000000ec   Data   RO            3    RESET               startup_stm32f103xb.o
    0x080000ec   0x080000ec   0x00000008   Code   RO         5039  * !!!main             c_w.l(__main.o)
    0x080000f4   0x080000f4   0x00000034   Code   RO         5200    !!!scatter          c_w.l(__scatter.o)
    0x08000128   0x08000128   0x0000001a   Code   RO         5202    !!handler_copy      c_w.l(__scatter_copy.o)
    0x08000142   0x08000142   0x00000002   PAD
    0x08000144   0x08000144   0x0000001c   Code   RO         5204    !!handler_zi        c_w.l(__scatter_zi.o)
    0x08000160   0x08000160   0x00000002   Code   RO         5070    .ARM.Collect$$libinit$$00000000  c_w.l(libinit.o)
    0x08000162   0x08000162   0x00000000   Code   RO         5077    .ARM.Collect$$libinit$$00000002  c_w.l(libinit2.o)
    0x08000162   0x08000162   0x00000000   Code   RO         5079    .ARM.Collect$$libinit$$00000004  c_w.l(libinit2.o)
    0x08000162   0x08000162   0x00000000   Code   RO         5082    .ARM.Collect$$libinit$$0000000A  c_w.l(libinit2.o)
    0x08000162   0x08000162   0x00000000   Code   RO         5084    .ARM.Collect$$libinit$$0000000C  c_w.l(libinit2.o)
    0x08000162   0x08000162   0x00000000   Code   RO         5086    .ARM.Collect$$libinit$$0000000E  c_w.l(libinit2.o)
    0x08000162   0x08000162   0x00000000   Code   RO         5089    .ARM.Collect$$libinit$$00000011  c_w.l(libinit2.o)
    0x08000162   0x08000162   0x00000000   Code   RO         5091    .ARM.Collect$$libinit$$00000013  c_w.l(libinit2.o)
    0x08000162   0x08000162   0x00000000   Code   RO         5093    .ARM.Collect$$libinit$$00000015  c_w.l(libinit2.o)
    0x08000162   0x08000162   0x00000000   Code   RO         5095    .ARM.Collect$$libinit$$00000017  c_w.l(libinit2.o)
    0x08000162   0x08000162   0x00000000   Code   RO         5097    .ARM.Collect$$libinit$$00000019  c_w.l(libinit2.o)
    0x08000162   0x08000162   0x00000000   Code   RO         5099    .ARM.Collect$$libinit$$0000001B  c_w.l(libinit2.o)
    0x08000162   0x08000162   0x00000000   Code   RO         5101    .ARM.Collect$$libinit$$0000001D  c_w.l(libinit2.o)
    0x08000162   0x08000162   0x00000000   Code   RO         5103    .ARM.Collect$$libinit$$0000001F  c_w.l(libinit2.o)
    0x08000162   0x08000162   0x00000000   Code   RO         5105    .ARM.Collect$$libinit$$00000021  c_w.l(libinit2.o)
    0x08000162   0x08000162   0x00000000   Code   RO         5107    .ARM.Collect$$libinit$$00000023  c_w.l(libinit2.o)
    0x08000162   0x08000162   0x00000000   Code   RO         5109    .ARM.Collect$$libinit$$00000025  c_w.l(libinit2.o)
    0x08000162   0x08000162   0x00000000   Code   RO         5113    .ARM.Collect$$libinit$$0000002C  c_w.l(libinit2.o)
    0x08000162   0x08000162   0x00000000   Code   RO         5115    .ARM.Collect$$libinit$$0000002E  c_w.l(libinit2.o)
    0x08000162   0x08000162   0x00000000   Code   RO         5117    .ARM.Collect$$libinit$$00000030  c_w.l(libinit2.o)
    0x08000162   0x08000162   0x00000000   Code   RO         5119    .ARM.Collect$$libinit$$00000032  c_w.l(libinit2.o)
    0x08000162   0x08000162   0x00000002   Code   RO         5120    .ARM.Collect$$libinit$$00000033  c_w.l(libinit2.o)
    0x08000164   0x08000164   0x00000002   Code   RO         5140    .ARM.Collect$$libshutdown$$00000000  c_w.l(libshutdown.o)
    0x08000166   0x08000166   0x00000000   Code   RO         5153    .ARM.Collect$$libshutdown$$00000002  c_w.l(libshutdown2.o)
    0x08000166   0x08000166   0x00000000   Code   RO         5155    .ARM.Collect$$libshutdown$$00000004  c_w.l(libshutdown2.o)
    0x08000166   0x08000166   0x00000000   Code   RO         5158    .ARM.Collect$$libshutdown$$00000007  c_w.l(libshutdown2.o)
    0x08000166   0x08000166   0x00000000   Code   RO         5161    .ARM.Collect$$libshutdown$$0000000A  c_w.l(libshutdown2.o)
    0x08000166   0x08000166   0x00000000   Code   RO         5163    .ARM.Collect$$libshutdown$$0000000C  c_w.l(libshutdown2.o)
    0x08000166   0x08000166   0x00000000   Code   RO         5166    .ARM.Collect$$libshutdown$$0000000F  c_w.l(libshutdown2.o)
    0x08000166   0x08000166   0x00000002   Code   RO         5167    .ARM.Collect$$libshutdown$$00000010  c_w.l(libshutdown2.o)
    0x08000168   0x08000168   0x00000000   Code   RO         5041    .ARM.Collect$$rtentry$$00000000  c_w.l(__rtentry.o)
    0x08000168   0x08000168   0x00000000   Code   RO         5047    .ARM.Collect$$rtentry$$00000002  c_w.l(__rtentry2.o)
    0x08000168   0x08000168   0x00000006   Code   RO         5059    .ARM.Collect$$rtentry$$00000004  c_w.l(__rtentry4.o)
    0x0800016e   0x0800016e   0x00000000   Code   RO         5049    .ARM.Collect$$rtentry$$00000009  c_w.l(__rtentry2.o)
    0x0800016e   0x0800016e   0x00000004   Code   RO         5050    .ARM.Collect$$rtentry$$0000000A  c_w.l(__rtentry2.o)
    0x08000172   0x08000172   0x00000000   Code   RO         5052    .ARM.Collect$$rtentry$$0000000C  c_w.l(__rtentry2.o)
    0x08000172   0x08000172   0x00000008   Code   RO         5053    .ARM.Collect$$rtentry$$0000000D  c_w.l(__rtentry2.o)
    0x0800017a   0x0800017a   0x00000002   Code   RO         5074    .ARM.Collect$$rtexit$$00000000  c_w.l(rtexit.o)
    0x0800017c   0x0800017c   0x00000000   Code   RO         5122    .ARM.Collect$$rtexit$$00000002  c_w.l(rtexit2.o)
    0x0800017c   0x0800017c   0x00000004   Code   RO         5123    .ARM.Collect$$rtexit$$00000003  c_w.l(rtexit2.o)
    0x08000180   0x08000180   0x00000006   Code   RO         5124    .ARM.Collect$$rtexit$$00000004  c_w.l(rtexit2.o)
    0x08000186   0x08000186   0x00000002   PAD
    0x08000188   0x08000188   0x00000096   Code   RO         4948    .emb_text           port.o
    0x0800021e   0x0800021e   0x00000002   PAD
    0x08000220   0x08000220   0x00000040   Code   RO            4    .text               startup_stm32f103xb.o
    0x08000260   0x08000260   0x0000008a   Code   RO         5029    .text               c_w.l(rt_memcpy_v6.o)
    0x080002ea   0x080002ea   0x00000010   Code   RO         5033    .text               c_w.l(aeabi_memset.o)
    0x080002fa   0x080002fa   0x0000004e   Code   RO         5035    .text               c_w.l(rt_memclr_w.o)
    0x08000348   0x08000348   0x00000006   Code   RO         5037    .text               c_w.l(heapauxi.o)
    0x0800034e   0x0800034e   0x00000064   Code   RO         5042    .text               c_w.l(rt_memcpy_w.o)
    0x080003b2   0x080003b2   0x00000044   Code   RO         5044    .text               c_w.l(rt_memclr.o)
    0x080003f6   0x080003f6   0x0000004a   Code   RO         5061    .text               c_w.l(sys_stackheap_outer.o)
    0x08000440   0x08000440   0x00000012   Code   RO         5063    .text               c_w.l(exit.o)
    0x08000452   0x08000452   0x00000002   PAD
    0x08000454   0x08000454   0x00000008   Code   RO         5071    .text               c_w.l(libspace.o)
    0x0800045c   0x0800045c   0x0000000c   Code   RO         5132    .text               c_w.l(sys_exit.o)
    0x08000468   0x08000468   0x00000002   Code   RO         5143    .text               c_w.l(use_no_semi.o)
    0x0800046a   0x0800046a   0x00000000   Code   RO         5145    .text               c_w.l(indicate_semi.o)
    0x0800046a   0x0800046a   0x00000002   Code   RO          380    i.BusFault_Handler  stm32f1xx_it.o
    0x0800046c   0x0800046c   0x0000000c   Code   RO          381    i.DMA1_Channel2_IRQHandler  stm32f1xx_it.o
    0x08000478   0x08000478   0x0000000c   Code   RO          382    i.DMA1_Channel3_IRQHandler  stm32f1xx_it.o
    0x08000484   0x08000484   0x0000000c   Code   RO          383    i.DMA1_Channel4_IRQHandler  stm32f1xx_it.o
    0x08000490   0x08000490   0x0000000c   Code   RO          384    i.DMA1_Channel5_IRQHandler  stm32f1xx_it.o
    0x0800049c   0x0800049c   0x0000000c   Code   RO          385    i.DMA1_Channel6_IRQHandler  stm32f1xx_it.o
    0x080004a8   0x080004a8   0x0000000c   Code   RO          386    i.DMA1_Channel7_IRQHandler  stm32f1xx_it.o
    0x080004b4   0x080004b4   0x00000002   Code   RO          387    i.DebugMon_Handler  stm32f1xx_it.o
    0x080004b6   0x080004b6   0x00000004   Code   RO           13    i.Error_Handler     main.o
    0x080004ba   0x080004ba   0x00000046   Code   RO         1951    i.HAL_DMA_Abort     stm32f1xx_hal_dma.o
    0x08000500   0x08000500   0x00000098   Code   RO         1952    i.HAL_DMA_Abort_IT  stm32f1xx_hal_dma.o
    0x08000598   0x08000598   0x00000154   Code   RO         1956    i.HAL_DMA_IRQHandler  stm32f1xx_hal_dma.o
    0x080006ec   0x080006ec   0x0000005c   Code   RO         1957    i.HAL_DMA_Init      stm32f1xx_hal_dma.o
    0x08000748   0x08000748   0x000001e0   Code   RO         1887    i.HAL_GPIO_Init     stm32f1xx_hal_gpio.o
    0x08000928   0x08000928   0x0000000a   Code   RO         1891    i.HAL_GPIO_WritePin  stm32f1xx_hal_gpio.o
    0x08000932   0x08000932   0x00000002   PAD
    0x08000934   0x08000934   0x0000000c   Code   RO         1581    i.HAL_GetTick       stm32f1xx_hal.o
    0x08000940   0x08000940   0x00000010   Code   RO         1587    i.HAL_IncTick       stm32f1xx_hal.o
    0x08000950   0x08000950   0x00000024   Code   RO         1588    i.HAL_Init          stm32f1xx_hal.o
    0x08000974   0x08000974   0x00000098   Code   RO          522    i.HAL_InitTick      stm32f1xx_hal_timebase_tim.o
    0x08000a0c   0x08000a0c   0x00000048   Code   RO          498    i.HAL_MspInit       stm32f1xx_hal_msp.o
    0x08000a54   0x08000a54   0x0000001a   Code   RO         2047    i.HAL_NVIC_EnableIRQ  stm32f1xx_hal_cortex.o
    0x08000a6e   0x08000a6e   0x00000002   PAD
    0x08000a70   0x08000a70   0x00000040   Code   RO         2053    i.HAL_NVIC_SetPriority  stm32f1xx_hal_cortex.o
    0x08000ab0   0x08000ab0   0x00000024   Code   RO         2054    i.HAL_NVIC_SetPriorityGrouping  stm32f1xx_hal_cortex.o
    0x08000ad4   0x08000ad4   0x00000002   Code   RO         1744    i.HAL_RCC_CSSCallback  stm32f1xx_hal_rcc.o
    0x08000ad6   0x08000ad6   0x00000002   PAD
    0x08000ad8   0x08000ad8   0x0000012c   Code   RO         1745    i.HAL_RCC_ClockConfig  stm32f1xx_hal_rcc.o
    0x08000c04   0x08000c04   0x0000000c   Code   RO         1748    i.HAL_RCC_EnableCSS  stm32f1xx_hal_rcc.o
    0x08000c10   0x08000c10   0x00000040   Code   RO         1749    i.HAL_RCC_GetClockConfig  stm32f1xx_hal_rcc.o
    0x08000c50   0x08000c50   0x00000020   Code   RO         1752    i.HAL_RCC_GetPCLK1Freq  stm32f1xx_hal_rcc.o
    0x08000c70   0x08000c70   0x00000020   Code   RO         1753    i.HAL_RCC_GetPCLK2Freq  stm32f1xx_hal_rcc.o
    0x08000c90   0x08000c90   0x0000004c   Code   RO         1754    i.HAL_RCC_GetSysClockFreq  stm32f1xx_hal_rcc.o
    0x08000cdc   0x08000cdc   0x00000018   Code   RO         1756    i.HAL_RCC_NMI_IRQHandler  stm32f1xx_hal_rcc.o
    0x08000cf4   0x08000cf4   0x00000320   Code   RO         1757    i.HAL_RCC_OscConfig  stm32f1xx_hal_rcc.o
    0x08001014   0x08001014   0x00000002   Code   RO         2554    i.HAL_SPI_ErrorCallback  stm32f1xx_hal_spi.o
    0x08001016   0x08001016   0x00000002   PAD
    0x08001018   0x08001018   0x000000e0   Code   RO         2557    i.HAL_SPI_IRQHandler  stm32f1xx_hal_spi.o
    0x080010f8   0x080010f8   0x000000b2   Code   RO         2558    i.HAL_SPI_Init      stm32f1xx_hal_spi.o
    0x080011aa   0x080011aa   0x00000002   PAD
    0x080011ac   0x080011ac   0x000000e4   Code   RO          291    i.HAL_SPI_MspInit   spi.o
    0x08001290   0x08001290   0x00000002   Code   RO         1303    i.HAL_TIMEx_BreakCallback  stm32f1xx_hal_tim_ex.o
    0x08001292   0x08001292   0x00000002   Code   RO         1304    i.HAL_TIMEx_CommutCallback  stm32f1xx_hal_tim_ex.o
    0x08001294   0x08001294   0x0000005a   Code   RO          599    i.HAL_TIM_Base_Init  stm32f1xx_hal_tim.o
    0x080012ee   0x080012ee   0x00000002   Code   RO          601    i.HAL_TIM_Base_MspInit  stm32f1xx_hal_tim.o
    0x080012f0   0x080012f0   0x00000058   Code   RO          604    i.HAL_TIM_Base_Start_IT  stm32f1xx_hal_tim.o
    0x08001348   0x08001348   0x00000002   Code   RO          633    i.HAL_TIM_IC_CaptureCallback  stm32f1xx_hal_tim.o
    0x0800134a   0x0800134a   0x00000130   Code   RO          647    i.HAL_TIM_IRQHandler  stm32f1xx_hal_tim.o
    0x0800147a   0x0800147a   0x00000002   Code   RO          650    i.HAL_TIM_OC_DelayElapsedCallback  stm32f1xx_hal_tim.o
    0x0800147c   0x0800147c   0x00000002   Code   RO          677    i.HAL_TIM_PWM_PulseFinishedCallback  stm32f1xx_hal_tim.o
    0x0800147e   0x0800147e   0x00000002   PAD
    0x08001480   0x08001480   0x00000014   Code   RO           14    i.HAL_TIM_PeriodElapsedCallback  main.o
    0x08001494   0x08001494   0x00000002   Code   RO          690    i.HAL_TIM_TriggerCallback  stm32f1xx_hal_tim.o
    0x08001496   0x08001496   0x00000002   Code   RO         2881    i.HAL_UARTEx_RxEventCallback  stm32f1xx_hal_uart.o
    0x08001498   0x08001498   0x00000002   Code   RO         2895    i.HAL_UART_ErrorCallback  stm32f1xx_hal_uart.o
    0x0800149a   0x0800149a   0x00000002   PAD
    0x0800149c   0x0800149c   0x0000026c   Code   RO         2898    i.HAL_UART_IRQHandler  stm32f1xx_hal_uart.o
    0x08001708   0x08001708   0x00000064   Code   RO         2899    i.HAL_UART_Init     stm32f1xx_hal_uart.o
    0x0800176c   0x0800176c   0x00000198   Code   RO          333    i.HAL_UART_MspInit  usart.o
    0x08001904   0x08001904   0x00000002   Code   RO         2905    i.HAL_UART_RxCpltCallback  stm32f1xx_hal_uart.o
    0x08001906   0x08001906   0x00000002   Code   RO         2910    i.HAL_UART_TxCpltCallback  stm32f1xx_hal_uart.o
    0x08001908   0x08001908   0x00000002   Code   RO          388    i.HardFault_Handler  stm32f1xx_it.o
    0x0800190a   0x0800190a   0x00000002   PAD
    0x0800190c   0x0800190c   0x0000007c   Code   RO          266    i.MX_DMA_Init       dma.o
    0x08001988   0x08001988   0x00000030   Code   RO          217    i.MX_FREERTOS_Init  freertos.o
    0x080019b8   0x080019b8   0x00000098   Code   RO          193    i.MX_GPIO_Init      gpio.o
    0x08001a50   0x08001a50   0x00000048   Code   RO          292    i.MX_SPI1_Init      spi.o
    0x08001a98   0x08001a98   0x00000038   Code   RO          334    i.MX_USART1_UART_Init  usart.o
    0x08001ad0   0x08001ad0   0x00000038   Code   RO          335    i.MX_USART2_UART_Init  usart.o
    0x08001b08   0x08001b08   0x00000002   Code   RO          389    i.MemManage_Handler  stm32f1xx_it.o
    0x08001b0a   0x08001b0a   0x00000006   Code   RO          390    i.NMI_Handler       stm32f1xx_it.o
    0x08001b10   0x08001b10   0x00000050   Code   RO          218    i.RunLedTask        freertos.o
    0x08001b60   0x08001b60   0x0000000c   Code   RO          391    i.SPI1_IRQHandler   stm32f1xx_it.o
    0x08001b6c   0x08001b6c   0x00000010   Code   RO         2585    i.SPI_DMAAbortOnError  stm32f1xx_hal_spi.o
    0x08001b7c   0x08001b7c   0x00000008   Code   RO          219    i.StartDefaultTask  freertos.o
    0x08001b84   0x08001b84   0x0000001a   Code   RO         4380    i.SysTick_Handler   cmsis_os2.o
    0x08001b9e   0x08001b9e   0x00000060   Code   RO           15    i.SystemClock_Config  main.o
    0x08001bfe   0x08001bfe   0x00000002   Code   RO         3233    i.SystemInit        system_stm32f1xx.o
    0x08001c00   0x08001c00   0x0000000c   Code   RO          392    i.TIM4_IRQHandler   stm32f1xx_it.o
    0x08001c0c   0x08001c0c   0x00000078   Code   RO          692    i.TIM_Base_SetConfig  stm32f1xx_hal_tim.o
    0x08001c84   0x08001c84   0x00000010   Code   RO         2912    i.UART_DMAAbortOnError  stm32f1xx_hal_uart.o
    0x08001c94   0x08001c94   0x0000004e   Code   RO         2922    i.UART_EndRxTransfer  stm32f1xx_hal_uart.o
    0x08001ce2   0x08001ce2   0x000000c2   Code   RO         2924    i.UART_Receive_IT   stm32f1xx_hal_uart.o
    0x08001da4   0x08001da4   0x000000b8   Code   RO         2925    i.UART_SetConfig    stm32f1xx_hal_uart.o
    0x08001e5c   0x08001e5c   0x0000000c   Code   RO          393    i.USART1_IRQHandler  stm32f1xx_it.o
    0x08001e68   0x08001e68   0x0000000c   Code   RO          394    i.USART2_IRQHandler  stm32f1xx_it.o
    0x08001e74   0x08001e74   0x00000002   Code   RO          395    i.UsageFault_Handler  stm32f1xx_it.o
    0x08001e76   0x08001e76   0x00000020   Code   RO         2060    i.__NVIC_SetPriority  stm32f1xx_hal_cortex.o
    0x08001e96   0x08001e96   0x0000002a   Code   RO           16    i.main              main.o
    0x08001ec0   0x08001ec0   0x0000001a   Code   RO         4382    i.osDelay           cmsis_os2.o
    0x08001eda   0x08001eda   0x00000002   PAD
    0x08001edc   0x08001edc   0x00000024   Code   RO         4396    i.osKernelInitialize  cmsis_os2.o
    0x08001f00   0x08001f00   0x00000038   Code   RO         4399    i.osKernelStart     cmsis_os2.o
    0x08001f38   0x08001f38   0x0000008a   Code   RO         4441    i.osThreadNew       cmsis_os2.o
    0x08001fc2   0x08001fc2   0x00000002   PAD
    0x08001fc4   0x08001fc4   0x0000005c   Code   RO         3841    i.prvAddCurrentTaskToDelayedList  tasks.o
    0x08002020   0x08002020   0x000000d0   Code   RO         3842    i.prvAddNewTaskToReadyList  tasks.o
    0x080020f0   0x080020f0   0x00000058   Code   RO         4206    i.prvCheckForValidListAndQueue  timers.o
    0x08002148   0x08002148   0x00000026   Code   RO         3438    i.prvCopyDataFromQueue  queue.o
    0x0800216e   0x0800216e   0x0000006c   Code   RO         3439    i.prvCopyDataToQueue  queue.o
    0x080021da   0x080021da   0x00000034   Code   RO         3843    i.prvDeleteTCB      tasks.o
    0x0800220e   0x0800220e   0x00000002   PAD
    0x08002210   0x08002210   0x0000004c   Code   RO         4893    i.prvHeapInit       heap_4.o
    0x0800225c   0x0800225c   0x00000060   Code   RO         3844    i.prvIdleTask       tasks.o
    0x080022bc   0x080022bc   0x00000022   Code   RO         3441    i.prvInitialiseNewQueue  queue.o
    0x080022de   0x080022de   0x00000002   PAD
    0x080022e0   0x080022e0   0x000000b0   Code   RO         3845    i.prvInitialiseNewTask  tasks.o
    0x08002390   0x08002390   0x0000004c   Code   RO         4894    i.prvInsertBlockIntoFreeList  heap_4.o
    0x080023dc   0x080023dc   0x00000038   Code   RO         4208    i.prvInsertTimerInActiveList  timers.o
    0x08002414   0x08002414   0x0000001c   Code   RO         3442    i.prvIsQueueEmpty   queue.o
    0x08002430   0x08002430   0x000000fc   Code   RO         4209    i.prvProcessReceivedCommands  timers.o
    0x0800252c   0x0800252c   0x000000c0   Code   RO         4210    i.prvProcessTimerOrBlockTask  timers.o
    0x080025ec   0x080025ec   0x00000020   Code   RO         3847    i.prvResetNextTaskUnblockTime  tasks.o
    0x0800260c   0x0800260c   0x00000028   Code   RO         4211    i.prvSampleTimeNow  timers.o
    0x08002634   0x08002634   0x0000006c   Code   RO         4212    i.prvSwitchTimerLists  timers.o
    0x080026a0   0x080026a0   0x00000028   Code   RO         4949    i.prvTaskExitError  port.o
    0x080026c8   0x080026c8   0x00000024   Code   RO         4213    i.prvTimerTask      timers.o
    0x080026ec   0x080026ec   0x0000006a   Code   RO         3443    i.prvUnlockQueue    queue.o
    0x08002756   0x08002756   0x00000002   PAD
    0x08002758   0x08002758   0x000000dc   Code   RO         4895    i.pvPortMalloc      heap_4.o
    0x08002834   0x08002834   0x00000024   Code   RO         4950    i.pxPortInitialiseStack  port.o
    0x08002858   0x08002858   0x00000026   Code   RO         3398    i.uxListRemove      list.o
    0x0800287e   0x0800287e   0x00000002   PAD
    0x08002880   0x08002880   0x00000014   Code   RO         4453    i.vApplicationGetIdleTaskMemory  cmsis_os2.o
    0x08002894   0x08002894   0x00000018   Code   RO         4454    i.vApplicationGetTimerTaskMemory  cmsis_os2.o
    0x080028ac   0x080028ac   0x00000016   Code   RO         3399    i.vListInitialise   list.o
    0x080028c2   0x080028c2   0x00000006   Code   RO         3400    i.vListInitialiseItem  list.o
    0x080028c8   0x080028c8   0x00000030   Code   RO         3401    i.vListInsert       list.o
    0x080028f8   0x080028f8   0x00000018   Code   RO         3402    i.vListInsertEnd    list.o
    0x08002910   0x08002910   0x00000040   Code   RO         4952    i.vPortEnterCritical  port.o
    0x08002950   0x08002950   0x00000028   Code   RO         4953    i.vPortExitCritical  port.o
    0x08002978   0x08002978   0x00000064   Code   RO         4896    i.vPortFree         heap_4.o
    0x080029dc   0x080029dc   0x00000024   Code   RO         4954    i.vPortSetupTimerInterrupt  port.o
    0x08002a00   0x08002a00   0x00000054   Code   RO         4955    i.vPortValidateInterruptPriority  port.o
    0x08002a54   0x08002a54   0x00000028   Code   RO         3449    i.vQueueAddToRegistry  queue.o
    0x08002a7c   0x08002a7c   0x00000044   Code   RO         3453    i.vQueueWaitForMessageRestricted  queue.o
    0x08002ac0   0x08002ac0   0x0000004c   Code   RO         3860    i.vTaskDelay        tasks.o
    0x08002b0c   0x08002b0c   0x00000010   Code   RO         3865    i.vTaskInternalSetTimeOutState  tasks.o
    0x08002b1c   0x08002b1c   0x0000000c   Code   RO         3866    i.vTaskMissedYield  tasks.o
    0x08002b28   0x08002b28   0x00000030   Code   RO         3868    i.vTaskPlaceOnEventList  tasks.o
    0x08002b58   0x08002b58   0x00000038   Code   RO         3869    i.vTaskPlaceOnEventListRestricted  tasks.o
    0x08002b90   0x08002b90   0x00000088   Code   RO         3877    i.vTaskStartScheduler  tasks.o
    0x08002c18   0x08002c18   0x00000010   Code   RO         3879    i.vTaskSuspendAll   tasks.o
    0x08002c28   0x08002c28   0x00000064   Code   RO         3880    i.vTaskSwitchContext  tasks.o
    0x08002c8c   0x08002c8c   0x000000a8   Code   RO         4956    i.xPortStartScheduler  port.o
    0x08002d34   0x08002d34   0x0000002c   Code   RO         4957    i.xPortSysTickHandler  port.o
    0x08002d60   0x08002d60   0x00000066   Code   RO         3459    i.xQueueGenericCreateStatic  queue.o
    0x08002dc6   0x08002dc6   0x00000002   PAD
    0x08002dc8   0x08002dc8   0x00000088   Code   RO         3460    i.xQueueGenericReset  queue.o
    0x08002e50   0x08002e50   0x00000160   Code   RO         3461    i.xQueueGenericSend  queue.o
    0x08002fb0   0x08002fb0   0x000000be   Code   RO         3462    i.xQueueGenericSendFromISR  queue.o
    0x0800306e   0x0800306e   0x00000002   PAD
    0x08003070   0x08003070   0x00000138   Code   RO         3471    i.xQueueReceive     queue.o
    0x080031a8   0x080031a8   0x00000074   Code   RO         3882    i.xTaskCheckForTimeOut  tasks.o
    0x0800321c   0x0800321c   0x0000005a   Code   RO         3883    i.xTaskCreate       tasks.o
    0x08003276   0x08003276   0x00000056   Code   RO         3884    i.xTaskCreateStatic  tasks.o
    0x080032cc   0x080032cc   0x0000001c   Code   RO         3888    i.xTaskGetSchedulerState  tasks.o
    0x080032e8   0x080032e8   0x0000000c   Code   RO         3889    i.xTaskGetTickCount  tasks.o
    0x080032f4   0x080032f4   0x000000c8   Code   RO         3891    i.xTaskIncrementTick  tasks.o
    0x080033bc   0x080033bc   0x00000080   Code   RO         3894    i.xTaskPriorityDisinherit  tasks.o
    0x0800343c   0x0800343c   0x00000070   Code   RO         3896    i.xTaskRemoveFromEventList  tasks.o
    0x080034ac   0x080034ac   0x000000c4   Code   RO         3897    i.xTaskResumeAll    tasks.o
    0x08003570   0x08003570   0x00000060   Code   RO         4222    i.xTimerCreateTimerTask  timers.o
    0x080035d0   0x080035d0   0x00000068   Code   RO         4223    i.xTimerGenericCommand  timers.o
    0x08003638   0x08003638   0x00000048   Data   RO          220    .constdata          freertos.o
    0x08003680   0x08003680   0x00000012   Data   RO         1758    .constdata          stm32f1xx_hal_rcc.o
    0x08003692   0x08003692   0x00000010   Data   RO         3234    .constdata          system_stm32f1xx.o
    0x080036a2   0x080036a2   0x00000008   Data   RO         3235    .constdata          system_stm32f1xx.o
    0x080036aa   0x080036aa   0x00000002   PAD
    0x080036ac   0x080036ac   0x00000018   Data   RO          221    .conststring        freertos.o
    0x080036c4   0x080036c4   0x00000020   Data   RO         5198    Region$$Table       anon$$obj.o


    Execution Region RW_IRAM1 (Exec base: 0x20000000, Load base: 0x080036e4, Size: 0x00002298, Max: 0x00005000, ABSOLUTE)

    Exec Addr    Load Addr    Size         Type   Attr      Idx    E Section Name        Object

    0x20000000   0x080036e4   0x00000008   Data   RW          222    .data               freertos.o
    0x20000008   0x080036ec   0x0000000c   Data   RW         1595    .data               stm32f1xx_hal.o
    0x20000014   0x080036f8   0x00000004   Data   RW         3236    .data               system_stm32f1xx.o
    0x20000018   0x080036fc   0x0000003c   Data   RW         3900    .data               tasks.o
    0x20000054   0x08003738   0x00000014   Data   RW         4231    .data               timers.o
    0x20000068   0x0800374c   0x00000004   Data   RW         4456    .data               cmsis_os2.o
    0x2000006c   0x08003750   0x00000020   Data   RW         4902    .data               heap_4.o
    0x2000008c   0x08003770   0x0000000c   Data   RW         4958    .data               port.o
    0x20000098        -       0x000000e0   Zero   RW          293    .bss                spi.o
    0x20000178        -       0x000001a0   Zero   RW          336    .bss                usart.o
    0x20000318        -       0x00000048   Zero   RW          525    .bss                stm32f1xx_hal_timebase_tim.o
    0x20000360        -       0x00000040   Zero   RW         3475    .bss                queue.o
    0x200003a0        -       0x000004c4   Zero   RW         3899    .bss                tasks.o
    0x20000864        -       0x00000118   Zero   RW         4230    .bss                timers.o
    0x2000097c        -       0x000006b8   Zero   RW         4455    .bss                cmsis_os2.o
    0x20001034        -       0x00000c00   Zero   RW         4901    .bss                heap_4.o
    0x20001c34        -       0x00000060   Zero   RW         5072    .bss                c_w.l(libspace.o)
    0x20001c94   0x0800377c   0x00000004   PAD
    0x20001c98        -       0x00000200   Zero   RW            2    HEAP                startup_stm32f103xb.o
    0x20001e98        -       0x00000400   Zero   RW            1    STACK               startup_stm32f103xb.o


==============================================================================

Image component sizes


      Code (inc. data)   RO Data    RW Data    ZI Data      Debug   Object Name

       326         22          0          4       1720      59007   cmsis_os2.o
       124          4          0          0          0        838   dma.o
         0          0          0          0          0      19708   event_groups.o
       136         20         96          8          0       2369   freertos.o
       152         14          0          0          0        967   gpio.o
       472         24          0         32       3072       4883   heap_4.o
       138          0          0          0          0       3510   list.o
       162          6          0          0          0     445820   main.o
       662         70          0         12          0      10973   port.o
      1514         20          0          0         64      17356   queue.o
       300         30          0          0        224       1927   spi.o
        64         26        236          0       1536        832   startup_stm32f103xb.o
        64         14          0         12          0       4758   stm32f1xx_hal.o
       158         14          0          0          0      28278   stm32f1xx_hal_cortex.o
       654         36          0          0          0       3487   stm32f1xx_hal_dma.o
       490         34          0          0          0       2952   stm32f1xx_hal_gpio.o
        72         10          0          0          0        910   stm32f1xx_hal_msp.o
      1342        102         18          0          0       7476   stm32f1xx_hal_rcc.o
       420          4          0          0          0       3316   stm32f1xx_hal_spi.o
       612         24          0          0          0       7372   stm32f1xx_hal_tim.o
         4          0          0          0          0       1641   stm32f1xx_hal_tim_ex.o
       152         20          0          0         72       1535   stm32f1xx_hal_timebase_tim.o
      1200         10          0          0          0       8200   stm32f1xx_hal_uart.o
       136         60          0          0          0       7327   stm32f1xx_it.o
         0          0          0          0          0        392   stream_buffer.o
         2          0         24          4          0       1179   system_stm32f1xx.o
      2084        168          0         60       1220      26700   tasks.o
       972         80          0         20        280      32375   timers.o
       520         42          0          0        416       2831   usart.o

    ----------------------------------------------------------------------
     12966        854        408        152       8604     708919   Object Totals
         0          0         32          0          0          0   (incl. Generated)
        34          0          2          0          0          0   (incl. Padding)

    ----------------------------------------------------------------------

      Code (inc. data)   RO Data    RW Data    ZI Data      Debug   Library Member Name

         8          0          0          0          0         68   __main.o
         0          0          0          0          0          0   __rtentry.o
        12          0          0          0          0          0   __rtentry2.o
         6          0          0          0          0          0   __rtentry4.o
        52          8          0          0          0          0   __scatter.o
        26          0          0          0          0          0   __scatter_copy.o
        28          0          0          0          0          0   __scatter_zi.o
        16          0          0          0          0         68   aeabi_memset.o
        18          0          0          0          0         80   exit.o
         6          0          0          0          0        152   heapauxi.o
         0          0          0          0          0          0   indicate_semi.o
         2          0          0          0          0          0   libinit.o
         2          0          0          0          0          0   libinit2.o
         2          0          0          0          0          0   libshutdown.o
         2          0          0          0          0          0   libshutdown2.o
         8          4          0          0         96         68   libspace.o
        68          0          0          0          0         68   rt_memclr.o
        78          0          0          0          0         80   rt_memclr_w.o
       138          0          0          0          0         68   rt_memcpy_v6.o
       100          0          0          0          0         80   rt_memcpy_w.o
         2          0          0          0          0          0   rtexit.o
        10          0          0          0          0          0   rtexit2.o
        12          4          0          0          0         68   sys_exit.o
        74          0          0          0          0         80   sys_stackheap_outer.o
         2          0          0          0          0         68   use_no_semi.o

    ----------------------------------------------------------------------
       678         16          0          0        100        948   Library Totals
         6          0          0          0          4          0   (incl. Padding)

    ----------------------------------------------------------------------

      Code (inc. data)   RO Data    RW Data    ZI Data      Debug   Library Name

       672         16          0          0         96        948   c_w.l

    ----------------------------------------------------------------------
       678         16          0          0        100        948   Library Totals

    ----------------------------------------------------------------------

==============================================================================


      Code (inc. data)   RO Data    RW Data    ZI Data      Debug   

     13644        870        408        152       8704     701959   Grand Totals
     13644        870        408        152       8704     701959   ELF Image Totals
     13644        870        408        152          0          0   ROM Totals

==============================================================================

    Total RO  Size (Code + RO Data)                14052 (  13.72kB)
    Total RW  Size (RW Data + ZI Data)              8856 (   8.65kB)
    Total ROM Size (Code + RO Data + RW Data)      14204 (  13.87kB)

==============================================================================

