Component: ARM Compiler 5.06 update 6 (build 750) Tool: armlink [4d35ed]

==============================================================================

Section Cross References

    startup_stm32f103xb.o(STACK) refers (Special) to heapauxi.o(.text) for __use_two_region_memory
    startup_stm32f103xb.o(HEAP) refers (Special) to heapauxi.o(.text) for __use_two_region_memory
    startup_stm32f103xb.o(RESET) refers (Special) to heapauxi.o(.text) for __use_two_region_memory
    startup_stm32f103xb.o(RESET) refers to startup_stm32f103xb.o(STACK) for __initial_sp
    startup_stm32f103xb.o(RESET) refers to startup_stm32f103xb.o(.text) for Reset_Handler
    startup_stm32f103xb.o(RESET) refers to stm32f1xx_it.o(i.NMI_Handler) for NMI_Handler
    startup_stm32f103xb.o(RESET) refers to stm32f1xx_it.o(i.HardFault_Handler) for HardFault_Handler
    startup_stm32f103xb.o(RESET) refers to stm32f1xx_it.o(i.MemManage_Handler) for MemManage_Handler
    startup_stm32f103xb.o(RESET) refers to stm32f1xx_it.o(i.BusFault_Handler) for BusFault_Handler
    startup_stm32f103xb.o(RESET) refers to stm32f1xx_it.o(i.UsageFault_Handler) for UsageFault_Handler
    startup_stm32f103xb.o(RESET) refers to port.o(.emb_text) for SVC_Handler
    startup_stm32f103xb.o(RESET) refers to stm32f1xx_it.o(i.DebugMon_Handler) for DebugMon_Handler
    startup_stm32f103xb.o(RESET) refers to cmsis_os2.o(i.SysTick_Handler) for SysTick_Handler
    startup_stm32f103xb.o(RESET) refers to stm32f1xx_it.o(i.EXTI1_IRQHandler) for EXTI1_IRQHandler
    startup_stm32f103xb.o(RESET) refers to stm32f1xx_it.o(i.DMA1_Channel2_IRQHandler) for DMA1_Channel2_IRQHandler
    startup_stm32f103xb.o(RESET) refers to stm32f1xx_it.o(i.DMA1_Channel3_IRQHandler) for DMA1_Channel3_IRQHandler
    startup_stm32f103xb.o(RESET) refers to stm32f1xx_it.o(i.DMA1_Channel4_IRQHandler) for DMA1_Channel4_IRQHandler
    startup_stm32f103xb.o(RESET) refers to stm32f1xx_it.o(i.DMA1_Channel5_IRQHandler) for DMA1_Channel5_IRQHandler
    startup_stm32f103xb.o(RESET) refers to stm32f1xx_it.o(i.DMA1_Channel6_IRQHandler) for DMA1_Channel6_IRQHandler
    startup_stm32f103xb.o(RESET) refers to stm32f1xx_it.o(i.DMA1_Channel7_IRQHandler) for DMA1_Channel7_IRQHandler
    startup_stm32f103xb.o(RESET) refers to stm32f1xx_it.o(i.TIM2_IRQHandler) for TIM2_IRQHandler
    startup_stm32f103xb.o(RESET) refers to stm32f1xx_it.o(i.TIM4_IRQHandler) for TIM4_IRQHandler
    startup_stm32f103xb.o(RESET) refers to stm32f1xx_it.o(i.SPI1_IRQHandler) for SPI1_IRQHandler
    startup_stm32f103xb.o(RESET) refers to stm32f1xx_it.o(i.USART1_IRQHandler) for USART1_IRQHandler
    startup_stm32f103xb.o(RESET) refers to stm32f1xx_it.o(i.USART2_IRQHandler) for USART2_IRQHandler
    startup_stm32f103xb.o(.text) refers (Special) to heapauxi.o(.text) for __use_two_region_memory
    startup_stm32f103xb.o(.text) refers to system_stm32f1xx.o(i.SystemInit) for SystemInit
    startup_stm32f103xb.o(.text) refers to __main.o(!!!main) for __main
    startup_stm32f103xb.o(.text) refers to startup_stm32f103xb.o(HEAP) for Heap_Mem
    startup_stm32f103xb.o(.text) refers to startup_stm32f103xb.o(STACK) for Stack_Mem
    main.o(i.HAL_TIM_PeriodElapsedCallback) refers to stm32f1xx_hal.o(i.HAL_IncTick) for HAL_IncTick
    main.o(i.SystemClock_Config) refers to rt_memclr_w.o(.text) for __aeabi_memclr4
    main.o(i.SystemClock_Config) refers to stm32f1xx_hal_rcc.o(i.HAL_RCC_OscConfig) for HAL_RCC_OscConfig
    main.o(i.SystemClock_Config) refers to main.o(i.Error_Handler) for Error_Handler
    main.o(i.SystemClock_Config) refers to stm32f1xx_hal_rcc.o(i.HAL_RCC_ClockConfig) for HAL_RCC_ClockConfig
    main.o(i.SystemClock_Config) refers to stm32f1xx_hal_rcc.o(i.HAL_RCC_EnableCSS) for HAL_RCC_EnableCSS
    main.o(i.main) refers to stm32f1xx_hal.o(i.HAL_Init) for HAL_Init
    main.o(i.main) refers to main.o(i.SystemClock_Config) for SystemClock_Config
    main.o(i.main) refers to gpio.o(i.MX_GPIO_Init) for MX_GPIO_Init
    main.o(i.main) refers to dma.o(i.MX_DMA_Init) for MX_DMA_Init
    main.o(i.main) refers to spi.o(i.MX_SPI1_Init) for MX_SPI1_Init
    main.o(i.main) refers to usart.o(i.MX_USART1_UART_Init) for MX_USART1_UART_Init
    main.o(i.main) refers to usart.o(i.MX_USART2_UART_Init) for MX_USART2_UART_Init
    main.o(i.main) refers to tim.o(i.MX_TIM2_Init) for MX_TIM2_Init
    main.o(i.main) refers to iwdg.o(i.MX_IWDG_Init) for MX_IWDG_Init
    main.o(i.main) refers to cmsis_os2.o(i.osKernelInitialize) for osKernelInitialize
    main.o(i.main) refers to freertos.o(i.MX_FREERTOS_Init) for MX_FREERTOS_Init
    main.o(i.main) refers to cmsis_os2.o(i.osKernelStart) for osKernelStart
    gpio.o(i.MX_GPIO_Init) refers to stm32f1xx_hal_gpio.o(i.HAL_GPIO_WritePin) for HAL_GPIO_WritePin
    gpio.o(i.MX_GPIO_Init) refers to stm32f1xx_hal_gpio.o(i.HAL_GPIO_Init) for HAL_GPIO_Init
    gpio.o(i.MX_GPIO_Init) refers to stm32f1xx_hal_cortex.o(i.HAL_NVIC_SetPriority) for HAL_NVIC_SetPriority
[...]
    .data                                    0x200000fa   Section       12  modbus.o(.data)
    tx_data                                  0x200000fa   Data           5  modbus.o(.data)
    modbusSOneReg                            0x20000100   Data           6  modbus.o(.data)
    .bss                                     0x20000108   Section      208  freertos.o(.bss)
    adc_data                                 0x20000108   Data          74  freertos.o(.bss)
    analog_data                              0x20000154   Data          40  freertos.o(.bss)
    rx_sbuff                                 0x2000017c   Data          51  freertos.o(.bss)
    analogData                               0x200001b0   Data          40  freertos.o(.bss)
    .bss                                     0x200001d8   Section       12  iwdg.o(.bss)
    .bss                                     0x200001e4   Section      224  spi.o(.bss)
    .bss                                     0x200002c4   Section       72  tim.o(.bss)
    .bss                                     0x20000310   Section       51  usart.o(.bss)
    .bss                                     0x20000348   Section      468  usart.o(.bss)
    .bss                                     0x2000051c   Section       72  stm32f1xx_hal_timebase_tim.o(.bss)
    .bss                                     0x20000564   Section       64  queue.o(.bss)
    .bss                                     0x200005a4   Section     1220  tasks.o(.bss)
    pxReadyTasksLists                        0x200005a4   Data        1120  tasks.o(.bss)
    xDelayedTaskList1                        0x20000a04   Data          20  tasks.o(.bss)
    xDelayedTaskList2                        0x20000a18   Data          20  tasks.o(.bss)
    xPendingReadyList                        0x20000a2c   Data          20  tasks.o(.bss)
    xTasksWaitingTermination                 0x20000a40   Data          20  tasks.o(.bss)
    xSuspendedTaskList                       0x20000a54   Data          20  tasks.o(.bss)
    .bss                                     0x20000a68   Section      284  timers.o(.bss)
    xStaticTimerQueue                        0x20000a68   Data          84  timers.o(.bss)
    ucStaticTimerQueueStorage                0x20000abc   Data         160  timers.o(.bss)
    xActiveTimerList1                        0x20000b5c   Data          20  timers.o(.bss)
    xActiveTimerList2                        0x20000b70   Data          20  timers.o(.bss)
    .bss                                     0x20000b84   Section     1720  cmsis_os2.o(.bss)
    Idle_TCB                                 0x20000b84   Data          92  cmsis_os2.o(.bss)
    Idle_Stack                               0x20000be0   Data         512  cmsis_os2.o(.bss)
    Timer_TCB                                0x20000de0   Data          92  cmsis_os2.o(.bss)
    Timer_Stack                              0x20000e3c   Data        1024  cmsis_os2.o(.bss)
    .bss                                     0x2000123c   Section    10240  heap_4.o(.bss)
    ucHeap                                   0x2000123c   Data       10240  heap_4.o(.bss)
    .bss                                     0x20003a3c   Section       74  tlc2543.o(.bss)
    .bss                                     0x20003a88   Section      216  tlc2543.o(.bss)
    last_val                                 0x20003a88   Data          36  tlc2543.o(.bss)
    buffer                                   0x20003aac   Data         162  tlc2543.o(.bss)
    last_val                                 0x20003b4e   Data          18  tlc2543.o(.bss)
    .bss                                     0x20003b60   Section       18  modbus.o(.bss)
    .bss                                     0x20003b74   Section       96  libspace.o(.bss)
    HEAP                                     0x20003bd8   Section      512  startup_stm32f103xb.o(HEAP)
    Heap_Mem                                 0x20003bd8   Data         512  startup_stm32f103xb.o(HEAP)
    STACK                                    0x20003dd8   Section     1024  startup_stm32f103xb.o(STACK)
    Stack_Mem                                0x20003dd8   Data        1024  startup_stm32f103xb.o(STACK)
    __initial_sp                             0x200041d8   Data           0  startup_stm32f103xb.o(STACK)

    Global Symbols

    Symbol Name                              Value     Ov Type        Size  Object(Section)

    BuildAttributes$$THM_ISAv4$P$D$K$B$S$PE$A:L22UL41UL21$X:L11$S22US41US21$IEEE1$IW$USESV6$~STKCKD$USESV7$~SHL$OTIME$ROPI$IEEEJ$EBA8$UX$STANDARDLIB$REQ8$PRES8$EABIv2 0x00000000   Number         0  anon$$obj.o ABSOLUTE
    __ARM_use_no_argv                        0x00000000   Number         0  main.o ABSOLUTE
    _printf_flags                            0x00000000   Number         0  printf_stubs.o ABSOLUTE
    _printf_return_value                     0x00000000   Number         0  printf_stubs.o ABSOLUTE
    _printf_sizespec                         0x00000000   Number         0  printf_stubs.o ABSOLUTE
    _printf_widthprec                        0x00000000   Number         0  printf_stubs.o ABSOLUTE
    __ARM_exceptions_init                     - Undefined Weak Reference
    __alloca_initialize                       - Undefined Weak Reference
    __arm_preinit_                            - Undefined Weak Reference
    __cpp_initialize__aeabi_                  - Undefined Weak Reference
    __cxa_finalize                            - Undefined Weak Reference
    __sigvec_lookup                           - Undefined Weak Reference
    _atexit_init                              - Undefined Weak Reference
    _call_atexit_fns                          - Undefined Weak Reference
    _clock_init                               - Undefined Weak Reference
    _fp_trap_init                             - Undefined Weak Reference
    _fp_trap_shutdown                         - Undefined Weak Reference
    _get_lc_collate                           - Undefined Weak Reference
    _get_lc_monetary                          - Undefined Weak Reference
    _get_lc_time                              - Undefined Weak Reference
    _getenv_init                              - Undefined Weak Reference
    _handle_redirection                       - Undefined Weak Reference
    _init_alloc                               - Undefined Weak Reference
    _init_user_alloc                          - Undefined Weak Reference
    _initio                                   - Undefined Weak Reference
    _mutex_acquire                            - Undefined Weak Reference
    _mutex_release                            - Undefined Weak Reference
    _printf_mbtowc                            - Undefined Weak Reference
    _printf_wc                                - Undefined Weak Reference
    _rand_init                                - Undefined Weak Reference
    _signal_finish                            - Undefined Weak Reference
    _signal_init                              - Undefined Weak Reference
    _terminate_alloc                          - Undefined Weak Reference
    _terminate_user_alloc                     - Undefined Weak Reference
    _terminateio                              - Undefined Weak Reference
    __Vectors_Size                           0x000000ec   Number         0  startup_stm32f103xb.o ABSOLUTE
    __Vectors                                0x08000000   Data           4  startup_stm32f103xb.o(RESET)
    __Vectors_End                            0x080000ec   Data           0  startup_stm32f103xb.o(RESET)
    __main                                   0x080000ed   Thumb Code     8  __main.o(!!!main)
    __scatterload                            0x080000f5   Thumb Code     0  __scatter.o(!!!scatter)
    __scatterload_rt2                        0x080000f5   Thumb Code    44  __scatter.o(!!!scatter)
    __scatterload_rt2_thumb_only             0x080000f5   Thumb Code     0  __scatter.o(!!!scatter)
    __scatterload_null                       0x08000103   Thumb Code     0  __scatter.o(!!!scatter)
    __scatterload_copy                       0x08000129   Thumb Code    26  __scatter_copy.o(!!handler_copy)
    __scatterload_zeroinit                   0x08000145   Thumb Code    28  __scatter_zi.o(!!handler_zi)
    _printf_percent                          0x08000161   Thumb Code     0  _printf_percent.o(.ARM.Collect$$_printf_percent$$00000000)
    _printf_percent_end                      0x08000161   Thumb Code     0  _printf_percent_end.o(.ARM.Collect$$_printf_percent$$00000017)
    __rt_lib_init                            0x08000165   Thumb Code     0  libinit.o(.ARM.Collect$$libinit$$00000000)
    __rt_lib_init_alloca_1                   0x08000167   Thumb Code     0  libinit2.o(.ARM.Collect$$libinit$$0000002E)
    __rt_lib_init_argv_1                     0x08000167   Thumb Code     0  libinit2.o(.ARM.Collect$$libinit$$0000002C)
    __rt_lib_init_atexit_1                   0x08000167   Thumb Code     0  libinit2.o(.ARM.Collect$$libinit$$0000001B)
    __rt_lib_init_clock_1                    0x08000167   Thumb Code     0  libinit2.o(.ARM.Collect$$libinit$$00000021)
    __rt_lib_init_cpp_1                      0x08000167   Thumb Code     0  libinit2.o(.ARM.Collect$$libinit$$00000032)
    __rt_lib_init_exceptions_1               0x08000167   Thumb Code     0  libinit2.o(.ARM.Collect$$libinit$$00000030)
    __rt_lib_init_fp_1                       0x08000167   Thumb Code     0  libinit2.o(.ARM.Collect$$libinit$$00000002)
    __rt_lib_init_fp_trap_1                  0x08000167   Thumb Code     0  libinit2.o(.ARM.Collect$$libinit$$0000001F)
    __rt_lib_init_getenv_1                   0x08000167   Thumb Code     0  libinit2.o(.ARM.Collect$$libinit$$00000023)
    __rt_lib_init_heap_1                     0x08000167   Thumb Code     0  libinit2.o(.ARM.Collect$$libinit$$0000000A)
    __rt_lib_init_lc_collate_1               0x08000167   Thumb Code     0  libinit2.o(.ARM.Collect$$libinit$$00000011)
    __rt_lib_init_lc_ctype_1                 0x08000167   Thumb Code     0  libinit2.o(.ARM.Collect$$libinit$$00000013)
    __rt_lib_init_lc_monetary_1              0x08000167   Thumb Code     0  libinit2.o(.ARM.Collect$$libinit$$00000015)
    __rt_lib_init_lc_numeric_1               0x08000167   Thumb Code     0  libinit2.o(.ARM.Collect$$libinit$$00000017)
    __rt_lib_init_lc_time_1                  0x08000167   Thumb Code     0  libinit2.o(.ARM.Collect$$libinit$$00000019)
    __rt_lib_init_preinit_1                  0x08000167   Thumb Code     0  libinit2.o(.ARM.Collect$$libinit$$00000004)
    __rt_lib_init_rand_1                     0x08000167   Thumb Code     0  libinit2.o(.ARM.Collect$$libinit$$0000000E)
    __rt_lib_init_return                     0x08000167   Thumb Code     0  libinit2.o(.ARM.Collect$$libinit$$00000033)
    __rt_lib_init_signal_1                   0x08000167   Thumb Code     0  libinit2.o(.ARM.Collect$$libinit$$0000001D)
    __rt_lib_init_stdio_1                    0x08000167   Thumb Code     0  libinit2.o(.ARM.Collect$$libinit$$00000025)
    __rt_lib_init_user_alloc_1               0x08000167   Thumb Code     0  libinit2.o(.ARM.Collect$$libinit$$0000000C)
    __rt_lib_shutdown                        0x08000169   Thumb Code     0  libshutdown.o(.ARM.Collect$$libshutdown$$00000000)
    __rt_lib_shutdown_cpp_1                  0x0800016b   Thumb Code     0  libshutdown2.o(.ARM.Collect$$libshutdown$$00000002)
    __rt_lib_shutdown_fp_trap_1              0x0800016b   Thumb Code     0  libshutdown2.o(.ARM.Collect$$libshutdown$$00000007)
    __rt_lib_shutdown_heap_1                 0x0800016b   Thumb Code     0  libshutdown2.o(.ARM.Collect$$libshutdown$$0000000F)
    __rt_lib_shutdown_return                 0x0800016b   Thumb Code     0  libshutdown2.o(.ARM.Collect$$libshutdown$$00000010)
    __rt_lib_shutdown_signal_1               0x0800016b   Thumb Code     0  libshutdown2.o(.ARM.Collect$$libshutdown$$0000000A)
    __rt_lib_shutdown_stdio_1                0x0800016b   Thumb Code     0  libshutdown2.o(.ARM.Collect$$libshutdown$$00000004)
    __rt_lib_shutdown_user_alloc_1           0x0800016b   Thumb Code     0  libshutdown2.o(.ARM.Collect$$libshutdown$$0000000C)
    __rt_entry                               0x0800016d   Thumb Code     0  __rtentry.o(.ARM.Collect$$rtentry$$00000000)
    __rt_entry_presh_1                       0x0800016d   Thumb Code     0  __rtentry2.o(.ARM.Collect$$rtentry$$00000002)
    __rt_entry_sh                            0x0800016d   Thumb Code     0  __rtentry4.o(.ARM.Collect$$rtentry$$00000004)
    __rt_entry_li                            0x08000173   Thumb Code     0  __rtentry2.o(.ARM.Collect$$rtentry$$0000000A)
    __rt_entry_postsh_1                      0x08000173   Thumb Code     0  __rtentry2.o(.ARM.Collect$$rtentry$$00000009)
    __rt_entry_main                          0x08000177   Thumb Code     0  __rtentry2.o(.ARM.Collect$$rtentry$$0000000D)
    __rt_entry_postli_1                      0x08000177   Thumb Code     0  __rtentry2.o(.ARM.Collect$$rtentry$$0000000C)
    __rt_exit                                0x0800017f   Thumb Code     0  rtexit.o(.ARM.Collect$$rtexit$$00000000)
    __rt_exit_ls                             0x08000181   Thumb Code     0  rtexit2.o(.ARM.Collect$$rtexit$$00000003)
    __rt_exit_prels_1                        0x08000181   Thumb Code     0  rtexit2.o(.ARM.Collect$$rtexit$$00000002)
    __rt_exit_exit                           0x08000185   Thumb Code     0  rtexit2.o(.ARM.Collect$$rtexit$$00000004)
    SVC_Handler                              0x0800018d   Thumb Code    32  port.o(.emb_text)
    __asm___6_port_c_39a90d8d__prvStartFirstTask 0x080001b1   Thumb Code    28  port.o(.emb_text)
    PendSV_Handler                           0x080001d1   Thumb Code    72  port.o(.emb_text)
    vPortGetIPSR                             0x0800021d   Thumb Code     6  port.o(.emb_text)
    Reset_Handler                            0x08000225   Thumb Code     8  startup_stm32f103xb.o(.text)
    ADC1_2_IRQHandler                        0x0800023f   Thumb Code     0  startup_stm32f103xb.o(.text)
    CAN1_RX1_IRQHandler                      0x0800023f   Thumb Code     0  startup_stm32f103xb.o(.text)
    CAN1_SCE_IRQHandler                      0x0800023f   Thumb Code     0  startup_stm32f103xb.o(.text)
    DMA1_Channel1_IRQHandler                 0x0800023f   Thumb Code     0  startup_stm32f103xb.o(.text)
    EXTI0_IRQHandler                         0x0800023f   Thumb Code     0  startup_stm32f103xb.o(.text)
    EXTI15_10_IRQHandler                     0x0800023f   Thumb Code     0  startup_stm32f103xb.o(.text)
    EXTI2_IRQHandler                         0x0800023f   Thumb Code     0  startup_stm32f103xb.o(.text)
    EXTI3_IRQHandler                         0x0800023f   Thumb Code     0  startup_stm32f103xb.o(.text)
    EXTI4_IRQHandler                         0x0800023f   Thumb Code     0  startup_stm32f103xb.o(.text)
    EXTI9_5_IRQHandler                       0x0800023f   Thumb Code     0  startup_stm32f103xb.o(.text)
    FLASH_IRQHandler                         0x0800023f   Thumb Code     0  startup_stm32f103xb.o(.text)
    I2C1_ER_IRQHandler                       0x0800023f   Thumb Code     0  startup_stm32f103xb.o(.text)
    I2C1_EV_IRQHandler                       0x0800023f   Thumb Code     0  startup_stm32f103xb.o(.text)
    I2C2_ER_IRQHandler                       0x0800023f   Thumb Code     0  startup_stm32f103xb.o(.text)
    I2C2_EV_IRQHandler                       0x0800023f   Thumb Code     0  startup_stm32f103xb.o(.text)
    PVD_IRQHandler                           0x0800023f   Thumb Code     0  startup_stm32f103xb.o(.text)
    RCC_IRQHandler                           0x0800023f   Thumb Code     0  startup_stm32f103xb.o(.text)
    RTC_Alarm_IRQHandler                     0x0800023f   Thumb Code     0  startup_stm32f103xb.o(.text)
    RTC_IRQHandler                           0x0800023f   Thumb Code     0  startup_stm32f103xb.o(.text)
    SPI2_IRQHandler                          0x0800023f   Thumb Code     0  startup_stm32f103xb.o(.text)
    TAMPER_IRQHandler                        0x0800023f   Thumb Code     0  startup_stm32f103xb.o(.text)
    TIM1_BRK_IRQHandler                      0x0800023f   Thumb Code     0  startup_stm32f103xb.o(.text)
    TIM1_CC_IRQHandler                       0x0800023f   Thumb Code     0  startup_stm32f103xb.o(.text)
    TIM1_TRG_COM_IRQHandler                  0x0800023f   Thumb Code     0  startup_stm32f103xb.o(.text)
    TIM1_UP_IRQHandler                       0x0800023f   Thumb Code     0  startup_stm32f103xb.o(.text)
    TIM3_IRQHandler                          0x0800023f   Thumb Code     0  startup_stm32f103xb.o(.text)
    USART3_IRQHandler                        0x0800023f   Thumb Code     0  startup_stm32f103xb.o(.text)
    USBWakeUp_IRQHandler                     0x0800023f   Thumb Code     0  startup_stm32f103xb.o(.text)
    USB_HP_CAN1_TX_IRQHandler                0x0800023f   Thumb Code     0  startup_stm32f103xb.o(.text)
    USB_LP_CAN1_RX0_IRQHandler               0x0800023f   Thumb Code     0  startup_stm32f103xb.o(.text)
    WWDG_IRQHandler                          0x0800023f   Thumb Code     0  startup_stm32f103xb.o(.text)
    __user_initial_stackheap                 0x08000241   Thumb Code     0  startup_stm32f103xb.o(.text)
    __use_no_semihosting                     0x08000265   Thumb Code     2  use_no_semi_2.o(.text)
    __2printf                                0x08000269   Thumb Code    20  __2printf.o(.text)
    __aeabi_memcpy                           0x08000281   Thumb Code     0  rt_memcpy_v6.o(.text)
    __rt_memcpy                              0x08000281   Thumb Code   138  rt_memcpy_v6.o(.text)
    _memcpy_lastbytes                        0x080002e7   Thumb Code     0  rt_memcpy_v6.o(.text)
    __aeabi_memset                           0x0800030b   Thumb Code    16  aeabi_memset.o(.text)
    __aeabi_memclr4                          0x0800031b   Thumb Code     0  rt_memclr_w.o(.text)
    __aeabi_memclr8                          0x0800031b   Thumb Code     0  rt_memclr_w.o(.text)
    __rt_memclr_w                            0x0800031b   Thumb Code    78  rt_memclr_w.o(.text)
    _memset_w                                0x0800031f   Thumb Code     0  rt_memclr_w.o(.text)
    __use_two_region_memory                  0x08000369   Thumb Code     2  heapauxi.o(.text)
    __rt_heap_escrow$2region                 0x0800036b   Thumb Code     2  heapauxi.o(.text)
    __rt_heap_expand$2region                 0x0800036d   Thumb Code     2  heapauxi.o(.text)
    __semihosting$guard                      0x0800036f   Thumb Code     0  use_no_semi.o(.text)
    __use_no_semihosting_swi                 0x0800036f   Thumb Code     2  use_no_semi.o(.text)
    _printf_char_common                      0x0800037b   Thumb Code    32  _printf_char_common.o(.text)
    _printf_char_file                        0x080003a1   Thumb Code    32  _printf_char_file.o(.text)
    __printf                                 0x080003c5   Thumb Code   388  __printf_flags_ss_wp.o(.text)
    __aeabi_memcpy4                          0x0800054d   Thumb Code     0  rt_memcpy_w.o(.text)
    __aeabi_memcpy8                          0x0800054d   Thumb Code     0  rt_memcpy_w.o(.text)
    __rt_memcpy_w                            0x0800054d   Thumb Code   100  rt_memcpy_w.o(.text)
    _memcpy_lastbytes_aligned                0x08000595   Thumb Code     0  rt_memcpy_w.o(.text)
    __aeabi_memclr                           0x080005b1   Thumb Code     0  rt_memclr.o(.text)
    __rt_memclr                              0x080005b1   Thumb Code    68  rt_memclr.o(.text)
    _memset                                  0x080005b5   Thumb Code     0  rt_memclr.o(.text)
    ferror                                   0x080005f5   Thumb Code     8  ferror.o(.text)
    __user_setup_stackheap                   0x080005fd   Thumb Code    74  sys_stackheap_outer.o(.text)
    exit                                     0x08000647   Thumb Code    18  exit.o(.text)
    __user_libspace                          0x08000659   Thumb Code     8  libspace.o(.text)
    __user_perproc_libspace                  0x08000659   Thumb Code     0  libspace.o(.text)
    __user_perthread_libspace                0x08000659   Thumb Code     0  libspace.o(.text)
    ADC_ReadTask                             0x08000661   Thumb Code   106  freertos.o(i.ADC_ReadTask)
    App_Tab_Get_CRC16                        0x08000729   Thumb Code    40  crc.o(i.App_Tab_Get_CRC16)
    BusFault_Handler                         0x08000755   Thumb Code     2  stm32f1xx_it.o(i.BusFault_Handler)
    DMA1_Channel2_IRQHandler                 0x08000759   Thumb Code     6  stm32f1xx_it.o(i.DMA1_Channel2_IRQHandler)
    DMA1_Channel3_IRQHandler                 0x08000765   Thumb Code     6  stm32f1xx_it.o(i.DMA1_Channel3_IRQHandler)
    DMA1_Channel4_IRQHandler                 0x08000771   Thumb Code     6  stm32f1xx_it.o(i.DMA1_Channel4_IRQHandler)
    DMA1_Channel5_IRQHandler                 0x0800077d   Thumb Code     6  stm32f1xx_it.o(i.DMA1_Channel5_IRQHandler)
    DMA1_Channel6_IRQHandler                 0x08000789   Thumb Code     6  stm32f1xx_it.o(i.DMA1_Channel6_IRQHandler)
    DMA1_Channel7_IRQHandler                 0x08000795   Thumb Code     6  stm32f1xx_it.o(i.DMA1_Channel7_IRQHandler)
    DebugMon_Handler                         0x080007cd   Thumb Code     2  stm32f1xx_it.o(i.DebugMon_Handler)
    EXTI1_IRQHandler                         0x080007d1   Thumb Code    46  stm32f1xx_it.o(i.EXTI1_IRQHandler)
    Error_Handler                            0x08000809   Thumb Code     4  main.o(i.Error_Handler)
    HAL_DMA_Abort                            0x0800080d   Thumb Code    70  stm32f1xx_hal_dma.o(i.HAL_DMA_Abort)
    HAL_DMA_Abort_IT                         0x08000855   Thumb Code   148  stm32f1xx_hal_dma.o(i.HAL_DMA_Abort_IT)
    HAL_DMA_IRQHandler                       0x080008ed   Thumb Code   336  stm32f1xx_hal_dma.o(i.HAL_DMA_IRQHandler)
    HAL_DMA_Init                             0x08000a55   Thumb Code    90  stm32f1xx_hal_dma.o(i.HAL_DMA_Init)
    HAL_DMA_Start_IT                         0x08000ab9   Thumb Code   116  stm32f1xx_hal_dma.o(i.HAL_DMA_Start_IT)
    HAL_GPIO_EXTI_Callback                   0x08000b2d   Thumb Code     2  stm32f1xx_hal_gpio.o(i.HAL_GPIO_EXTI_Callback)
    HAL_GPIO_EXTI_IRQHandler                 0x08000b31   Thumb Code    18  stm32f1xx_hal_gpio.o(i.HAL_GPIO_EXTI_IRQHandler)
    HAL_GPIO_Init                            0x08000b49   Thumb Code   464  stm32f1xx_hal_gpio.o(i.HAL_GPIO_Init)
    HAL_GPIO_ReadPin                         0x08000d39   Thumb Code    14  stm32f1xx_hal_gpio.o(i.HAL_GPIO_ReadPin)
    HAL_GPIO_WritePin                        0x08000d47   Thumb Code    14  stm32f1xx_hal_gpio.o(i.HAL_GPIO_WritePin)
    HAL_GetTick                              0x08000d55   Thumb Code     6  stm32f1xx_hal.o(i.HAL_GetTick)
    HAL_IWDG_Init                            0x08000d61   Thumb Code    94  stm32f1xx_hal_iwdg.o(i.HAL_IWDG_Init)
    HAL_IWDG_Refresh                         0x08000dbf   Thumb Code    12  stm32f1xx_hal_iwdg.o(i.HAL_IWDG_Refresh)
    HAL_IncTick                              0x08000dcd   Thumb Code    12  stm32f1xx_hal.o(i.HAL_IncTick)
    HAL_Init                                 0x08000ddd   Thumb Code    32  stm32f1xx_hal.o(i.HAL_Init)
    HAL_InitTick                             0x08000e01   Thumb Code   132  stm32f1xx_hal_timebase_tim.o(i.HAL_InitTick)
    HAL_MspInit                              0x08000e99   Thumb Code    62  stm32f1xx_hal_msp.o(i.HAL_MspInit)
    HAL_NVIC_EnableIRQ                       0x08000ee1   Thumb Code    26  stm32f1xx_hal_cortex.o(i.HAL_NVIC_EnableIRQ)
    HAL_NVIC_SetPriority                     0x08000efd   Thumb Code    60  stm32f1xx_hal_cortex.o(i.HAL_NVIC_SetPriority)
    HAL_NVIC_SetPriorityGrouping             0x08000f3d   Thumb Code    26  stm32f1xx_hal_cortex.o(i.HAL_NVIC_SetPriorityGrouping)
    HAL_RCC_CSSCallback                      0x08000f61   Thumb Code     2  stm32f1xx_hal_rcc.o(i.HAL_RCC_CSSCallback)
    HAL_RCC_ClockConfig                      0x08000f65   Thumb Code   318  stm32f1xx_hal_rcc.o(i.HAL_RCC_ClockConfig)
    HAL_RCC_EnableCSS                        0x080010b9   Thumb Code     8  stm32f1xx_hal_rcc.o(i.HAL_RCC_EnableCSS)
    HAL_RCC_GetClockConfig                   0x080010c5   Thumb Code    52  stm32f1xx_hal_rcc.o(i.HAL_RCC_GetClockConfig)
    HAL_RCC_GetHCLKFreq                      0x08001101   Thumb Code     6  stm32f1xx_hal_rcc.o(i.HAL_RCC_GetHCLKFreq)
    HAL_RCC_GetPCLK1Freq                     0x0800110d   Thumb Code    22  stm32f1xx_hal_rcc.o(i.HAL_RCC_GetPCLK1Freq)
    HAL_RCC_GetPCLK2Freq                     0x0800112d   Thumb Code    22  stm32f1xx_hal_rcc.o(i.HAL_RCC_GetPCLK2Freq)
    HAL_RCC_GetSysClockFreq                  0x0800114d   Thumb Code    58  stm32f1xx_hal_rcc.o(i.HAL_RCC_GetSysClockFreq)
    HAL_RCC_NMI_IRQHandler                   0x08001199   Thumb Code    20  stm32f1xx_hal_rcc.o(i.HAL_RCC_NMI_IRQHandler)
    HAL_RCC_OscConfig                        0x080011b1   Thumb Code   882  stm32f1xx_hal_rcc.o(i.HAL_RCC_OscConfig)
    HAL_SPI_ErrorCallback                    0x08001535   Thumb Code     2  stm32f1xx_hal_spi.o(i.HAL_SPI_ErrorCallback)
    HAL_SPI_IRQHandler                       0x08001539   Thumb Code   236  stm32f1xx_hal_spi.o(i.HAL_SPI_IRQHandler)
    HAL_SPI_Init                             0x08001629   Thumb Code   180  stm32f1xx_hal_spi.o(i.HAL_SPI_Init)
    HAL_SPI_MspInit                          0x080016dd   Thumb Code   208  spi.o(i.HAL_SPI_MspInit)
    HAL_SPI_RxCpltCallback                   0x080017c1   Thumb Code     2  stm32f1xx_hal_spi.o(i.HAL_SPI_RxCpltCallback)
    HAL_SPI_RxHalfCpltCallback               0x080017c3   Thumb Code     2  stm32f1xx_hal_spi.o(i.HAL_SPI_RxHalfCpltCallback)
    HAL_SPI_TransmitReceive_DMA              0x080017c5   Thumb Code   274  stm32f1xx_hal_spi.o(i.HAL_SPI_TransmitReceive_DMA)
    HAL_SPI_TxRxCpltCallback                 0x080018ed   Thumb Code   140  spi.o(i.HAL_SPI_TxRxCpltCallback)
    HAL_SPI_TxRxHalfCpltCallback             0x080019bd   Thumb Code     2  stm32f1xx_hal_spi.o(i.HAL_SPI_TxRxHalfCpltCallback)
    HAL_TIMEx_BreakCallback                  0x080019bf   Thumb Code     2  stm32f1xx_hal_tim_ex.o(i.HAL_TIMEx_BreakCallback)
    HAL_TIMEx_CommutCallback                 0x080019c1   Thumb Code     2  stm32f1xx_hal_tim_ex.o(i.HAL_TIMEx_CommutCallback)
    HAL_TIMEx_MasterConfigSynchronization    0x080019c5   Thumb Code    90  stm32f1xx_hal_tim_ex.o(i.HAL_TIMEx_MasterConfigSynchronization)
    HAL_TIM_Base_Init                        0x08001a2d   Thumb Code    74  stm32f1xx_hal_tim.o(i.HAL_TIM_Base_Init)
    HAL_TIM_Base_MspInit                     0x08001a79   Thumb Code    50  tim.o(i.HAL_TIM_Base_MspInit)
    HAL_TIM_Base_Start_IT                    0x08001ab1   Thumb Code    86  stm32f1xx_hal_tim.o(i.HAL_TIM_Base_Start_IT)
    HAL_TIM_Base_Stop_IT                     0x08001b15   Thumb Code    48  stm32f1xx_hal_tim.o(i.HAL_TIM_Base_Stop_IT)
    HAL_TIM_ConfigClockSource                0x08001b45   Thumb Code   232  stm32f1xx_hal_tim.o(i.HAL_TIM_ConfigClockSource)
    HAL_TIM_IC_CaptureCallback               0x08001c2d   Thumb Code     2  stm32f1xx_hal_tim.o(i.HAL_TIM_IC_CaptureCallback)
    HAL_TIM_IRQHandler                       0x08001c2f   Thumb Code   312  stm32f1xx_hal_tim.o(i.HAL_TIM_IRQHandler)
    HAL_TIM_OC_DelayElapsedCallback          0x08001d67   Thumb Code     2  stm32f1xx_hal_tim.o(i.HAL_TIM_OC_DelayElapsedCallback)
    HAL_TIM_PWM_PulseFinishedCallback        0x08001d69   Thumb Code     2  stm32f1xx_hal_tim.o(i.HAL_TIM_PWM_PulseFinishedCallback)
    HAL_TIM_PeriodElapsedCallback            0x08001d6d   Thumb Code    14  main.o(i.HAL_TIM_PeriodElapsedCallback)
    HAL_TIM_TriggerCallback                  0x08001d81   Thumb Code     2  stm32f1xx_hal_tim.o(i.HAL_TIM_TriggerCallback)
    HAL_UARTEx_RxEventCallback               0x08001d83   Thumb Code     2  stm32f1xx_hal_uart.o(i.HAL_UARTEx_RxEventCallback)
    HAL_UART_DMAStop                         0x08001d85   Thumb Code   112  stm32f1xx_hal_uart.o(i.HAL_UART_DMAStop)
    HAL_UART_ErrorCallback                   0x08001df5   Thumb Code     2  stm32f1xx_hal_uart.o(i.HAL_UART_ErrorCallback)
    HAL_UART_IRQHandler                      0x08001df9   Thumb Code   554  stm32f1xx_hal_uart.o(i.HAL_UART_IRQHandler)
    HAL_UART_Init                            0x08002029   Thumb Code   102  stm32f1xx_hal_uart.o(i.HAL_UART_Init)
    HAL_UART_MspInit                         0x08002091   Thumb Code   404  usart.o(i.HAL_UART_MspInit)
    HAL_UART_Receive_DMA                     0x0800223d   Thumb Code    28  stm32f1xx_hal_uart.o(i.HAL_UART_Receive_DMA)
    HAL_UART_RxCpltCallback                  0x08002259   Thumb Code     2  stm32f1xx_hal_uart.o(i.HAL_UART_RxCpltCallback)
    HAL_UART_RxHalfCpltCallback              0x0800225b   Thumb Code     2  stm32f1xx_hal_uart.o(i.HAL_UART_RxHalfCpltCallback)
    HAL_UART_Transmit_DMA                    0x0800225d   Thumb Code   112  stm32f1xx_hal_uart.o(i.HAL_UART_Transmit_DMA)
    HAL_UART_TxCpltCallback                  0x080022d9   Thumb Code     2  stm32f1xx_hal_uart.o(i.HAL_UART_TxCpltCallback)
    HAL_UART_TxHalfCpltCallback              0x080022db   Thumb Code     2  stm32f1xx_hal_uart.o(i.HAL_UART_TxHalfCpltCallback)
    HardFault_Handler                        0x080022dd   Thumb Code     2  stm32f1xx_it.o(i.HardFault_Handler)
    HoldReg_Task                             0x080022e1   Thumb Code   132  freertos.o(i.HoldReg_Task)
    IWDG_RefreshTask                         0x08002371   Thumb Code    14  freertos.o(i.IWDG_RefreshTask)
    MX_DMA_Init                              0x08002385   Thumb Code   120  dma.o(i.MX_DMA_Init)
    MX_FREERTOS_Init                         0x08002401   Thumb Code   196  freertos.o(i.MX_FREERTOS_Init)
    MX_GPIO_Init                             0x08002565   Thumb Code   156  gpio.o(i.MX_GPIO_Init)
    MX_IWDG_Init                             0x08002611   Thumb Code    36  iwdg.o(i.MX_IWDG_Init)
    MX_SPI1_Init                             0x0800263d   Thumb Code    62  spi.o(i.MX_SPI1_Init)
    MX_TIM2_Init                             0x08002685   Thumb Code    94  tim.o(i.MX_TIM2_Init)
    MX_USART1_UART_Init                      0x080026e9   Thumb Code    48  usart.o(i.MX_USART1_UART_Init)
    MX_USART2_UART_Init                      0x08002721   Thumb Code    48  usart.o(i.MX_USART2_UART_Init)
    MemManage_Handler                        0x08002759   Thumb Code     2  stm32f1xx_it.o(i.MemManage_Handler)
    Modbus_03Reply                           0x0800275d   Thumb Code   104  modbus.o(i.Modbus_03Reply)
    Modbus_06Reply                           0x080027d1   Thumb Code    70  modbus.o(i.Modbus_06Reply)
    Modbus_Analysis                          0x08002825   Thumb Code   226  modbus.o(i.Modbus_Analysis)
    NMI_Handler                              0x0800297d   Thumb Code     6  stm32f1xx_it.o(i.NMI_Handler)
    Run_LedTask                              0x080029a9   Thumb Code    76  freertos.o(i.Run_LedTask)
    SPI1_IRQHandler                          0x080029f9   Thumb Code     6  stm32f1xx_it.o(i.SPI1_IRQHandler)
    StartDefaultTask                         0x08002c81   Thumb Code     8  freertos.o(i.StartDefaultTask)
    SysTick_Handler                          0x08002c89   Thumb Code    26  cmsis_os2.o(i.SysTick_Handler)
    SystemClock_Config                       0x08002ca3   Thumb Code   102  main.o(i.SystemClock_Config)
    SystemInit                               0x08002d09   Thumb Code     2  system_stm32f1xx.o(i.SystemInit)
    TIM2_IRQHandler                          0x08002d0d   Thumb Code    86  stm32f1xx_it.o(i.TIM2_IRQHandler)
    TIM4_IRQHandler                          0x08002da1   Thumb Code     6  stm32f1xx_it.o(i.TIM4_IRQHandler)
    TIM_Base_SetConfig                       0x08002dad   Thumb Code   108  stm32f1xx_hal_tim.o(i.TIM_Base_SetConfig)
    TIM_ETR_SetConfig                        0x08002e25   Thumb Code    20  stm32f1xx_hal_tim.o(i.TIM_ETR_SetConfig)
    UART_Start_Receive_DMA                   0x080031dd   Thumb Code   134  stm32f1xx_hal_uart.o(i.UART_Start_Receive_DMA)
    USART1_IRQHandler                        0x080032d1   Thumb Code     6  stm32f1xx_it.o(i.USART1_IRQHandler)
    USART2_IRQHandler                        0x080032dd   Thumb Code   130  stm32f1xx_it.o(i.USART2_IRQHandler)
    UsageFault_Handler                       0x0800339d   Thumb Code     2  stm32f1xx_it.o(i.UsageFault_Handler)
    Usart2TxRx_Task                          0x080033a1   Thumb Code    52  freertos.o(i.Usart2TxRx_Task)
    _is_digit                                0x08003405   Thumb Code    14  __printf_wp.o(i._is_digit)
    _sys_exit                                0x08003413   Thumb Code     2  usart.o(i._sys_exit)
    adc_ConvertToData                        0x08003415   Thumb Code    90  tlc2543.o(i.adc_ConvertToData)
    adc_Get_Average                          0x08003475   Thumb Code   170  tlc2543.o(i.adc_Get_Average)
    adc_LowPass_Filter                       0x08003521   Thumb Code   124  tlc2543.o(i.adc_LowPass_Filter)
    fputc                                    0x080035a5   Thumb Code    18  usart.o(i.fputc)
    main                                     0x080035bd   Thumb Code    50  main.o(i.main)
    osDelay                                  0x080035ef   Thumb Code    28  cmsis_os2.o(i.osDelay)
    osKernelInitialize                       0x0800360d   Thumb Code    34  cmsis_os2.o(i.osKernelInitialize)
    osKernelStart                            0x08003635   Thumb Code    48  cmsis_os2.o(i.osKernelStart)
    osMessageQueueNew                        0x0800366d   Thumb Code   124  cmsis_os2.o(i.osMessageQueueNew)
    osThreadNew                              0x080036e9   Thumb Code   186  cmsis_os2.o(i.osThreadNew)
    pvPortMalloc                             0x08004041   Thumb Code   214  heap_4.o(i.pvPortMalloc)
    pxPortInitialiseStack                    0x0800411d   Thumb Code    24  port.o(i.pxPortInitialiseStack)
    tlc2543_Spi1_Start                       0x08004139   Thumb Code    22  tlc2543.o(i.tlc2543_Spi1_Start)
    tlc2543_Spi1_Stop                        0x08004159   Thumb Code    26  tlc2543.o(i.tlc2543_Spi1_Stop)
    uxListRemove                             0x08004181   Thumb Code    38  list.o(i.uxListRemove)
    vApplicationGetIdleTaskMemory            0x080041a9   Thumb Code    16  cmsis_os2.o(i.vApplicationGetIdleTaskMemory)
    vApplicationGetTimerTaskMemory           0x080041bd   Thumb Code    18  cmsis_os2.o(i.vApplicationGetTimerTaskMemory)
    vListInitialise                          0x080041d5   Thumb Code    22  list.o(i.vListInitialise)
    vListInitialiseItem                      0x080041eb   Thumb Code     6  list.o(i.vListInitialiseItem)
    vListInsert                              0x080041f1   Thumb Code    48  list.o(i.vListInsert)
    vListInsertEnd                           0x08004221   Thumb Code    24  list.o(i.vListInsertEnd)
    vPortEnterCritical                       0x08004239   Thumb Code    54  port.o(i.vPortEnterCritical)
    vPortExitCritical                        0x08004279   Thumb Code    38  port.o(i.vPortExitCritical)
    vPortFree                                0x080042a5   Thumb Code    94  heap_4.o(i.vPortFree)
    vPortSetupTimerInterrupt                 0x08004309   Thumb Code    32  port.o(i.vPortSetupTimerInterrupt)
    vPortValidateInterruptPriority           0x0800432d   Thumb Code    74  port.o(i.vPortValidateInterruptPriority)
    vQueueAddToRegistry                      0x08004381   Thumb Code    32  queue.o(i.vQueueAddToRegistry)
    vQueueWaitForMessageRestricted           0x080043a5   Thumb Code    70  queue.o(i.vQueueWaitForMessageRestricted)
    vTaskDelay                               0x080043ed   Thumb Code    70  tasks.o(i.vTaskDelay)
    vTaskInternalSetTimeOutState             0x0800443d   Thumb Code    12  tasks.o(i.vTaskInternalSetTimeOutState)
    vTaskMissedYield                         0x0800444d   Thumb Code     8  tasks.o(i.vTaskMissedYield)
    vTaskPlaceOnEventList                    0x08004459   Thumb Code    46  tasks.o(i.vTaskPlaceOnEventList)
    vTaskPlaceOnEventListRestricted          0x0800448d   Thumb Code    54  tasks.o(i.vTaskPlaceOnEventListRestricted)
    vTaskStartScheduler                      0x080044c9   Thumb Code   126  tasks.o(i.vTaskStartScheduler)
    vTaskSuspendAll                          0x08004559   Thumb Code    10  tasks.o(i.vTaskSuspendAll)
    vTaskSwitchContext                       0x08004569   Thumb Code    94  tasks.o(i.vTaskSwitchContext)
    xPortStartScheduler                      0x080045d1   Thumb Code   154  port.o(i.xPortStartScheduler)
    xPortSysTickHandler                      0x08004679   Thumb Code    38  port.o(i.xPortSysTickHandler)
    xQueueAddToSet                           0x080046a5   Thumb Code    38  queue.o(i.xQueueAddToSet)
    xQueueCreateSet                          0x080046cb   Thumb Code     8  queue.o(i.xQueueCreateSet)
    xQueueGenericCreate                      0x080046d3   Thumb Code    68  queue.o(i.xQueueGenericCreate)
    xQueueGenericCreateStatic                0x08004717   Thumb Code   108  queue.o(i.xQueueGenericCreateStatic)
    xQueueGenericReset                       0x08004785   Thumb Code   134  queue.o(i.xQueueGenericReset)
    xQueueGenericSend                        0x08004811   Thumb Code   390  queue.o(i.xQueueGenericSend)
    xQueueGenericSendFromISR                 0x0800499d   Thumb Code   222  queue.o(i.xQueueGenericSendFromISR)
    xQueueReceive                            0x08004a7d   Thumb Code   310  queue.o(i.xQueueReceive)
    xQueueSelectFromSet                      0x08004bb9   Thumb Code    18  queue.o(i.xQueueSelectFromSet)
    xTaskCheckForTimeOut                     0x08004bcd   Thumb Code   118  tasks.o(i.xTaskCheckForTimeOut)
    xTaskCreate                              0x08004c49   Thumb Code   100  tasks.o(i.xTaskCreate)
    xTaskCreateStatic                        0x08004cad   Thumb Code    92  tasks.o(i.xTaskCreateStatic)
    xTaskGetSchedulerState                   0x08004d09   Thumb Code    24  tasks.o(i.xTaskGetSchedulerState)
    xTaskGetTickCount                        0x08004d25   Thumb Code     6  tasks.o(i.xTaskGetTickCount)
    xTaskIncrementTick                       0x08004d31   Thumb Code   196  tasks.o(i.xTaskIncrementTick)
    xTaskPriorityDisinherit                  0x08004dfd   Thumb Code   116  tasks.o(i.xTaskPriorityDisinherit)
    xTaskRemoveFromEventList                 0x08004e79   Thumb Code   106  tasks.o(i.xTaskRemoveFromEventList)
    xTaskResumeAll                           0x08004ef1   Thumb Code   184  tasks.o(i.xTaskResumeAll)
    xTimerCreateTimerTask                    0x08004fb9   Thumb Code    86  timers.o(i.xTimerCreateTimerTask)
    xTimerGenericCommand                     0x08005021   Thumb Code   104  timers.o(i.xTimerGenericCommand)
    __aeabi_d2iz                             0x0800508d   Thumb Code     0  dfix.o(x$fpl$dfix)
    _dfix                                    0x0800508d   Thumb Code    94  dfix.o(x$fpl$dfix)
    __aeabi_i2d                              0x080050eb   Thumb Code     0  dflt_clz.o(x$fpl$dflt)
    _dflt                                    0x080050eb   Thumb Code    46  dflt_clz.o(x$fpl$dflt)
    __aeabi_dmul                             0x08005119   Thumb Code     0  dmul.o(x$fpl$dmul)
    _dmul                                    0x08005119   Thumb Code   332  dmul.o(x$fpl$dmul)
    __fpl_dnaninf                            0x0800526d   Thumb Code   156  dnaninf.o(x$fpl$dnaninf)
    __fpl_dretinf                            0x08005309   Thumb Code    12  dretinf.o(x$fpl$dretinf)
    __aeabi_fadd                             0x08005315   Thumb Code     0  faddsub_clz.o(x$fpl$fadd)
    _fadd                                    0x08005315   Thumb Code   196  faddsub_clz.o(x$fpl$fadd)
    __aeabi_f2uiz                            0x080053d9   Thumb Code     0  ffixu.o(x$fpl$ffixu)
    _ffixu                                   0x080053d9   Thumb Code    62  ffixu.o(x$fpl$ffixu)
    __aeabi_ui2f                             0x08005419   Thumb Code     0  fflt_clz.o(x$fpl$ffltu)
    _ffltu                                   0x08005419   Thumb Code    38  fflt_clz.o(x$fpl$ffltu)
    __aeabi_fmul                             0x08005441   Thumb Code     0  fmul.o(x$fpl$fmul)
    _fmul                                    0x08005441   Thumb Code   258  fmul.o(x$fpl$fmul)
    __fpl_fnaninf                            0x08005543   Thumb Code   140  fnaninf.o(x$fpl$fnaninf)
    __fpl_fretinf                            0x080055cf   Thumb Code    10  fretinf.o(x$fpl$fretinf)
    __aeabi_fsub                             0x080055d9   Thumb Code     0  faddsub_clz.o(x$fpl$fsub)
    _fsub                                    0x080055d9   Thumb Code   234  faddsub_clz.o(x$fpl$fsub)
    __I$use$fp                               0x080056c2   Number         0  usenofp.o(x$fpl$usenofp)
    defaultTask_attributes                   0x080056c4   Data          36  freertos.o(.constdata)
    RUNTask_attributes                       0x080056e8   Data          36  freertos.o(.constdata)
    ADCReadTask_attributes                   0x0800570c   Data          36  freertos.o(.constdata)
    IWDGRefreshTask_attributes               0x08005730   Data          36  freertos.o(.constdata)
    Usart2TxRxTask_attributes                0x08005754   Data          36  freertos.o(.constdata)
    HoldRegTask_attributes                   0x08005778   Data          36  freertos.o(.constdata)
    ADC_Queue_attributes                     0x0800579c   Data          24  freertos.o(.constdata)
    U2Rx_Queue_attributes                    0x080057b4   Data          24  freertos.o(.constdata)
    ModbusOneReg_Queue_attributes            0x080057cc   Data          24  freertos.o(.constdata)
    AnalogInputDataQueue_attributes          0x080057e4   Data          24  freertos.o(.constdata)
    AHBPrescTable                            0x0800580e   Data          16  system_stm32f1xx.o(.constdata)
    APBPrescTable                            0x0800581e   Data           8  system_stm32f1xx.o(.constdata)
    auchCRCHi                                0x08005826   Data         256  crc.o(.constdata)
    auchCRCLo                                0x08005926   Data         256  crc.o(.constdata)
    Region$$Table$$Base                      0x08005ac8   Number         0  anon$$obj.o(Region$$Table)
    Region$$Table$$Limit                     0x08005ae8   Number         0  anon$$obj.o(Region$$Table)
    defaultTaskHandle                        0x20000004   Data           4  freertos.o(.data)
    RUNTaskHandle                            0x20000008   Data           4  freertos.o(.data)
    ADCReadTaskHandle                        0x2000000c   Data           4  freertos.o(.data)
    IWDGRefreshTaskHandle                    0x20000010   Data           4  freertos.o(.data)
    Usart2TxRxTaskHandle                     0x20000014   Data           4  freertos.o(.data)
    HoldRegTaskHandle                        0x20000018   Data           4  freertos.o(.data)
    ADC_QueueHandle                          0x2000001c   Data           4  freertos.o(.data)
    U2Rx_QueueHandle                         0x20000020   Data           4  freertos.o(.data)
    ModbusOneReg_QueueHandle                 0x20000024   Data           4  freertos.o(.data)
    AnalogInputDataQueueHandle               0x20000028   Data           4  freertos.o(.data)
    __stdout                                 0x20000034   Data           4  usart.o(.data)
    uwTickFreq                               0x20000038   Data           1  stm32f1xx_hal.o(.data)
    uwTickPrio                               0x2000003c   Data           4  stm32f1xx_hal.o(.data)
    uwTick                                   0x20000040   Data           4  stm32f1xx_hal.o(.data)
    SystemCoreClock                          0x20000044   Data           4  system_stm32f1xx.o(.data)
    pxCurrentTCB                             0x20000048   Data           4  tasks.o(.data)
    TxBuffer                                 0x200000c8   Data           2  tlc2543.o(.data)
    RxBuffer                                 0x200000ca   Data           2  tlc2543.o(.data)
    Atomic_Channel_Marker                    0x200000d0   Data           4  tlc2543.o(.data)
    ADC_Channel                              0x200000d4   Data          37  tlc2543.o(.data)
    hiwdg                                    0x200001d8   Data          12  iwdg.o(.bss)
    hspi1                                    0x200001e4   Data          88  spi.o(.bss)
    hdma_spi1_rx                             0x2000023c   Data          68  spi.o(.bss)
    hdma_spi1_tx                             0x20000280   Data          68  spi.o(.bss)
    htim2                                    0x200002c4   Data          72  tim.o(.bss)
    U2Rx_SBuff                               0x20000310   Data          51  usart.o(.bss)
    U2Tx_SBuff                               0x20000348   Data          52  usart.o(.bss)
    huart1                                   0x2000037c   Data          72  usart.o(.bss)
    huart2                                   0x200003c4   Data          72  usart.o(.bss)
    hdma_usart1_rx                           0x2000040c   Data          68  usart.o(.bss)
    hdma_usart1_tx                           0x20000450   Data          68  usart.o(.bss)
    hdma_usart2_rx                           0x20000494   Data          68  usart.o(.bss)
    hdma_usart2_tx                           0x200004d8   Data          68  usart.o(.bss)
    htim4                                    0x2000051c   Data          72  stm32f1xx_hal_timebase_tim.o(.bss)
    xQueueRegistry                           0x20000564   Data          64  queue.o(.bss)
    ADC_Value                                0x20003a3c   Data          74  tlc2543.o(.bss)
    Modbus_Hold_Reg                          0x20003b60   Data          18  modbus.o(.bss)
    __libspace_start                         0x20003b74   Data          96  libspace.o(.bss)
    __temporary_stack_top$libspace           0x20003bd4   Data           0  libspace.o(.bss)



==============================================================================

Memory Map of the image

  Image Entry point : 0x080000ed

  Load Region LR_IROM1 (Base: 0x08000000, Size: 0x00005bf0, Max: 0x00010000, ABSOLUTE)

    Execution Region ER_IROM1 (Exec base: 0x08000000, Load base: 0x08000000, Size: 0x00005ae8, Max: 0x00010000, ABSOLUTE)

    Exec Addr    Load Addr    Size         Type   Attr      Idx    E Section Name        Object

    0x08000000   0x08000000   0x000000ec   Data   RO            3    RESET               startup_stm32f103xb.o
    0x080000ec   0x080000ec   0x00000008   Code   RO         5548  * !!!main             c_w.l(__main.o)
    0x080000f4   0x080000f4   0x00000034   Code   RO         5910    !!!scatter          c_w.l(__scatter.o)
    0x08000128   0x08000128   0x0000001a   Code   RO         5912    !!handler_copy      c_w.l(__scatter_copy.o)
    0x08000142   0x08000142   0x00000002   PAD
    0x08000144   0x08000144   0x0000001c   Code   RO         5914    !!handler_zi        c_w.l(__scatter_zi.o)
    0x08000160   0x08000160   0x00000000   Code   RO         5666    .ARM.Collect$$_printf_percent$$00000000  c_w.l(_printf_percent.o)
    0x08000160   0x08000160   0x00000004   Code   RO         5727    .ARM.Collect$$_printf_percent$$00000017  c_w.l(_printf_percent_end.o)
    0x08000164   0x08000164   0x00000002   Code   RO         5780    .ARM.Collect$$libinit$$00000000  c_w.l(libinit.o)
    0x08000166   0x08000166   0x00000000   Code   RO         5796    .ARM.Collect$$libinit$$00000002  c_w.l(libinit2.o)
    0x08000166   0x08000166   0x00000000   Code   RO         5798    .ARM.Collect$$libinit$$00000004  c_w.l(libinit2.o)
    0x08000166   0x08000166   0x00000000   Code   RO         5801    .ARM.Collect$$libinit$$0000000A  c_w.l(libinit2.o)
    0x08000166   0x08000166   0x00000000   Code   RO         5803    .ARM.Collect$$libinit$$0000000C  c_w.l(libinit2.o)
    0x08000166   0x08000166   0x00000000   Code   RO         5805    .ARM.Collect$$libinit$$0000000E  c_w.l(libinit2.o)
    0x08000166   0x08000166   0x00000000   Code   RO         5808    .ARM.Collect$$libinit$$00000011  c_w.l(libinit2.o)
    0x08000166   0x08000166   0x00000000   Code   RO         5810    .ARM.Collect$$libinit$$00000013  c_w.l(libinit2.o)
    0x08000166   0x08000166   0x00000000   Code   RO         5812    .ARM.Collect$$libinit$$00000015  c_w.l(libinit2.o)
    0x08000166   0x08000166   0x00000000   Code   RO         5814    .ARM.Collect$$libinit$$00000017  c_w.l(libinit2.o)
    0x08000166   0x08000166   0x00000000   Code   RO         5816    .ARM.Collect$$libinit$$00000019  c_w.l(libinit2.o)
    0x08000166   0x08000166   0x00000000   Code   RO         5818    .ARM.Collect$$libinit$$0000001B  c_w.l(libinit2.o)
    0x08000166   0x08000166   0x00000000   Code   RO         5820    .ARM.Collect$$libinit$$0000001D  c_w.l(libinit2.o)
    0x08000166   0x08000166   0x00000000   Code   RO         5822    .ARM.Collect$$libinit$$0000001F  c_w.l(libinit2.o)
    0x08000166   0x08000166   0x00000000   Code   RO         5824    .ARM.Collect$$libinit$$00000021  c_w.l(libinit2.o)
    0x08000166   0x08000166   0x00000000   Code   RO         5826    .ARM.Collect$$libinit$$00000023  c_w.l(libinit2.o)
    0x08000166   0x08000166   0x00000000   Code   RO         5828    .ARM.Collect$$libinit$$00000025  c_w.l(libinit2.o)
    0x08000166   0x08000166   0x00000000   Code   RO         5832    .ARM.Collect$$libinit$$0000002C  c_w.l(libinit2.o)
    0x08000166   0x08000166   0x00000000   Code   RO         5834    .ARM.Collect$$libinit$$0000002E  c_w.l(libinit2.o)
    0x08000166   0x08000166   0x00000000   Code   RO         5836    .ARM.Collect$$libinit$$00000030  c_w.l(libinit2.o)
    0x08000166   0x08000166   0x00000000   Code   RO         5838    .ARM.Collect$$libinit$$00000032  c_w.l(libinit2.o)
    0x08000166   0x08000166   0x00000002   Code   RO         5839    .ARM.Collect$$libinit$$00000033  c_w.l(libinit2.o)
    0x08000168   0x08000168   0x00000002   Code   RO         5857    .ARM.Collect$$libshutdown$$00000000  c_w.l(libshutdown.o)
    0x0800016a   0x0800016a   0x00000000   Code   RO         5865    .ARM.Collect$$libshutdown$$00000002  c_w.l(libshutdown2.o)
    0x0800016a   0x0800016a   0x00000000   Code   RO         5867    .ARM.Collect$$libshutdown$$00000004  c_w.l(libshutdown2.o)
    0x0800016a   0x0800016a   0x00000000   Code   RO         5870    .ARM.Collect$$libshutdown$$00000007  c_w.l(libshutdown2.o)
    0x0800016a   0x0800016a   0x00000000   Code   RO         5873    .ARM.Collect$$libshutdown$$0000000A  c_w.l(libshutdown2.o)
    0x0800016a   0x0800016a   0x00000000   Code   RO         5875    .ARM.Collect$$libshutdown$$0000000C  c_w.l(libshutdown2.o)
    0x0800016a   0x0800016a   0x00000000   Code   RO         5878    .ARM.Collect$$libshutdown$$0000000F  c_w.l(libshutdown2.o)
    0x0800016a   0x0800016a   0x00000002   Code   RO         5879    .ARM.Collect$$libshutdown$$00000010  c_w.l(libshutdown2.o)
    0x0800016c   0x0800016c   0x00000000   Code   RO         5582    .ARM.Collect$$rtentry$$00000000  c_w.l(__rtentry.o)
    0x0800016c   0x0800016c   0x00000000   Code   RO         5698    .ARM.Collect$$rtentry$$00000002  c_w.l(__rtentry2.o)
    0x0800016c   0x0800016c   0x00000006   Code   RO         5710    .ARM.Collect$$rtentry$$00000004  c_w.l(__rtentry4.o)
    0x08000172   0x08000172   0x00000000   Code   RO         5700    .ARM.Collect$$rtentry$$00000009  c_w.l(__rtentry2.o)
    0x08000172   0x08000172   0x00000004   Code   RO         5701    .ARM.Collect$$rtentry$$0000000A  c_w.l(__rtentry2.o)
    0x08000176   0x08000176   0x00000000   Code   RO         5703    .ARM.Collect$$rtentry$$0000000C  c_w.l(__rtentry2.o)
    0x08000176   0x08000176   0x00000008   Code   RO         5704    .ARM.Collect$$rtentry$$0000000D  c_w.l(__rtentry2.o)
    0x0800017e   0x0800017e   0x00000002   Code   RO         5788    .ARM.Collect$$rtexit$$00000000  c_w.l(rtexit.o)
    0x08000180   0x08000180   0x00000000   Code   RO         5841    .ARM.Collect$$rtexit$$00000002  c_w.l(rtexit2.o)
    0x08000180   0x08000180   0x00000004   Code   RO         5842    .ARM.Collect$$rtexit$$00000003  c_w.l(rtexit2.o)
    0x08000184   0x08000184   0x00000006   Code   RO         5843    .ARM.Collect$$rtexit$$00000004  c_w.l(rtexit2.o)
    0x0800018a   0x0800018a   0x00000002   PAD
    0x0800018c   0x0800018c   0x00000096   Code   RO         5293    .emb_text           port.o
    0x08000222   0x08000222   0x00000002   PAD
    0x08000224   0x08000224   0x00000040   Code   RO            4    .text               startup_stm32f103xb.o
    0x08000264   0x08000264   0x00000002   Code   RO         5526    .text               c_w.l(use_no_semi_2.o)
    0x08000266   0x08000266   0x00000002   PAD
    0x08000268   0x08000268   0x00000018   Code   RO         5532    .text               c_w.l(__2printf.o)
    0x08000280   0x08000280   0x0000008a   Code   RO         5538    .text               c_w.l(rt_memcpy_v6.o)
    0x0800030a   0x0800030a   0x00000010   Code   RO         5542    .text               c_w.l(aeabi_memset.o)
    0x0800031a   0x0800031a   0x0000004e   Code   RO         5544    .text               c_w.l(rt_memclr_w.o)
    0x08000368   0x08000368   0x00000006   Code   RO         5546    .text               c_w.l(heapauxi.o)
    0x0800036e   0x0800036e   0x00000002   Code   RO         5580    .text               c_w.l(use_no_semi.o)
    0x08000370   0x08000370   0x00000030   Code   RO         5595    .text               c_w.l(_printf_char_common.o)
    0x080003a0   0x080003a0   0x00000024   Code   RO         5599    .text               c_w.l(_printf_char_file.o)
    0x080003c4   0x080003c4   0x00000188   Code   RO         5650    .text               c_w.l(__printf_flags_ss_wp.o)
    0x0800054c   0x0800054c   0x00000064   Code   RO         5676    .text               c_w.l(rt_memcpy_w.o)
    0x080005b0   0x080005b0   0x00000044   Code   RO         5678    .text               c_w.l(rt_memclr.o)
    0x080005f4   0x080005f4   0x00000008   Code   RO         5728    .text               c_w.l(ferror.o)
    0x080005fc   0x080005fc   0x0000004a   Code   RO         5734    .text               c_w.l(sys_stackheap_outer.o)
    0x08000646   0x08000646   0x00000012   Code   RO         5773    .text               c_w.l(exit.o)
    0x08000658   0x08000658   0x00000008   Code   RO         5785    .text               c_w.l(libspace.o)
    0x08000660   0x08000660   0x000000c8   Code   RO          232    i.ADC_ReadTask      freertos.o
    0x08000728   0x08000728   0x0000002c   Code   RO         5373    i.App_Tab_Get_CRC16  crc.o
    0x08000754   0x08000754   0x00000002   Code   RO          576    i.BusFault_Handler  stm32f1xx_it.o
    0x08000756   0x08000756   0x00000002   PAD
    0x08000758   0x08000758   0x0000000c   Code   RO          577    i.DMA1_Channel2_IRQHandler  stm32f1xx_it.o
    0x08000764   0x08000764   0x0000000c   Code   RO          578    i.DMA1_Channel3_IRQHandler  stm32f1xx_it.o
    0x08000770   0x08000770   0x0000000c   Code   RO          579    i.DMA1_Channel4_IRQHandler  stm32f1xx_it.o
    0x0800077c   0x0800077c   0x0000000c   Code   RO          580    i.DMA1_Channel5_IRQHandler  stm32f1xx_it.o
    0x08000788   0x08000788   0x0000000c   Code   RO          581    i.DMA1_Channel6_IRQHandler  stm32f1xx_it.o
    0x08000794   0x08000794   0x0000000c   Code   RO          582    i.DMA1_Channel7_IRQHandler  stm32f1xx_it.o
    0x080007a0   0x080007a0   0x0000002c   Code   RO         2174    i.DMA_SetConfig     stm32f1xx_hal_dma.o
    0x080007cc   0x080007cc   0x00000002   Code   RO          583    i.DebugMon_Handler  stm32f1xx_it.o
    0x080007ce   0x080007ce   0x00000002   PAD
    0x080007d0   0x080007d0   0x00000038   Code   RO          584    i.EXTI1_IRQHandler  stm32f1xx_it.o
    0x08000808   0x08000808   0x00000004   Code   RO           13    i.Error_Handler     main.o
    0x0800080c   0x0800080c   0x00000046   Code   RO         2175    i.HAL_DMA_Abort     stm32f1xx_hal_dma.o
    0x08000852   0x08000852   0x00000002   PAD
    0x08000854   0x08000854   0x00000098   Code   RO         2176    i.HAL_DMA_Abort_IT  stm32f1xx_hal_dma.o
    0x080008ec   0x080008ec   0x00000168   Code   RO         2180    i.HAL_DMA_IRQHandler  stm32f1xx_hal_dma.o
    0x08000a54   0x08000a54   0x00000064   Code   RO         2181    i.HAL_DMA_Init      stm32f1xx_hal_dma.o
    0x08000ab8   0x08000ab8   0x00000074   Code   RO         2185    i.HAL_DMA_Start_IT  stm32f1xx_hal_dma.o
    0x08000b2c   0x08000b2c   0x00000002   Code   RO         2109    i.HAL_GPIO_EXTI_Callback  stm32f1xx_hal_gpio.o
    0x08000b2e   0x08000b2e   0x00000002   PAD
    0x08000b30   0x08000b30   0x00000018   Code   RO         2110    i.HAL_GPIO_EXTI_IRQHandler  stm32f1xx_hal_gpio.o
    0x08000b48   0x08000b48   0x000001f0   Code   RO         2111    i.HAL_GPIO_Init     stm32f1xx_hal_gpio.o
    0x08000d38   0x08000d38   0x0000000e   Code   RO         2113    i.HAL_GPIO_ReadPin  stm32f1xx_hal_gpio.o
    0x08000d46   0x08000d46   0x0000000e   Code   RO         2115    i.HAL_GPIO_WritePin  stm32f1xx_hal_gpio.o
    0x08000d54   0x08000d54   0x0000000c   Code   RO         1800    i.HAL_GetTick       stm32f1xx_hal.o
    0x08000d60   0x08000d60   0x0000005e   Code   RO         2792    i.HAL_IWDG_Init     stm32f1xx_hal_iwdg.o
    0x08000dbe   0x08000dbe   0x0000000c   Code   RO         2793    i.HAL_IWDG_Refresh  stm32f1xx_hal_iwdg.o
    0x08000dca   0x08000dca   0x00000002   PAD
    0x08000dcc   0x08000dcc   0x00000010   Code   RO         1806    i.HAL_IncTick       stm32f1xx_hal.o
    0x08000ddc   0x08000ddc   0x00000024   Code   RO         1807    i.HAL_Init          stm32f1xx_hal.o
    0x08000e00   0x08000e00   0x00000098   Code   RO          730    i.HAL_InitTick      stm32f1xx_hal_timebase_tim.o
    0x08000e98   0x08000e98   0x00000048   Code   RO          706    i.HAL_MspInit       stm32f1xx_hal_msp.o
    0x08000ee0   0x08000ee0   0x0000001a   Code   RO         2271    i.HAL_NVIC_EnableIRQ  stm32f1xx_hal_cortex.o
    0x08000efa   0x08000efa   0x00000002   PAD
    0x08000efc   0x08000efc   0x00000040   Code   RO         2277    i.HAL_NVIC_SetPriority  stm32f1xx_hal_cortex.o
    0x08000f3c   0x08000f3c   0x00000024   Code   RO         2278    i.HAL_NVIC_SetPriorityGrouping  stm32f1xx_hal_cortex.o
    0x08000f60   0x08000f60   0x00000002   Code   RO         1963    i.HAL_RCC_CSSCallback  stm32f1xx_hal_rcc.o
    0x08000f62   0x08000f62   0x00000002   PAD
    0x08000f64   0x08000f64   0x00000154   Code   RO         1964    i.HAL_RCC_ClockConfig  stm32f1xx_hal_rcc.o
    0x080010b8   0x080010b8   0x0000000c   Code   RO         1967    i.HAL_RCC_EnableCSS  stm32f1xx_hal_rcc.o
    0x080010c4   0x080010c4   0x0000003c   Code   RO         1968    i.HAL_RCC_GetClockConfig  stm32f1xx_hal_rcc.o
    0x08001100   0x08001100   0x0000000c   Code   RO         1969    i.HAL_RCC_GetHCLKFreq  stm32f1xx_hal_rcc.o
    0x0800110c   0x0800110c   0x00000020   Code   RO         1971    i.HAL_RCC_GetPCLK1Freq  stm32f1xx_hal_rcc.o
    0x0800112c   0x0800112c   0x00000020   Code   RO         1972    i.HAL_RCC_GetPCLK2Freq  stm32f1xx_hal_rcc.o
    0x0800114c   0x0800114c   0x0000004c   Code   RO         1973    i.HAL_RCC_GetSysClockFreq  stm32f1xx_hal_rcc.o
    0x08001198   0x08001198   0x00000018   Code   RO         1975    i.HAL_RCC_NMI_IRQHandler  stm32f1xx_hal_rcc.o
    0x080011b0   0x080011b0   0x00000384   Code   RO         1976    i.HAL_RCC_OscConfig  stm32f1xx_hal_rcc.o
    0x08001534   0x08001534   0x00000002   Code   RO         2829    i.HAL_SPI_ErrorCallback  stm32f1xx_hal_spi.o
    0x08001536   0x08001536   0x00000002   PAD
    0x08001538   0x08001538   0x000000f0   Code   RO         2832    i.HAL_SPI_IRQHandler  stm32f1xx_hal_spi.o
    0x08001628   0x08001628   0x000000b4   Code   RO         2833    i.HAL_SPI_Init      stm32f1xx_hal_spi.o
    0x080016dc   0x080016dc   0x000000e4   Code   RO          384    i.HAL_SPI_MspInit   spi.o
    0x080017c0   0x080017c0   0x00000002   Code   RO         2839    i.HAL_SPI_RxCpltCallback  stm32f1xx_hal_spi.o
    0x080017c2   0x080017c2   0x00000002   Code   RO         2840    i.HAL_SPI_RxHalfCpltCallback  stm32f1xx_hal_spi.o
    0x080017c4   0x080017c4   0x00000128   Code   RO         2843    i.HAL_SPI_TransmitReceive_DMA  stm32f1xx_hal_spi.o
    0x080018ec   0x080018ec   0x000000d0   Code   RO          385    i.HAL_SPI_TxRxCpltCallback  spi.o
    0x080019bc   0x080019bc   0x00000002   Code   RO         2850    i.HAL_SPI_TxRxHalfCpltCallback  stm32f1xx_hal_spi.o
    0x080019be   0x080019be   0x00000002   Code   RO         1522    i.HAL_TIMEx_BreakCallback  stm32f1xx_hal_tim_ex.o
    0x080019c0   0x080019c0   0x00000002   Code   RO         1523    i.HAL_TIMEx_CommutCallback  stm32f1xx_hal_tim_ex.o
    0x080019c2   0x080019c2   0x00000002   PAD
    0x080019c4   0x080019c4   0x00000068   Code   RO         1541    i.HAL_TIMEx_MasterConfigSynchronization  stm32f1xx_hal_tim_ex.o
    0x08001a2c   0x08001a2c   0x0000004a   Code   RO          807    i.HAL_TIM_Base_Init  stm32f1xx_hal_tim.o
    0x08001a76   0x08001a76   0x00000002   PAD
    0x08001a78   0x08001a78   0x00000038   Code   RO          448    i.HAL_TIM_Base_MspInit  tim.o
    0x08001ab0   0x08001ab0   0x00000064   Code   RO          812    i.HAL_TIM_Base_Start_IT  stm32f1xx_hal_tim.o
    0x08001b14   0x08001b14   0x00000030   Code   RO          815    i.HAL_TIM_Base_Stop_IT  stm32f1xx_hal_tim.o
    0x08001b44   0x08001b44   0x000000e8   Code   RO          816    i.HAL_TIM_ConfigClockSource  stm32f1xx_hal_tim.o
    0x08001c2c   0x08001c2c   0x00000002   Code   RO          841    i.HAL_TIM_IC_CaptureCallback  stm32f1xx_hal_tim.o
    0x08001c2e   0x08001c2e   0x00000138   Code   RO          855    i.HAL_TIM_IRQHandler  stm32f1xx_hal_tim.o
    0x08001d66   0x08001d66   0x00000002   Code   RO          858    i.HAL_TIM_OC_DelayElapsedCallback  stm32f1xx_hal_tim.o
    0x08001d68   0x08001d68   0x00000002   Code   RO          885    i.HAL_TIM_PWM_PulseFinishedCallback  stm32f1xx_hal_tim.o
    0x08001d6a   0x08001d6a   0x00000002   PAD
    0x08001d6c   0x08001d6c   0x00000014   Code   RO           14    i.HAL_TIM_PeriodElapsedCallback  main.o
    0x08001d80   0x08001d80   0x00000002   Code   RO          898    i.HAL_TIM_TriggerCallback  stm32f1xx_hal_tim.o
    0x08001d82   0x08001d82   0x00000002   Code   RO         3156    i.HAL_UARTEx_RxEventCallback  stm32f1xx_hal_uart.o
    0x08001d84   0x08001d84   0x00000070   Code   RO         3168    i.HAL_UART_DMAStop  stm32f1xx_hal_uart.o
    0x08001df4   0x08001df4   0x00000002   Code   RO         3170    i.HAL_UART_ErrorCallback  stm32f1xx_hal_uart.o
    0x08001df6   0x08001df6   0x00000002   PAD
    0x08001df8   0x08001df8   0x00000230   Code   RO         3173    i.HAL_UART_IRQHandler  stm32f1xx_hal_uart.o
    0x08002028   0x08002028   0x00000066   Code   RO         3174    i.HAL_UART_Init     stm32f1xx_hal_uart.o
    0x0800208e   0x0800208e   0x00000002   PAD
    0x08002090   0x08002090   0x000001ac   Code   RO          490    i.HAL_UART_MspInit  usart.o
    0x0800223c   0x0800223c   0x0000001c   Code   RO         3178    i.HAL_UART_Receive_DMA  stm32f1xx_hal_uart.o
    0x08002258   0x08002258   0x00000002   Code   RO         3180    i.HAL_UART_RxCpltCallback  stm32f1xx_hal_uart.o
    0x0800225a   0x0800225a   0x00000002   Code   RO         3181    i.HAL_UART_RxHalfCpltCallback  stm32f1xx_hal_uart.o
    0x0800225c   0x0800225c   0x0000007c   Code   RO         3183    i.HAL_UART_Transmit_DMA  stm32f1xx_hal_uart.o
    0x080022d8   0x080022d8   0x00000002   Code   RO         3185    i.HAL_UART_TxCpltCallback  stm32f1xx_hal_uart.o
    0x080022da   0x080022da   0x00000002   Code   RO         3186    i.HAL_UART_TxHalfCpltCallback  stm32f1xx_hal_uart.o
    0x080022dc   0x080022dc   0x00000002   Code   RO          585    i.HardFault_Handler  stm32f1xx_it.o
    0x080022de   0x080022de   0x00000002   PAD
    0x080022e0   0x080022e0   0x00000090   Code   RO          233    i.HoldReg_Task      freertos.o
    0x08002370   0x08002370   0x00000014   Code   RO          234    i.IWDG_RefreshTask  freertos.o
    0x08002384   0x08002384   0x0000007c   Code   RO          329    i.MX_DMA_Init       dma.o
    0x08002400   0x08002400   0x00000164   Code   RO          235    i.MX_FREERTOS_Init  freertos.o
    0x08002564   0x08002564   0x000000ac   Code   RO          208    i.MX_GPIO_Init      gpio.o
    0x08002610   0x08002610   0x0000002c   Code   RO          353    i.MX_IWDG_Init      iwdg.o
    0x0800263c   0x0800263c   0x00000048   Code   RO          386    i.MX_SPI1_Init      spi.o
    0x08002684   0x08002684   0x00000064   Code   RO          449    i.MX_TIM2_Init      tim.o
    0x080026e8   0x080026e8   0x00000038   Code   RO          491    i.MX_USART1_UART_Init  usart.o
    0x08002720   0x08002720   0x00000038   Code   RO          492    i.MX_USART2_UART_Init  usart.o
    0x08002758   0x08002758   0x00000002   Code   RO          586    i.MemManage_Handler  stm32f1xx_it.o
    0x0800275a   0x0800275a   0x00000002   PAD
    0x0800275c   0x0800275c   0x00000074   Code   RO         5480    i.Modbus_03Reply    modbus.o
    0x080027d0   0x080027d0   0x00000054   Code   RO         5481    i.Modbus_06Reply    modbus.o
    0x08002824   0x08002824   0x00000158   Code   RO         5482    i.Modbus_Analysis   modbus.o
    0x0800297c   0x0800297c   0x00000006   Code   RO          587    i.NMI_Handler       stm32f1xx_it.o
    0x08002982   0x08002982   0x00000002   PAD
    0x08002984   0x08002984   0x00000024   Code   RO         1977    i.RCC_Delay         stm32f1xx_hal_rcc.o
    0x080029a8   0x080029a8   0x00000050   Code   RO          236    i.Run_LedTask       freertos.o
    0x080029f8   0x080029f8   0x0000000c   Code   RO          588    i.SPI1_IRQHandler   stm32f1xx_it.o
    0x08002a04   0x08002a04   0x00000010   Code   RO         2860    i.SPI_DMAAbortOnError  stm32f1xx_hal_spi.o
    0x08002a14   0x08002a14   0x00000022   Code   RO         2861    i.SPI_DMAError      stm32f1xx_hal_spi.o
    0x08002a36   0x08002a36   0x0000000a   Code   RO         2862    i.SPI_DMAHalfReceiveCplt  stm32f1xx_hal_spi.o
    0x08002a40   0x08002a40   0x0000000a   Code   RO         2864    i.SPI_DMAHalfTransmitReceiveCplt  stm32f1xx_hal_spi.o
    0x08002a4a   0x08002a4a   0x0000006c   Code   RO         2865    i.SPI_DMAReceiveCplt  stm32f1xx_hal_spi.o
    0x08002ab6   0x08002ab6   0x0000005a   Code   RO         2868    i.SPI_DMATransmitReceiveCplt  stm32f1xx_hal_spi.o
    0x08002b10   0x08002b10   0x00000070   Code   RO         2870    i.SPI_EndRxTransaction  stm32f1xx_hal_spi.o
    0x08002b80   0x08002b80   0x00000044   Code   RO         2871    i.SPI_EndRxTxTransaction  stm32f1xx_hal_spi.o
    0x08002bc4   0x08002bc4   0x000000bc   Code   RO         2876    i.SPI_WaitFlagStateUntilTimeout  stm32f1xx_hal_spi.o
    0x08002c80   0x08002c80   0x00000008   Code   RO          237    i.StartDefaultTask  freertos.o
    0x08002c88   0x08002c88   0x0000001a   Code   RO         4728    i.SysTick_Handler   cmsis_os2.o
    0x08002ca2   0x08002ca2   0x00000066   Code   RO           15    i.SystemClock_Config  main.o
    0x08002d08   0x08002d08   0x00000002   Code   RO         3518    i.SystemInit        system_stm32f1xx.o
    0x08002d0a   0x08002d0a   0x00000002   PAD
    0x08002d0c   0x08002d0c   0x00000094   Code   RO          589    i.TIM2_IRQHandler   stm32f1xx_it.o
    0x08002da0   0x08002da0   0x0000000c   Code   RO          590    i.TIM4_IRQHandler   stm32f1xx_it.o
    0x08002dac   0x08002dac   0x00000078   Code   RO          900    i.TIM_Base_SetConfig  stm32f1xx_hal_tim.o
    0x08002e24   0x08002e24   0x00000014   Code   RO          911    i.TIM_ETR_SetConfig  stm32f1xx_hal_tim.o
    0x08002e38   0x08002e38   0x00000010   Code   RO          912    i.TIM_ITRx_SetConfig  stm32f1xx_hal_tim.o
    0x08002e48   0x08002e48   0x00000022   Code   RO          918    i.TIM_TI1_ConfigInputStage  stm32f1xx_hal_tim.o
    0x08002e6a   0x08002e6a   0x00000024   Code   RO          920    i.TIM_TI2_ConfigInputStage  stm32f1xx_hal_tim.o
    0x08002e8e   0x08002e8e   0x00000010   Code   RO         3187    i.UART_DMAAbortOnError  stm32f1xx_hal_uart.o
    0x08002e9e   0x08002e9e   0x0000004a   Code   RO         3188    i.UART_DMAError     stm32f1xx_hal_uart.o
    0x08002ee8   0x08002ee8   0x00000086   Code   RO         3189    i.UART_DMAReceiveCplt  stm32f1xx_hal_uart.o
    0x08002f6e   0x08002f6e   0x0000001e   Code   RO         3191    i.UART_DMARxHalfCplt  stm32f1xx_hal_uart.o
    0x08002f8c   0x08002f8c   0x00000042   Code   RO         3193    i.UART_DMATransmitCplt  stm32f1xx_hal_uart.o
    0x08002fce   0x08002fce   0x0000000a   Code   RO         3195    i.UART_DMATxHalfCplt  stm32f1xx_hal_uart.o
    0x08002fd8   0x08002fd8   0x0000004e   Code   RO         3197    i.UART_EndRxTransfer  stm32f1xx_hal_uart.o
    0x08003026   0x08003026   0x0000001a   Code   RO         3198    i.UART_EndTransmit_IT  stm32f1xx_hal_uart.o
    0x08003040   0x08003040   0x0000001c   Code   RO         3199    i.UART_EndTxTransfer  stm32f1xx_hal_uart.o
    0x0800305c   0x0800305c   0x000000c8   Code   RO         3200    i.UART_Receive_IT   stm32f1xx_hal_uart.o
    0x08003124   0x08003124   0x000000b8   Code   RO         3201    i.UART_SetConfig    stm32f1xx_hal_uart.o
    0x080031dc   0x080031dc   0x00000094   Code   RO         3202    i.UART_Start_Receive_DMA  stm32f1xx_hal_uart.o
    0x08003270   0x08003270   0x0000005e   Code   RO         3204    i.UART_Transmit_IT  stm32f1xx_hal_uart.o
    0x080032ce   0x080032ce   0x00000002   PAD
    0x080032d0   0x080032d0   0x0000000c   Code   RO          591    i.USART1_IRQHandler  stm32f1xx_it.o
    0x080032dc   0x080032dc   0x000000c0   Code   RO          592    i.USART2_IRQHandler  stm32f1xx_it.o
    0x0800339c   0x0800339c   0x00000002   Code   RO          593    i.UsageFault_Handler  stm32f1xx_it.o
    0x0800339e   0x0800339e   0x00000002   PAD
    0x080033a0   0x080033a0   0x00000044   Code   RO          238    i.Usart2TxRx_Task   freertos.o
    0x080033e4   0x080033e4   0x00000020   Code   RO         2284    i.__NVIC_SetPriority  stm32f1xx_hal_cortex.o
    0x08003404   0x08003404   0x0000000e   Code   RO         5643    i._is_digit         c_w.l(__printf_wp.o)
    0x08003412   0x08003412   0x00000002   Code   RO          494    i._sys_exit         usart.o
    0x08003414   0x08003414   0x00000060   Code   RO         5403    i.adc_ConvertToData  tlc2543.o
    0x08003474   0x08003474   0x000000aa   Code   RO         5405    i.adc_Get_Average   tlc2543.o
    0x0800351e   0x0800351e   0x00000002   PAD
    0x08003520   0x08003520   0x00000084   Code   RO         5406    i.adc_LowPass_Filter  tlc2543.o
    0x080035a4   0x080035a4   0x00000018   Code   RO          496    i.fputc             usart.o
    0x080035bc   0x080035bc   0x00000032   Code   RO           16    i.main              main.o
    0x080035ee   0x080035ee   0x0000001c   Code   RO         4730    i.osDelay           cmsis_os2.o
    0x0800360a   0x0800360a   0x00000002   PAD
    0x0800360c   0x0800360c   0x00000028   Code   RO         4744    i.osKernelInitialize  cmsis_os2.o
    0x08003634   0x08003634   0x00000038   Code   RO         4747    i.osKernelStart     cmsis_os2.o
    0x0800366c   0x0800366c   0x0000007c   Code   RO         4764    i.osMessageQueueNew  cmsis_os2.o
    0x080036e8   0x080036e8   0x000000ba   Code   RO         4789    i.osThreadNew       cmsis_os2.o
    0x080037a2   0x080037a2   0x00000002   PAD
    0x080037a4   0x080037a4   0x00000060   Code   RO         4168    i.prvAddCurrentTaskToDelayedList  tasks.o
    0x08003804   0x08003804   0x00000088   Code   RO         4169    i.prvAddNewTaskToReadyList  tasks.o
    0x0800388c   0x0800388c   0x00000058   Code   RO         4544    i.prvCheckForValidListAndQueue  timers.o
    0x080038e4   0x080038e4   0x0000003c   Code   RO         4170    i.prvCheckTasksWaitingTermination  tasks.o
    0x08003920   0x08003920   0x00000028   Code   RO         3720    i.prvCopyDataFromQueue  queue.o
    0x08003948   0x08003948   0x0000006e   Code   RO         3721    i.prvCopyDataToQueue  queue.o
    0x080039b6   0x080039b6   0x00000040   Code   RO         4171    i.prvDeleteTCB      tasks.o
    0x080039f6   0x080039f6   0x00000002   PAD
    0x080039f8   0x080039f8   0x00000024   Code   RO         4545    i.prvGetNextExpireTime  timers.o
    0x08003a1c   0x08003a1c   0x0000004c   Code   RO         5238    i.prvHeapInit       heap_4.o
    0x08003a68   0x08003a68   0x00000028   Code   RO         4172    i.prvIdleTask       tasks.o
    0x08003a90   0x08003a90   0x00000026   Code   RO         3724    i.prvInitialiseNewQueue  queue.o
    0x08003ab6   0x08003ab6   0x000000a8   Code   RO         4173    i.prvInitialiseNewTask  tasks.o
    0x08003b5e   0x08003b5e   0x00000002   PAD
    0x08003b60   0x08003b60   0x00000058   Code   RO         4174    i.prvInitialiseTaskLists  tasks.o
    0x08003bb8   0x08003bb8   0x00000054   Code   RO         5239    i.prvInsertBlockIntoFreeList  heap_4.o
    0x08003c0c   0x08003c0c   0x00000040   Code   RO         4547    i.prvInsertTimerInActiveList  timers.o
    0x08003c4c   0x08003c4c   0x0000001a   Code   RO         3725    i.prvIsQueueEmpty   queue.o
    0x08003c66   0x08003c66   0x0000001e   Code   RO         3726    i.prvIsQueueFull    queue.o
    0x08003c84   0x08003c84   0x0000006e   Code   RO         3727    i.prvNotifyQueueSetContainer  queue.o
    0x08003cf2   0x08003cf2   0x00000002   PAD
    0x08003cf4   0x08003cf4   0x00000068   Code   RO         4548    i.prvProcessExpiredTimer  timers.o
    0x08003d5c   0x08003d5c   0x000000fc   Code   RO         4549    i.prvProcessReceivedCommands  timers.o
    0x08003e58   0x08003e58   0x0000006c   Code   RO         4550    i.prvProcessTimerOrBlockTask  timers.o
    0x08003ec4   0x08003ec4   0x00000024   Code   RO         4176    i.prvResetNextTaskUnblockTime  tasks.o
    0x08003ee8   0x08003ee8   0x0000002c   Code   RO         4551    i.prvSampleTimeNow  timers.o
    0x08003f14   0x08003f14   0x00000070   Code   RO         4552    i.prvSwitchTimerLists  timers.o
    0x08003f84   0x08003f84   0x0000002c   Code   RO         5294    i.prvTaskExitError  port.o
    0x08003fb0   0x08003fb0   0x00000014   Code   RO         4553    i.prvTimerTask      timers.o
    0x08003fc4   0x08003fc4   0x0000007c   Code   RO         3728    i.prvUnlockQueue    queue.o
    0x08004040   0x08004040   0x000000dc   Code   RO         5240    i.pvPortMalloc      heap_4.o
    0x0800411c   0x0800411c   0x0000001c   Code   RO         5295    i.pxPortInitialiseStack  port.o
    0x08004138   0x08004138   0x00000020   Code   RO         5408    i.tlc2543_Spi1_Start  tlc2543.o
    0x08004158   0x08004158   0x00000028   Code   RO         5409    i.tlc2543_Spi1_Stop  tlc2543.o
    0x08004180   0x08004180   0x00000026   Code   RO         3680    i.uxListRemove      list.o
    0x080041a6   0x080041a6   0x00000002   PAD
    0x080041a8   0x080041a8   0x00000014   Code   RO         4801    i.vApplicationGetIdleTaskMemory  cmsis_os2.o
    0x080041bc   0x080041bc   0x00000018   Code   RO         4802    i.vApplicationGetTimerTaskMemory  cmsis_os2.o
    0x080041d4   0x080041d4   0x00000016   Code   RO         3681    i.vListInitialise   list.o
    0x080041ea   0x080041ea   0x00000006   Code   RO         3682    i.vListInitialiseItem  list.o
    0x080041f0   0x080041f0   0x00000030   Code   RO         3683    i.vListInsert       list.o
    0x08004220   0x08004220   0x00000018   Code   RO         3684    i.vListInsertEnd    list.o
    0x08004238   0x08004238   0x00000040   Code   RO         5297    i.vPortEnterCritical  port.o
    0x08004278   0x08004278   0x0000002c   Code   RO         5298    i.vPortExitCritical  port.o
    0x080042a4   0x080042a4   0x00000064   Code   RO         5241    i.vPortFree         heap_4.o
    0x08004308   0x08004308   0x00000024   Code   RO         5299    i.vPortSetupTimerInterrupt  port.o
    0x0800432c   0x0800432c   0x00000054   Code   RO         5300    i.vPortValidateInterruptPriority  port.o
    0x08004380   0x08004380   0x00000024   Code   RO         3734    i.vQueueAddToRegistry  queue.o
    0x080043a4   0x080043a4   0x00000046   Code   RO         3738    i.vQueueWaitForMessageRestricted  queue.o
    0x080043ea   0x080043ea   0x00000002   PAD
    0x080043ec   0x080043ec   0x00000050   Code   RO         4189    i.vTaskDelay        tasks.o
    0x0800443c   0x0800443c   0x00000010   Code   RO         4194    i.vTaskInternalSetTimeOutState  tasks.o
    0x0800444c   0x0800444c   0x0000000c   Code   RO         4195    i.vTaskMissedYield  tasks.o
    0x08004458   0x08004458   0x00000034   Code   RO         4197    i.vTaskPlaceOnEventList  tasks.o
    0x0800448c   0x0800448c   0x0000003c   Code   RO         4198    i.vTaskPlaceOnEventListRestricted  tasks.o
    0x080044c8   0x080044c8   0x00000090   Code   RO         4206    i.vTaskStartScheduler  tasks.o
    0x08004558   0x08004558   0x00000010   Code   RO         4208    i.vTaskSuspendAll   tasks.o
    0x08004568   0x08004568   0x00000068   Code   RO         4209    i.vTaskSwitchContext  tasks.o
    0x080045d0   0x080045d0   0x000000a8   Code   RO         5301    i.xPortStartScheduler  port.o
    0x08004678   0x08004678   0x0000002c   Code   RO         5302    i.xPortSysTickHandler  port.o
    0x080046a4   0x080046a4   0x00000026   Code   RO         3739    i.xQueueAddToSet    queue.o
    0x080046ca   0x080046ca   0x00000008   Code   RO         3744    i.xQueueCreateSet   queue.o
    0x080046d2   0x080046d2   0x00000044   Code   RO         3745    i.xQueueGenericCreate  queue.o
    0x08004716   0x08004716   0x0000006c   Code   RO         3746    i.xQueueGenericCreateStatic  queue.o
    0x08004782   0x08004782   0x00000002   PAD
    0x08004784   0x08004784   0x0000008c   Code   RO         3747    i.xQueueGenericReset  queue.o
    0x08004810   0x08004810   0x0000018c   Code   RO         3748    i.xQueueGenericSend  queue.o
    0x0800499c   0x0800499c   0x000000de   Code   RO         3749    i.xQueueGenericSendFromISR  queue.o
    0x08004a7a   0x08004a7a   0x00000002   PAD
    0x08004a7c   0x08004a7c   0x0000013c   Code   RO         3758    i.xQueueReceive     queue.o
    0x08004bb8   0x08004bb8   0x00000012   Code   RO         3761    i.xQueueSelectFromSet  queue.o
    0x08004bca   0x08004bca   0x00000002   PAD
    0x08004bcc   0x08004bcc   0x0000007c   Code   RO         4211    i.xTaskCheckForTimeOut  tasks.o
    0x08004c48   0x08004c48   0x00000064   Code   RO         4212    i.xTaskCreate       tasks.o
    0x08004cac   0x08004cac   0x0000005c   Code   RO         4213    i.xTaskCreateStatic  tasks.o
    0x08004d08   0x08004d08   0x0000001c   Code   RO         4217    i.xTaskGetSchedulerState  tasks.o
    0x08004d24   0x08004d24   0x0000000c   Code   RO         4218    i.xTaskGetTickCount  tasks.o
    0x08004d30   0x08004d30   0x000000cc   Code   RO         4220    i.xTaskIncrementTick  tasks.o
    0x08004dfc   0x08004dfc   0x0000007c   Code   RO         4223    i.xTaskPriorityDisinherit  tasks.o
    0x08004e78   0x08004e78   0x00000078   Code   RO         4225    i.xTaskRemoveFromEventList  tasks.o
    0x08004ef0   0x08004ef0   0x000000c8   Code   RO         4226    i.xTaskResumeAll    tasks.o
    0x08004fb8   0x08004fb8   0x00000068   Code   RO         4562    i.xTimerCreateTimerTask  timers.o
    0x08005020   0x08005020   0x0000006c   Code   RO         4563    i.xTimerGenericCommand  timers.o
    0x0800508c   0x0800508c   0x0000005e   Code   RO         5550    x$fpl$dfix          fz_ws.l(dfix.o)
    0x080050ea   0x080050ea   0x0000002e   Code   RO         5555    x$fpl$dflt          fz_ws.l(dflt_clz.o)
    0x08005118   0x08005118   0x00000154   Code   RO         5560    x$fpl$dmul          fz_ws.l(dmul.o)
    0x0800526c   0x0800526c   0x0000009c   Code   RO         5680    x$fpl$dnaninf       fz_ws.l(dnaninf.o)
    0x08005308   0x08005308   0x0000000c   Code   RO         5682    x$fpl$dretinf       fz_ws.l(dretinf.o)
    0x08005314   0x08005314   0x000000c4   Code   RO         5562    x$fpl$fadd          fz_ws.l(faddsub_clz.o)
    0x080053d8   0x080053d8   0x0000003e   Code   RO         5568    x$fpl$ffixu         fz_ws.l(ffixu.o)
    0x08005416   0x08005416   0x00000002   PAD
    0x08005418   0x08005418   0x00000026   Code   RO         5572    x$fpl$ffltu         fz_ws.l(fflt_clz.o)
    0x0800543e   0x0800543e   0x00000002   PAD
    0x08005440   0x08005440   0x00000102   Code   RO         5578    x$fpl$fmul          fz_ws.l(fmul.o)
    0x08005542   0x08005542   0x0000008c   Code   RO         5684    x$fpl$fnaninf       fz_ws.l(fnaninf.o)
    0x080055ce   0x080055ce   0x0000000a   Code   RO         5686    x$fpl$fretinf       fz_ws.l(fretinf.o)
    0x080055d8   0x080055d8   0x000000ea   Code   RO         5564    x$fpl$fsub          fz_ws.l(faddsub_clz.o)
    0x080056c2   0x080056c2   0x00000000   Code   RO         5696    x$fpl$usenofp       fz_ws.l(usenofp.o)
    0x080056c2   0x080056c2   0x00000002   PAD
    0x080056c4   0x080056c4   0x00000138   Data   RO          240    .constdata          freertos.o
    0x080057fc   0x080057fc   0x00000012   Data   RO         1978    .constdata          stm32f1xx_hal_rcc.o
    0x0800580e   0x0800580e   0x00000010   Data   RO         3519    .constdata          system_stm32f1xx.o
    0x0800581e   0x0800581e   0x00000008   Data   RO         3520    .constdata          system_stm32f1xx.o
    0x08005826   0x08005826   0x00000200   Data   RO         5374    .constdata          crc.o
    0x08005a26   0x08005a26   0x00000011   Data   RO         5651    .constdata          c_w.l(__printf_flags_ss_wp.o)
    0x08005a37   0x08005a37   0x00000001   PAD
    0x08005a38   0x08005a38   0x0000008f   Data   RO          241    .conststring        freertos.o
    0x08005ac7   0x08005ac7   0x00000001   PAD
    0x08005ac8   0x08005ac8   0x00000020   Data   RO         5908    Region$$Table       anon$$obj.o


    Execution Region RW_IRAM1 (Exec base: 0x20000000, Load base: 0x08005ae8, Size: 0x000041d8, Max: 0x00005000, ABSOLUTE)

    Exec Addr    Load Addr    Size         Type   Attr      Idx    E Section Name        Object

    0x20000000   0x08005ae8   0x00000032   Data   RW          242    .data               freertos.o
    0x20000032   0x08005b1a   0x00000002   PAD
    0x20000034   0x08005b1c   0x00000004   Data   RW          500    .data               usart.o
    0x20000038   0x08005b20   0x0000000c   Data   RW         1814    .data               stm32f1xx_hal.o
    0x20000044   0x08005b2c   0x00000004   Data   RW         3521    .data               system_stm32f1xx.o
    0x20000048   0x08005b30   0x0000003c   Data   RW         4229    .data               tasks.o
    0x20000084   0x08005b6c   0x00000014   Data   RW         4571    .data               timers.o
    0x20000098   0x08005b80   0x00000004   Data   RW         4804    .data               cmsis_os2.o
    0x2000009c   0x08005b84   0x00000020   Data   RW         5247    .data               heap_4.o
    0x200000bc   0x08005ba4   0x0000000c   Data   RW         5303    .data               port.o
    0x200000c8   0x08005bb0   0x00000002   Data   RW         5412    .data               tlc2543.o
    0x200000ca   0x08005bb2   0x00000002   Data   RW         5413    .data               tlc2543.o
    0x200000cc   0x08005bb4   0x00000008   Data   RW         5414    .data               tlc2543.o
    0x200000d4   0x08005bbc   0x00000025   Data   RW         5415    .data               tlc2543.o
    0x200000f9   0x08005be1   0x00000001   PAD
    0x200000fa   0x08005be2   0x0000000c   Data   RW         5484    .data               modbus.o
    0x20000106   0x08005bee   0x00000002   PAD
    0x20000108        -       0x000000d0   Zero   RW          239    .bss                freertos.o
    0x200001d8        -       0x0000000c   Zero   RW          354    .bss                iwdg.o
    0x200001e4        -       0x000000e0   Zero   RW          387    .bss                spi.o
    0x200002c4        -       0x00000048   Zero   RW          450    .bss                tim.o
    0x2000030c   0x08005bee   0x00000004   PAD
    0x20000310        -       0x00000033   Zero   RW          498    .bss                usart.o
    0x20000343   0x08005bee   0x00000005   PAD
    0x20000348        -       0x000001d4   Zero   RW          499    .bss                usart.o
    0x2000051c        -       0x00000048   Zero   RW          733    .bss                stm32f1xx_hal_timebase_tim.o
    0x20000564        -       0x00000040   Zero   RW         3765    .bss                queue.o
    0x200005a4        -       0x000004c4   Zero   RW         4228    .bss                tasks.o
    0x20000a68        -       0x0000011c   Zero   RW         4570    .bss                timers.o
    0x20000b84        -       0x000006b8   Zero   RW         4803    .bss                cmsis_os2.o
    0x2000123c        -       0x00002800   Zero   RW         5246    .bss                heap_4.o
    0x20003a3c        -       0x0000004a   Zero   RW         5410    .bss                tlc2543.o
    0x20003a86   0x08005bee   0x00000002   PAD
    0x20003a88        -       0x000000d8   Zero   RW         5411    .bss                tlc2543.o
    0x20003b60        -       0x00000012   Zero   RW         5483    .bss                modbus.o
    0x20003b72   0x08005bee   0x00000002   PAD
    0x20003b74        -       0x00000060   Zero   RW         5786    .bss                c_w.l(libspace.o)
    0x20003bd4   0x08005bee   0x00000004   PAD
    0x20003bd8        -       0x00000200   Zero   RW            2    HEAP                startup_stm32f103xb.o
    0x20003dd8        -       0x00000400   Zero   RW            1    STACK               startup_stm32f103xb.o


==============================================================================

Image component sizes


      Code (inc. data)   RO Data    RW Data    ZI Data      Debug   Object Name

       504         24          0          4       1720      51643   cmsis_os2.o
        44          4        512          0          0       1422   crc.o
       124          4          0          0          0        842   dma.o
         0          0          0          0          0      19724   event_groups.o
       876        292        455         50        208      13389   freertos.o
       172         16          0          0          0        991   gpio.o
       480         26          0         32      10240       5039   heap_4.o
        44          8          0          0         12        755   iwdg.o
       138          0          0          0          0       3562   list.o
       176          6          0          0          0     450494   main.o
       544        144          0         12         18       3785   modbus.o
       662         70          0         12          0      11117   port.o
      1898         22          0          0         64      22055   queue.o
       508         98          0          0        224       8680   spi.o
        64         26        236          0       1536        836   startup_stm32f103xb.o
        64         14          0         12          0       4786   stm32f1xx_hal.o
       158         14          0          0          0      28386   stm32f1xx_hal_cortex.o
       842         38          0          0          0       5226   stm32f1xx_hal_dma.o
       550         38          0          0          0       4747   stm32f1xx_hal_gpio.o
       106          0          0          0          0       1947   stm32f1xx_hal_iwdg.o
        72         10          0          0          0        946   stm32f1xx_hal_msp.o
      1526        106         18          0          0       9060   stm32f1xx_hal_rcc.o
      1360         30          0          0          0      12267   stm32f1xx_hal_spi.o
      1000         26          0          0          0      10538   stm32f1xx_hal_tim.o
       108         14          0          0          0       2557   stm32f1xx_hal_tim_ex.o
       152         20          0          0         72       1623   stm32f1xx_hal_timebase_tim.o
      2026         38          0          0          0      17995   stm32f1xx_hal_uart.o
       520        188          0          0          0      10423   stm32f1xx_it.o
         0          0          0          0          0        392   stream_buffer.o
         2          0         24          4          0       1191   system_stm32f1xx.o
      2176        186          0         60       1220      27982   tasks.o
       156         12          0          0         72       1754   tim.o
      1040         88          0         20        284      30895   timers.o
       470         38          0         49        290       5974   tlc2543.o
       566         46          0          4        519       8621   usart.o

    ----------------------------------------------------------------------
     19190       1646       1278        264      16492     781644   Object Totals
         0          0         32          0          0          0   (incl. Generated)
        62          0          1          5         13          0   (incl. Padding)

    ----------------------------------------------------------------------

      Code (inc. data)   RO Data    RW Data    ZI Data      Debug   Library Member Name

        24          4          0          0          0         84   __2printf.o
         8          0          0          0          0         68   __main.o
       392          4         17          0          0         92   __printf_flags_ss_wp.o
        14          0          0          0          0         68   __printf_wp.o
         0          0          0          0          0          0   __rtentry.o
        12          0          0          0          0          0   __rtentry2.o
         6          0          0          0          0          0   __rtentry4.o
        52          8          0          0          0          0   __scatter.o
        26          0          0          0          0          0   __scatter_copy.o
        28          0          0          0          0          0   __scatter_zi.o
        48          6          0          0          0         96   _printf_char_common.o
        36          4          0          0          0         80   _printf_char_file.o
         0          0          0          0          0          0   _printf_percent.o
         4          0          0          0          0          0   _printf_percent_end.o
        16          0          0          0          0         68   aeabi_memset.o
        18          0          0          0          0         80   exit.o
         8          0          0          0          0         68   ferror.o
         6          0          0          0          0        152   heapauxi.o
         2          0          0          0          0          0   libinit.o
         2          0          0          0          0          0   libinit2.o
         2          0          0          0          0          0   libshutdown.o
         2          0          0          0          0          0   libshutdown2.o
         8          4          0          0         96         68   libspace.o
        68          0          0          0          0         68   rt_memclr.o
        78          0          0          0          0         80   rt_memclr_w.o
       138          0          0          0          0         68   rt_memcpy_v6.o
       100          0          0          0          0         80   rt_memcpy_w.o
         2          0          0          0          0          0   rtexit.o
        10          0          0          0          0          0   rtexit2.o
        74          0          0          0          0         80   sys_stackheap_outer.o
         2          0          0          0          0         68   use_no_semi.o
         2          0          0          0          0         68   use_no_semi_2.o
        94          4          0          0          0         92   dfix.o
        46          0          0          0          0         68   dflt_clz.o
       340         12          0          0          0        104   dmul.o
       156          4          0          0          0         92   dnaninf.o
        12          0          0          0          0         68   dretinf.o
       430          8          0          0          0        168   faddsub_clz.o
        62          4          0          0          0         84   ffixu.o
        38          0          0          0          0         68   fflt_clz.o
       258          4          0          0          0         84   fmul.o
       140          4          0          0          0         84   fnaninf.o
        10          0          0          0          0         68   fretinf.o
         0          0          0          0          0          0   usenofp.o

    ----------------------------------------------------------------------
      2786         70         18          0        100       2416   Library Totals
        12          0          1          0          4          0   (incl. Padding)

    ----------------------------------------------------------------------

      Code (inc. data)   RO Data    RW Data    ZI Data      Debug   Library Name

      1188         30         17          0         96       1436   c_w.l
      1586         40          0          0          0        980   fz_ws.l

    ----------------------------------------------------------------------
      2786         70         18          0        100       2416   Library Totals

    ----------------------------------------------------------------------

==============================================================================


      Code (inc. data)   RO Data    RW Data    ZI Data      Debug   

     21976       1716       1296        264      16592     771420   Grand Totals
     21976       1716       1296        264      16592     771420   ELF Image Totals
     21976       1716       1296        264          0          0   ROM Totals

==============================================================================

    Total RO  Size (Code + RO Data)                23272 (  22.73kB)
    Total RW  Size (RW Data + ZI Data)             16856 (  16.46kB)
    Total ROM Size (Code + RO Data + RW Data)      23536 (  22.98kB)

==============================================================================

